W/Checkin (  101): Can't update stat PHONE_GSM_REGISTERED: java.lang.IllegalArgumentException: Unknown URL content://android.server.checkin/stats
I/ActivityThread(  166): Publishing provider downloads: com.android.providers.downloads.DownloadProvider
I/ActivityThread(  166): Publishing provider drm: com.android.providers.drm.DrmProvider
D/dalvikvm(   53): GC freed 9464 objects / 530368 bytes in 272ms
I/ActivityManager(   53): Starting activity: Intent { act=android.intent.action.MAIN flg=0x10000000 cmp=com.rhomobile.uspersona/com.rhomobile.rhodes.RhodesActivity }
I/ActivityThread(  166): Publishing provider media: com.android.providers.media.MediaProvider
D/AndroidRuntime(  162): Shutting down VM
D/dalvikvm(  162): DestroyJavaVM waiting for non-daemon threads to exit
D/dalvikvm(  162): DestroyJavaVM shutting VM down
D/dalvikvm(  162): HeapWorker thread shutting down
D/dalvikvm(  162): HeapWorker thread has shut down
D/jdwp    (  162): JDWP shutting down net...
D/jdwp    (  162): Got wake-up signal, bailing out of select
I/dalvikvm(  162): Debugger has detached; object registry had 1 entries
D/dalvikvm(  162): VM cleaning up
D/dalvikvm(  162): LinearAlloc 0x0 used 676828 of 4194304 (16%)
D/GpsLocationProvider(   53): state: DISCONNECTED apnName: null reason: radioTurnedOff
D/HomeLoaders(  103): aborting loaders
D/GpsLocationProvider(   53): state: DISCONNECTED apnName: null reason: gprsDetached
D/GpsLocationProvider(   53): state: DISCONNECTED apnName: null reason: null
D/StatusBar(   53): updateResources
V/MediaProvider(  166): Attached volume: internal
V/MediaProvider(  166): /sdcard volume ID: 502414356
W/ActivityManager(   53): Activity pause timeout for HistoryRecord{438a87f0 com.android.launcher/.Launcher}
I/ActivityManager(   53): Start proc com.rhomobile.uspersona for activity com.rhomobile.uspersona/com.rhomobile.rhodes.RhodesActivity: pid=186 uid=10028 gids={3003}
I/jdwp    (  186): received file descriptor 20 from ADB
D/TelephonyProvider(  101): Setting numeric '310260' to be the current operator
E/ActivityThread(  101): Failed to find provider info for android.server.checkin
W/Checkin (  101): Can't update stat PHONE_GPRS_ATTEMPTED: java.lang.IllegalArgumentException: Unknown URL content://android.server.checkin/stats
D/GpsLocationProvider(   53): state: CONNECTING apnName: epc.tmobile.com reason: simLoaded
E/ActivityThread(  101): Failed to find provider info for android.server.checkin
W/Checkin (  101): Can't update stat PHONE_GPRS_CONNECTED: java.lang.IllegalArgumentException: Unknown URL content://android.server.checkin/stats
D/MobileDataStateTracker(   53): CONNECTED event did not supply interface name.
D/MobileDataStateTracker(   53): DNS server addresses are not known.
D/GpsLocationProvider(   53): state: CONNECTED apnName: epc.tmobile.com reason: simLoaded
D/ddm-heap(  186): Got feature list request
D/GpsLocationProvider(   53): updateNetworkState available
D/GpsLocationProvider(   53): NetworkThread wait for 9223372036854775807ms
V/MediaProvider(  166): Attached volume: external
D/dalvikvm(  103): GC freed 4509 objects / 252896 bytes in 718ms
D/MediaPlayer(   53): Couldn't open file on client side, trying server side
D/ActivityManager(   53): checkComponentPermission() adjusting {pid,uid} to {31,1013}
I/ActivityManager(   53): Start proc com.android.alarmclock for broadcast com.android.alarmclock/.AlarmInitReceiver: pid=197 uid=10017 gids={}
D/ActivityManager(   53): checkComponentPermission() adjusting {pid,uid} to {31,1013}
D/dalvikvm(  186): Trying to load lib /data/data/com.rhomobile.uspersona/lib/librhodes.so 0x437583c0
D/ActivityManager(   53): checkComponentPermission() adjusting {pid,uid} to {31,1013}
D/MediaScannerService(  166): start scanning volume internal
I/jdwp    (  197): received file descriptor 10 from ADB
D/ActivityManager(   53): checkComponentPermission() adjusting {pid,uid} to {31,1013}
D/dalvikvm(  186): Added shared lib /data/data/com.rhomobile.uspersona/lib/librhodes.so 0x437583c0
D/ddm-heap(  197): Got feature list request
D/ActivityManager(   53): checkComponentPermission() adjusting {pid,uid} to {31,1013}
D/ActivityManager(   53): checkComponentPermission() adjusting {pid,uid} to {31,1013}
E/MediaPlayerService(   31): Couldn't open fd for content://settings/system/notification_sound
E/MediaPlayer(   53): Unable to to create media player
W/NotificationService(   53): error loading sound for content://settings/system/notification_sound
W/NotificationService(   53): java.io.IOException: setDataSource failed.: status=0x80000000
W/NotificationService(   53): 	at android.media.MediaPlayer.setDataSource(Native Method)
W/NotificationService(   53): 	at android.media.MediaPlayer.setDataSource(MediaPlayer.java:621)
W/NotificationService(   53): 	at android.media.AsyncPlayer$Thread.run(AsyncPlayer.java:76)
I/ActivityThread(  186): Publishing provider com.rhomobile.uspersona: com.rhomobile.rhodes.LocalFileProvider
W/NotificationService(   53): STOP command without a player
I/ActivityThread(  197): Publishing provider com.android.alarmclock: com.android.alarmclock.AlarmProvider
W/ServiceManager(   31): Permission failure: android.permission.CAMERA from uid=10028 pid=186
E/CameraService(   31): Permission Denial: can't use the camera pid=186, uid=10028
D/dalvikvm(  186): +++ not scanning '/system/lib/libwebcore.so' for 'E' (wrong CL)
D/dalvikvm(  186): +++ not scanning '/system/lib/libexif.so' for 'E' (wrong CL)
D/dalvikvm(  186): +++ not scanning '/system/lib/libwebcore.so' for 'isTitleEnabled' (wrong CL)
D/dalvikvm(  186): +++ not scanning '/system/lib/libexif.so' for 'isTitleEnabled' (wrong CL)
D/HomeLoaders(  103): load applications
D/HomeLoaders(  103): loading user items
D/HomeLoaders(  103):   --> starting workspace loader
D/HomeLoaders(  103):   ----> running workspace loader (2)
D/dalvikvm(   53): GREF has increased to 301
D/Camera-JNI(  186): release camera
D/dalvikvm(  186): GC freed 1672 objects / 137080 bytes in 299ms
I/ActivityManager(   53): Start proc com.android.mms for broadcast com.android.mms/.transaction.MmsSystemEventReceiver: pid=207 uid=10021 gids={3003, 1015}
D/dalvikvm(  103): GC freed 1291 objects / 71568 bytes in 291ms
I/jdwp    (  207): received file descriptor 10 from ADB
D/ddm-heap(  207): Got feature list request
I/RhodesActivity(  186): >>>>>>>>>>>>>>> onCreate()
D/dalvikvm(  186): +++ not scanning '/system/lib/libwebcore.so' for 'T' (wrong CL)
D/dalvikvm(  186): +++ not scanning '/system/lib/libexif.so' for 'T' (wrong CL)
D/dalvikvm(  186): +++ not scanning '/system/lib/libwebcore.so' for 'I' (wrong CL)
D/dalvikvm(  186): +++ not scanning '/system/lib/libexif.so' for 'I' (wrong CL)
D/RhodesActivity(  186): RhodesActivity.onStart()
D/RhodesActivity(  186): RhodesActivity.onResume()
D/dalvikvm(  186): +++ not scanning '/system/lib/libwebcore.so' for 'initClassLoader' (wrong CL)
D/dalvikvm(  186): +++ not scanning '/system/lib/libexif.so' for 'initClassLoader' (wrong CL)
D/RhodesService(  186): Root path: null
D/RhoFileApi(  186): App root path: /data/data/com.rhomobile.uspersona/rhodata/
D/RhoFileApi(  186): Sqlite journals path: /data/data/com.rhomobile.uspersona/sqlite_stmt_journals/
D/dalvikvm(  186): +++ not scanning '/system/lib/libwebcore.so' for 'nativeInitPath' (wrong CL)
D/HomeLoaders(  103):   --> done loading workspace
D/HomeLoaders(  103):   ----> worskpace items=5
D/HomeLoaders(  103):   ----> worskpace widgets=0
D/HomeLoaders(  103):   ----> items cloned, ready to refresh UI
D/HomeLoaders(  103):   ----> onDesktopItemsLoaded()
D/Launcher(  103): ------> binding 5 items
D/Launcher(  103): ------> binding 0 widgets
D/Launcher(  103): ------> start binding items
D/HomeLoaders(  103):   ----> loading applications from workspace loader
D/dalvikvm(  186): +++ not scanning '/system/lib/libexif.so' for 'nativeInitPath' (wrong CL)
D/HomeLoaders(  103):   --> starting applications loader unlocked
D/dalvikvm(  186): +++ not scanning '/system/lib/libwebcore.so' for 'nativeInit' (wrong CL)
D/HomeLoaders(  103):   --> starting applications loader
D/dalvikvm(  186): +++ not scanning '/system/lib/libexif.so' for 'nativeInit' (wrong CL)
I/global  (  186): Default buffer size used in BufferedReader constructor. It would be better to be explicit if an 8k-char buffer is required.
D/HomeLoaders(  103):   ----> running applications loader (2)
D/dalvikvm(  186): +++ not scanning '/system/lib/libwebcore.so' for 'updateStatTable' (wrong CL)
D/dalvikvm(  186): +++ not scanning '/system/lib/libexif.so' for 'updateStatTable' (wrong CL)
D/dalvikvm(   53): GC freed 8186 objects / 673960 bytes in 265ms
I/RhodesService(  186): Application hash was changed
D/MediaScanner(  166): opendir /system/media/ failed, errno: 2
W/ActivityManager(   53): No content provider found for: 
D/RhoFileApi(  186): App root path: /data/data/com.rhomobile.uspersona/rhodata/
D/RhoFileApi(  186): Sqlite journals path: /data/data/com.rhomobile.uspersona/sqlite_stmt_journals/
I/global  (  186): Default buffer size used in BufferedReader constructor. It would be better to be explicit if an 8k-char buffer is required.
I/ActivityManager(   53): Stopping service: com.android.providers.downloads/.DownloadService
D/MediaScanner(  166):  prescan time: 1318ms
D/MediaScanner(  166):     scan time: 115ms
D/MediaScanner(  166): postscan time: 0ms
D/MediaScanner(  166):    total time: 1433ms
D/MediaScannerService(  166): done scanning volume internal
I/ActivityManager(   53): Stopping service: com.android.providers.media/.MediaScannerService
D/RhoFileApi(  186): Copy hash to FS
D/RhoFileApi(  186): File hash copied
D/dalvikvm(  186): +++ not scanning '/system/lib/libwebcore.so' for 'createRhodesApp' (wrong CL)
D/dalvikvm(  186): +++ not scanning '/system/lib/libexif.so' for 'createRhodesApp' (wrong CL)
I/APP     (  186): I 10/24/2011 04:17:23:305 000000d9         AppCallbacks| Starting main routine...
I/APP     (  186): I 10/24/2011 04:17:23:311 000000d9         AppCallbacks| ThreadQueue blocked for 4294967295 seconds...
I/APP     (  186): I 10/24/2011 04:17:23:311 000000ba            RhodesApp| Trying to get free listening port.
I/APP     (  186): I 10/24/2011 04:17:23:318 000000ba            RhodesApp| Trying to bind of 0 port...
I/APP     (  186): I 10/24/2011 04:17:23:319 000000ba            RhodesApp| Got port to bind on: 39017
I/APP     (  186): I 10/24/2011 04:17:23:321 000000ba            RhodesApp| Free listening port: 39017
D/dalvikvm(  186): +++ not scanning '/system/lib/libwebcore.so' for 'nativeStart' (wrong CL)
D/dalvikvm(  186): +++ not scanning '/system/lib/libexif.so' for 'nativeStart' (wrong CL)
I/ActivityManager(   53): Start proc com.svox.pico for broadcast com.svox.pico/.VoiceDataInstallerReceiver: pid=219 uid=10003 gids={}
D/dalvikvm(  186): +++ not scanning '/system/lib/libwebcore.so' for 'isExist' (wrong CL)
D/dalvikvm(  186): +++ not scanning '/system/lib/libexif.so' for 'isExist' (wrong CL)
I/APP     (  186): I 10/24/2011 04:17:23:569 000000ba               Rhodes| Loading...
I/jdwp    (  219): received file descriptor 10 from ADB
D/ddm-heap(  219): Got feature list request
D/MediaScannerService(  166): start scanning volume external
I/ActivityManager(   53): Stopping service: com.android.mms/.transaction.TransactionService
D/dalvikvm(  186): GC freed 5239 objects / 374800 bytes in 199ms
I/ActivityManager(   53): Stopping service: com.android.mms/.transaction.SmsReceiverService
D/dalvikvm(  186): +++ not scanning '/system/lib/libwebcore.so' for 'getInt' (wrong CL)
D/dalvikvm(  186): +++ not scanning '/system/lib/libexif.so' for 'getInt' (wrong CL)
D/dalvikvm(  186): +++ not scanning '/system/lib/libwebcore.so' for 'startRhodesApp' (wrong CL)
D/dalvikvm(  186): +++ not scanning '/system/lib/libexif.so' for 'startRhodesApp' (wrong CL)
I/APP     (  186): I 10/24/2011 04:17:24:918 000000ec            RhodesApp| Starting RhodesApp main routine...
D/dalvikvm(  186): +++ not scanning '/system/lib/libwebcore.so' for 'callActivationCallback' (wrong CL)
D/dalvikvm(  186): +++ not scanning '/system/lib/libexif.so' for 'callActivationCallback' (wrong CL)
I/APP     (  186): I 10/24/2011 04:17:24:932 000000ba            RhodesApp| callAppActiveCallback
I/APP     (  186): I 10/24/2011 04:17:24:933 000000ba         AppCallbacks| addCommand: APP-ACTIVATED
I/APP     (  186): I 10/24/2011 04:17:24:935 000000d9         AppCallbacks| Received command APP-ACTIVATED which is greater than expected (LOCAL-SERVER-STARTED) - postpone it
I/APP     (  186): I 10/24/2011 04:17:24:936 000000d9         AppCallbacks| ThreadQueue blocked for 4294967295 seconds...
I/APP     (  186): I 10/24/2011 04:17:24:937 000000ba         AppActivated| Cannot commit now, application will be activated when started.
I/APP     (  186): I 10/24/2011 04:17:24:938 000000ba            Undefined| Handlers have completed.
I/APP     (  186): I 10/24/2011 04:17:24:940 000000ba    RhodesApplication| New AppState: Undefined
D/dalvikvm(  186): +++ not scanning '/system/lib/libwebcore.so' for 'D' (wrong CL)
D/dalvikvm(  186): +++ not scanning '/system/lib/libexif.so' for 'D' (wrong CL)
I/APP     (  186): I 10/24/2011 04:17:24:981 000000ba        RhodesService| handleCommand: startId=1, source=com.rhomobile.rhodes.BaseActivity
I/APP     (  186): I 10/24/2011 04:17:24:982 000000ba        RhodesService| New activity was created
D/dalvikvm(  186): +++ not scanning '/system/lib/libwebcore.so' for 'callUiCreatedCallback' (wrong CL)
D/dalvikvm(  186): +++ not scanning '/system/lib/libexif.so' for 'callUiCreatedCallback' (wrong CL)
I/APP     (  186): I 10/24/2011 04:17:24:989 000000ba         AppCallbacks| addCommand: UI-CREATED
I/APP     (  186): I 10/24/2011 04:17:24:990 000000d9         AppCallbacks| Received command UI-CREATED which is greater than expected (LOCAL-SERVER-STARTED) - postpone it
I/APP     (  186): I 10/24/2011 04:17:24:990 000000d9         AppCallbacks| ThreadQueue blocked for 4294967295 seconds...
I/APP     (  186): I 10/24/2011 04:17:25:064 000000ba       RhodesActivity| onServiceConnected: {com.rhomobile.uspersona/com.rhomobile.rhodes.RhodesService}
D/dalvikvm(  186): +++ not scanning '/system/lib/libwebcore.so' for 'canStartApp' (wrong CL)
D/dalvikvm(  186): +++ not scanning '/system/lib/libexif.so' for 'canStartApp' (wrong CL)
I/APP     (  186): I 10/24/2011 04:17:25:083 000000ba            RhodesApp| New start params: 
D/dalvikvm(  186): +++ not scanning '/system/lib/libwebcore.so' for 'getBool' (wrong CL)
D/dalvikvm(  186): +++ not scanning '/system/lib/libexif.so' for 'getBool' (wrong CL)
I/ActivityManager(   53): Displayed activity com.rhomobile.uspersona/com.rhomobile.rhodes.RhodesActivity: 5549 ms (total 5549 ms)
V/MediaScanner(  166): pruneDeadThumbnailFiles... android.database.sqlite.SQLiteCursor@437aa758
I/ActivityManager(   53): Stopping service: com.android.providers.downloads/.DownloadService
I/APP     (  186): I 10/24/2011 04:17:25:507 000000ec              RhoRuby| Init_RhoBlobs: /data/data/com.rhomobile.uspersona/rhodata/db/db-files
V/MediaScanner(  166): /pruneDeadThumbnailFiles... android.database.sqlite.SQLiteCursor@437aa758
I/APP     (  186): I 10/24/2011 04:17:25:565 000000ec              RhoRuby| require_compiled: rhoframework
D/MediaScanner(  166):  prescan time: 968ms
D/HomeLoaders(  103):   ----> cleared application list
I/APP     (  186): I 10/24/2011 04:17:25:650 000000ec              RhoRuby| require_compiled: rational
D/MediaScanner(  166):     scan time: 107ms
D/MediaScanner(  166): postscan time: 284ms
I/APP     (  186): I 10/24/2011 04:17:25:677 000000ec              RhoRuby| require_compiled: rhom/rhom_db_adapter
D/MediaScanner(  166):    total time: 1359ms
I/APP     (  186): I 10/24/2011 04:17:25:774 000000ec              RhoRuby| require_compiled: rhodes
I/APP     (  186): I 10/24/2011 04:17:25:786 000000ec              RhoRuby| require_compiled: rhom/rhom_object
I/APP     (  186): I 10/24/2011 04:17:25:796 000000ec              RhoRuby| require_compiled: rhofsconnector
I/APP     (  186): I 10/24/2011 04:17:25:800 000000ec              RhoRuby| require_compiled: rho/rhofsconnector
I/APP     (  186): I 10/24/2011 04:17:25:815 000000ec              RhoRuby| require_compiled: rhom/rhom_object_factory
D/MediaScannerService(  166): done scanning volume external
I/ActivityManager(   53): Stopping service: com.android.providers.media/.MediaScannerService
I/APP     (  186): I 10/24/2011 04:17:26:115 000000ec              RhoRuby| require_compiled: rhom/rhom
I/APP     (  186): I 10/24/2011 04:17:26:142 000000ec              RhoRuby| require_compiled: rhom/rhom_model
I/APP     (  186): I 10/24/2011 04:17:26:170 000000ec              RhoRuby| require_compiled: rhom
I/APP     (  186): I 10/24/2011 04:17:26:176 000000ec              RhoRuby| require_compiled: rho/rhoapplication
I/APP     (  186): I 10/24/2011 04:17:26:211 000000ec              RhoRuby| require_compiled: rholang/localization_simplified
I/APP     (  186): I 10/24/2011 04:17:26:246 000000ec                  APP| Current locale: en; Country code: us
I/APP     (  186): I 10/24/2011 04:17:26:249 000000ec                  APP| file: /data/data/com.rhomobile.uspersona/rhodata/lib/rholang/lang_
I/APP     (  186): I 10/24/2011 04:17:26:252 000000ec              RhoRuby| require_compiled: /data/data/com.rhomobile.uspersona/rhodata/lib/rholang/lang_en
I/APP     (  186): I 10/24/2011 04:17:26:272 000000ec              RhoRuby| require_compiled: rho/rhomsg
I/APP     (  186): I 10/24/2011 04:17:26:278 000000ec                  APP| Current locale: en; Country code: us
I/APP     (  186): I 10/24/2011 04:17:26:279 000000ec                  APP| file: /data/data/com.rhomobile.uspersona/rhodata/lib/rholang/rhomsg_
I/APP     (  186): I 10/24/2011 04:17:26:283 000000ec              RhoRuby| require_compiled: /data/data/com.rhomobile.uspersona/rhodata/lib/rholang/rhomsg_en
I/APP     (  186): I 10/24/2011 04:17:26:289 000000ec              RhoRuby| require_compiled: rho/rhotabbar
I/APP     (  186): I 10/24/2011 04:17:26:300 000000ec              RhoRuby| require_compiled: rho/rhotoolbar
I/APP     (  186): I 10/24/2011 04:17:26:307 000000ec              RhoRuby| require_compiled: indifferent_access
I/APP     (  186): I 10/24/2011 04:17:26:330 000000ec              RhoRuby| require_compiled: rho/rhosupport
I/APP     (  186): I 10/24/2011 04:17:26:397 000000ec              RhoRuby| require_compiled: rho/rhocontroller
I/APP     (  186): I 10/24/2011 04:17:26:421 000000ec              RhoRuby| require_compiled: rho/render
I/APP     (  186): I 10/24/2011 04:17:26:481 000000ec              RhoRuby| require_compiled: rho/rho
I/APP     (  186): I 10/24/2011 04:17:26:681 000000ec              RhoRuby| require_compiled: rho/rhoerror
I/APP     (  186): I 10/24/2011 04:17:26:690 000000ec                  APP| Current locale: en; Country code: us
I/APP     (  186): I 10/24/2011 04:17:26:691 000000ec                  APP| file: /data/data/com.rhomobile.uspersona/rhodata/lib/rholang/rhoerror_
I/APP     (  186): I 10/24/2011 04:17:26:695 000000ec              RhoRuby| require_compiled: /data/data/com.rhomobile.uspersona/rhodata/lib/rholang/rhoerror_en
I/APP     (  186): I 10/24/2011 04:17:26:703 000000ec              RhoRuby| require_compiled: rhom/rhom_source
I/APP     (  186): I 10/24/2011 04:17:26:732 000000ec              RhoRuby| require_compiled: rho/rhoviewhelpers
I/APP     (  186): I 10/24/2011 04:17:26:754 000000ec              RhoRuby| require_compiled: rho
I/APP     (  186): I 10/24/2011 04:17:26:765 000000ec                  APP| RHO loaded
I/APP     (  186): I 10/24/2011 04:17:26:766 000000ec                  APP| Calling RHO.initialize
I/APP     (  186): I 10/24/2011 04:17:26:770 000000ec                   DB| Open DB: /data/data/com.rhomobile.uspersona/rhodata/db/syncdbuser.sqlite
I/APP     (  186): I 10/24/2011 04:17:26:960 000000ec            RhodesApp| Starting sync engine...
I/APP     (  186): I 10/24/2011 04:17:26:962 000000ec                 Sync| sync_poll_interval: 0
I/APP     (  186): I 10/24/2011 04:17:26:962 000000ec                 Sync| syncserver: 
I/APP     (  186): I 10/24/2011 04:17:26:963 000000ec                 Sync| bulksync_state: 0
I/APP     (  186): I 10/24/2011 04:17:26:971 000000ec            RhodesApp| RhoRubyInitApp...
I/APP     (  186): I 10/24/2011 04:17:26:972 000000ec                  APP| init_app
I/APP     (  186): I 10/24/2011 04:17:26:975 000000ec              RhoRuby| require_compiled: application
I/APP     (  186): I 10/24/2011 04:17:26:980 000000ec                  APP| Current locale: en; Country code: us
I/APP     (  186): I 10/24/2011 04:17:26:985 000000ec           HttpServer| Start HTTP server
I/APP     (  186): I 10/24/2011 04:17:26:988 000000ec           HttpServer| Listen for connections on port 39017
I/APP     (  186): I 10/24/2011 04:17:26:989 000000ec         AppCallbacks| addCommand: LOCAL-SERVER-STARTED
I/APP     (  186): I 10/24/2011 04:17:26:990 000000d9         AppCallbacks| process command: LOCAL-SERVER-STARTED
I/APP     (  186): I 10/24/2011 04:17:26:991 000000d9           AppStarted| Handlers have completed.
I/APP     (  186): I 10/24/2011 04:17:26:992 000000d9         AppActivated| Handlers have completed.
I/APP     (  186): I 10/24/2011 04:17:26:992 000000d9    RhodesApplication| New AppState: AppActivated
I/APP     (  186): I 10/24/2011 04:17:26:993 000000d9         AppCallbacks| process command: UI-CREATED
I/APP     (  186): I 10/24/2011 04:17:27:023 000000ec           HttpServer| Process URI: '/system/uicreated'
I/APP     (  186): I 10/24/2011 04:17:27:025 000000ec                  APP| on_ui_created.navigate to start url: '/app'
D/dalvikvm(  186): +++ not scanning '/system/lib/libwebcore.so' for 'howLongWaitMs' (wrong CL)
D/dalvikvm(  186): +++ not scanning '/system/lib/libexif.so' for 'howLongWaitMs' (wrong CL)
V/SplashScreen(  186): ms[1319429847033] $$$$$$$$$$$$$$$$$$$$$$$     DELAY for SplashScreen = 0
I/APP     (  186): I 10/24/2011 04:17:27:070 000000d9         AppCallbacks| process command: APP-ACTIVATED
V/SimpleMainView(  186): ms[1319429847141] processForNativeView : [http://localhost:39017/app]
D/dalvikvm(  186): +++ not scanning '/system/lib/libwebcore.so' for 'getFactoryHandleByViewType' (wrong CL)
D/dalvikvm(  186): +++ not scanning '/system/lib/libexif.so' for 'getFactoryHandleByViewType' (wrong CL)
I/APP     (  186): I 10/24/2011 04:17:27:145 000000ba       SimpleMainView| Cleared URL: http://localhost:39017/app
V/SimpleMainView.View(  186): ms[1319429847159]  Main Window :: onSizeChanged() old [ 480 x 762 ]  new [ 0 x 0 ]
I/APP     (  186): I 10/24/2011 04:17:27:203 000000ec           HttpServer| Process URI: '/system/activateapp'
I/APP     (  186): I 10/24/2011 04:17:27:258 000000d9         AppCallbacks| ThreadQueue blocked for 4294967295 seconds...
I/APP     (  186): I 10/24/2011 04:17:27:379 000000ec           HttpServer| Process URI: '/app'
I/APP     (  186): I 10/24/2011 04:17:27:503 000000ba     RhoWebViewClient| Loading URL: http://localhost:39017/app/index_erb.iseq
I/APP     (  186): I 10/24/2011 04:17:27:556 000000ec           HttpServer| Process URI: '/app/index_erb.iseq'
I/APP     (  186): I 10/24/2011 04:17:27:561 000000ec                  APP| RHO serve_index: /app/index_erb.iseq
I/APP     (  186): I 10/24/2011 04:17:27:564 000000ec RHO Rho::RhoController| inst_render_index
I/APP     (  186): I 10/24/2011 04:17:27:582 000000ec RHO Rho::RhoController| index layout
I/APP     (  186): I 10/24/2011 04:17:27:957 000000ec           HttpServer| Process URI: '/public/jquery/jquery-1.6.2.min.js'
D/dalvikvm(  186): GC freed 2575 objects / 616456 bytes in 101ms
D/webviewglue(  186): nativeDestroy view: 0x3156f8
I/APP     (  186): I 10/24/2011 04:17:28:134 000000ec           HttpServer| Process URI: '/public/jqmobile/jquery.mobile-1.0b2.min.css'
I/APP     (  186): I 10/24/2011 04:17:28:240 000000ec           HttpServer| Process URI: '/public/css/jqmobile-patch.css'
I/APP     (  186): I 10/24/2011 04:17:28:300 000000ec           HttpServer| Process URI: '/public/jqmobile/jquery.mobile-1.0b2.min.js'
I/APP     (  186): I 10/24/2011 04:17:28:412 000000ec           HttpServer| Process URI: '/public/js/jqmobile-patch.js'
I/APP     (  186): I 10/24/2011 04:17:28:464 000000ec           HttpServer| Process URI: '/public/css/android.css'
I/APP     (  186): I 10/24/2011 04:17:34:210 000000ec           HttpServer| Process URI: '/public/jqmobile/images/icons-18-white.png'
D/dalvikvm(  101): GC freed 8588 objects / 471288 bytes in 111ms
D/dalvikvm(  186): GC freed 19309 objects / 1210816 bytes in 118ms
D/jdwp    (  186): +++ peer disconnected
I/dalvikvm(  186): Debugger has detached; object registry had 1 entries
D/jdwp    (   53): +++ peer disconnected
I/dalvikvm(   53): Debugger has detached; object registry had 1 entries
D/jdwp    (  101): +++ peer disconnected
I/dalvikvm(  101): Debugger has detached; object registry had 1 entries
D/jdwp    (  144): +++ peer disconnected
I/dalvikvm(  144): Debugger has detached; object registry had 1 entries
D/jdwp    (  219): +++ peer disconnected
I/dalvikvm(  219): Debugger has detached; object registry had 1 entries
D/jdwp    (  197): +++ peer disconnected
I/dalvikvm(  197): Debugger has detached; object registry had 1 entries
D/jdwp    (  166): +++ peer disconnected
I/dalvikvm(  166): Debugger has detached; object registry had 1 entries
D/jdwp    (  207): +++ peer disconnected
I/dalvikvm(  207): Debugger has detached; object registry had 1 entries
D/jdwp    (  103): +++ peer disconnected
I/dalvikvm(  103): Debugger has detached; object registry had 1 entries
I/jdwp    (   53): received file descriptor 62 from ADB
I/jdwp    (  101): received file descriptor 10 from ADB
D/ddm-heap(   53): Got feature list request
I/jdwp    (  103): received file descriptor 10 from ADB
D/ddm-heap(  101): Got feature list request
I/jdwp    (  144): received file descriptor 20 from ADB
I/jdwp    (  166): received file descriptor 20 from ADB
D/ddm-heap(  103): Got feature list request
I/jdwp    (  186): received file descriptor 20 from ADB
I/jdwp    (  197): received file descriptor 10 from ADB
D/ddm-heap(  144): Got feature list request
D/ddm-heap(  166): Got feature list request
D/ddm-heap(  186): Got feature list request
I/jdwp    (  207): received file descriptor 10 from ADB
D/ddm-heap(  197): Got feature list request
I/jdwp    (  219): received file descriptor 10 from ADB
D/ddm-heap(  207): Got feature list request
D/ddm-heap(  219): Got feature list request
D/jdwp    (   53): +++ peer disconnected
I/dalvikvm(   53): Debugger has detached; object registry had 1 entries
D/jdwp    (  101): +++ peer disconnected
I/dalvikvm(  101): Debugger has detached; object registry had 1 entries
D/jdwp    (  103): +++ peer disconnected
I/dalvikvm(  103): Debugger has detached; object registry had 1 entries
D/jdwp    (  144): +++ peer disconnected
I/dalvikvm(  144): Debugger has detached; object registry had 1 entries
D/jdwp    (  166): +++ peer disconnected
I/dalvikvm(  166): Debugger has detached; object registry had 1 entries
D/jdwp    (  186): +++ peer disconnected
I/dalvikvm(  186): Debugger has detached; object registry had 1 entries
D/jdwp    (  197): +++ peer disconnected
I/dalvikvm(  197): Debugger has detached; object registry had 1 entries
D/jdwp    (  207): +++ peer disconnected
I/dalvikvm(  207): Debugger has detached; object registry had 1 entries
D/jdwp    (  219): +++ peer disconnected
I/dalvikvm(  219): Debugger has detached; object registry had 1 entries
I/jdwp    (   53): received file descriptor 62 from ADB
I/jdwp    (  101): received file descriptor 10 from ADB
D/ddm-heap(   53): Got feature list request
I/jdwp    (  103): received file descriptor 10 from ADB
D/ddm-heap(  103): Got feature list request
D/ddm-heap(  101): Got feature list request
I/jdwp    (  144): received file descriptor 20 from ADB
I/jdwp    (  166): received file descriptor 20 from ADB
D/ddm-heap(  144): Got feature list request
I/jdwp    (  186): received file descriptor 20 from ADB
D/ddm-heap(  166): Got feature list request
I/jdwp    (  197): received file descriptor 10 from ADB
D/ddm-heap(  186): Got feature list request
I/jdwp    (  207): received file descriptor 10 from ADB
D/ddm-heap(  197): Got feature list request
I/jdwp    (  219): received file descriptor 10 from ADB
D/ddm-heap(  207): Got feature list request
D/ddm-heap(  219): Got feature list request
D/AndroidRuntime(  268): 
D/AndroidRuntime(  268): >>>>>>>>>>>>>> AndroidRuntime START <<<<<<<<<<<<<<
D/AndroidRuntime(  268): CheckJNI is ON
D/AndroidRuntime(  268): --- registering native functions ---
I/jdwp    (  268): received file descriptor 19 from ADB
D/ddm-heap(  268): Got feature list request
D/PackageParser(   53): Scanning package: /data/app/vmdl13513.tmp
D/dalvikvm(   53): GC freed 19785 objects / 1010552 bytes in 187ms
I/PackageManager(   53): Removing non-system package:com.rhomobile.uspersona
D/PackageManager(   53): Removing package com.rhomobile.uspersona
D/PackageManager(   53): Unregistered content provider: com.rhomobile.uspersona, className = com.rhomobile.rhodes.LocalFileProvider, isSyncable = false
D/PackageManager(   53):   Providers: com.rhomobile.rhodes.LocalFileProvider
D/PackageManager(   53):   Services: com.rhomobile.rhodes.RhodesService
D/PackageManager(   53):   Activities: com.rhomobile.rhodes.RhodesActivity com.rhomobile.rhodes.alert.PopupActivity com.rhomobile.rhodes.camera.FileList com.rhomobile.rhodes.camera.ImageCapture com.rhomobile.rhodes.signature.ImageCapture com.rhomobile.rhodes.datetime.DateTimePickerScreen com.rhomobile.rhodes.mapview.MapView com.rhomobile.rhodes.mapview.GoogleMapView com.rhomobile.rhodes.bluetooth.RhoBluetoothDeviceListActivity
D/PackageManager(   53): Scanning package com.rhomobile.uspersona
I/PackageManager(   53): /data/app/vmdl13513.tmp changed; unpacking
D/PackageManager(   53): Caching shared lib lib/armeabi/librhodes.so
D/installd(   32): DexInv: --- BEGIN '/data/app/vmdl13513.tmp' ---
D/dalvikvm(  275): DexOpt: load 104ms, verify 527ms, opt 16ms
D/installd(   32): DexInv: --- END '/data/app/vmdl13513.tmp' (success) ---
D/PackageManager(   53): Registered content provider: com.rhomobile.uspersona, className = com.rhomobile.rhodes.LocalFileProvider, isSyncable = false
D/PackageManager(   53):   Providers: com.rhomobile.rhodes.LocalFileProvider
D/PackageManager(   53):   Services: com.rhomobile.rhodes.RhodesService
D/PackageManager(   53):   Activities: com.rhomobile.rhodes.RhodesActivity com.rhomobile.rhodes.alert.PopupActivity com.rhomobile.rhodes.camera.FileList com.rhomobile.rhodes.camera.ImageCapture com.rhomobile.rhodes.signature.ImageCapture com.rhomobile.rhodes.datetime.DateTimePickerScreen com.rhomobile.rhodes.mapview.MapView com.rhomobile.rhodes.mapview.GoogleMapView com.rhomobile.rhodes.bluetooth.RhoBluetoothDeviceListActivity
D/ActivityManager(   53): Uninstalling process com.rhomobile.uspersona
D/ActivityManager(   53): Force removing process ProcessRecord{439ba958 186:com.rhomobile.uspersona/10028} (com.rhomobile.uspersona/10028)
W/ActivityManager(   53): Scheduling restart of crashed service com.rhomobile.uspersona/com.rhomobile.rhodes.RhodesService in 5000ms
I/Process (   53): Sending signal. PID: 186 SIG: 9
W/UsageStats(   53): Unexpected resume of com.android.launcher while already resumed in com.rhomobile.uspersona
I/WindowManager(   53): WIN DEATH: Window{439c0448 com.rhomobile.uspersona/com.rhomobile.rhodes.RhodesActivity paused=false}
W/InputManagerService(   53): Got RemoteException sending setActive(false) notification to pid 186 uid 10028
D/ActivityManager(   53): Received spurious death notification for thread android.os.BinderProxy@438c1960
E/ActivityThread(   53): Failed to find provider info for android.server.checkin
W/Checkin (   53): Can't log event SYSTEM_SERVICE_LOOPING: java.lang.IllegalArgumentException: Unknown URL content://android.server.checkin/events
I/installd(   32): move /data/dalvik-cache/data@app@vmdl13513.tmp@classes.dex -> /data/dalvik-cache/data@app@com.rhomobile.uspersona.apk@classes.dex
D/PackageManager(   53): New package installed in /data/app/com.rhomobile.uspersona.apk
D/AndroidRuntime(  268): Shutting down VM
D/dalvikvm(  268): DestroyJavaVM waiting for non-daemon threads to exit
D/ActivityManager(   53): Uninstalling process com.rhomobile.uspersona
D/dalvikvm(  268): DestroyJavaVM shutting VM down
D/dalvikvm(  268): HeapWorker thread shutting down
D/dalvikvm(  268): HeapWorker thread has shut down
D/jdwp    (  268): JDWP shutting down net...
D/jdwp    (  268): Got wake-up signal, bailing out of select
I/dalvikvm(  268): Debugger has detached; object registry had 1 entries
D/dalvikvm(  268): VM cleaning up
D/dalvikvm(  268): LinearAlloc 0x0 used 665236 of 4194304 (15%)
W/ResourceType(   53): No package identifier when getting value for resource number 0x7f060000
W/ResourceType(   53): No package identifier when getting value for resource number 0x7f060001
D/dalvikvm(  103): GC freed 2877 objects / 155096 bytes in 315ms
D/HomeLoaders(  103): application intent received: android.intent.action.PACKAGE_REMOVED, replacing=true
D/HomeLoaders(  103):   --> package:com.rhomobile.uspersona
D/HomeLoaders(  103): application intent received: android.intent.action.PACKAGE_ADDED, replacing=true
D/HomeLoaders(  103):   --> package:com.rhomobile.uspersona
D/HomeLoaders(  103):   --> update package com.rhomobile.uspersona
D/dalvikvm(   53): GC freed 21412 objects / 937864 bytes in 431ms
W/ResourceType(   53): No package identifier when getting value for resource number 0x7f060000
W/ResourceType(   53): No package identifier when getting value for resource number 0x7f060001
D/AndroidRuntime(  282): 
D/AndroidRuntime(  282): >>>>>>>>>>>>>> AndroidRuntime START <<<<<<<<<<<<<<
D/AndroidRuntime(  282): CheckJNI is ON
D/AndroidRuntime(  282): --- registering native functions ---
I/jdwp    (  282): received file descriptor 19 from ADB
D/ddm-heap(  282): Got feature list request
I/ActivityManager(   53): Starting activity: Intent { act=android.intent.action.MAIN flg=0x10000000 cmp=com.rhomobile.uspersona/com.rhomobile.rhodes.RhodesActivity }
D/AndroidRuntime(  282): Shutting down VM
D/dalvikvm(  282): DestroyJavaVM waiting for non-daemon threads to exit
D/dalvikvm(  282): DestroyJavaVM shutting VM down
D/dalvikvm(  282): HeapWorker thread shutting down
D/dalvikvm(  282): HeapWorker thread has shut down
D/jdwp    (  282): JDWP shutting down net...
D/jdwp    (  282): +++ peer disconnected
I/dalvikvm(  282): Debugger has detached; object registry had 1 entries
D/dalvikvm(  282): VM cleaning up
D/dalvikvm(  282): LinearAlloc 0x0 used 676828 of 4194304 (16%)
I/ActivityManager(   53): Start proc com.rhomobile.uspersona for activity com.rhomobile.uspersona/com.rhomobile.rhodes.RhodesActivity: pid=289 uid=10028 gids={1006, 3003}
I/jdwp    (  289): received file descriptor 13 from ADB
D/ddm-heap(  289): Got feature list request
D/dalvikvm(   30): GC freed 279 objects / 10632 bytes in 304ms
D/dalvikvm(   30): GC freed 45 objects / 1960 bytes in 197ms
D/dalvikvm(  289): Trying to load lib /data/data/com.rhomobile.uspersona/lib/librhodes.so 0x437583c0
D/dalvikvm(   30): GC freed 2 objects / 48 bytes in 96ms
D/dalvikvm(  289): Added shared lib /data/data/com.rhomobile.uspersona/lib/librhodes.so 0x437583c0
I/ActivityThread(  289): Publishing provider com.rhomobile.uspersona: com.rhomobile.rhodes.LocalFileProvider
D/CameraService(   31): CameraService::connect E (pid 289, client 0xd228)
D/CameraService(   31): Client::Client E (pid 289)
D/CameraHardwareStub(   31): initHeapLocked: preview size=176x144
E/MediaPlayer(   31): Unable to to create media player
E/CameraService(   31): Failed to load CameraService sounds.
E/MediaPlayer(   31): Unable to to create media player
E/CameraService(   31): Failed to load CameraService sounds.
D/CameraService(   31): Client::Client X (pid 289)
D/CameraService(   31): CameraService::connect X
D/dalvikvm(  289): +++ not scanning '/system/lib/libwebcore.so' for 'isTitleEnabled' (wrong CL)
D/dalvikvm(  289): +++ not scanning '/system/lib/libexif.so' for 'isTitleEnabled' (wrong CL)
D/Camera-JNI(  289): release camera
D/CameraService(   31): Client::disconnect() E (pid 289 client 0xd228)
D/CameraService(   31): hardware teardown
D/CameraService(   31): removeClient (pid 289) done
D/CameraService(   31): Client::disconnect() X (pid 289)
D/dalvikvm(  289): GC freed 1749 objects / 139416 bytes in 75ms
I/RhodesActivity(  289): >>>>>>>>>>>>>>> onCreate()
D/dalvikvm(  289): +++ not scanning '/system/lib/libwebcore.so' for 'T' (wrong CL)
D/dalvikvm(  289): +++ not scanning '/system/lib/libexif.so' for 'T' (wrong CL)
D/dalvikvm(  289): +++ not scanning '/system/lib/libwebcore.so' for 'I' (wrong CL)
D/dalvikvm(  289): +++ not scanning '/system/lib/libexif.so' for 'I' (wrong CL)
D/RhodesActivity(  289): RhodesActivity.onStart()
D/RhodesActivity(  289): RhodesActivity.onResume()
D/dalvikvm(  289): +++ not scanning '/system/lib/libwebcore.so' for 'initClassLoader' (wrong CL)
D/dalvikvm(  289): +++ not scanning '/system/lib/libexif.so' for 'initClassLoader' (wrong CL)
D/RhodesService(  289): Root path: null
D/RhoFileApi(  289): App root path: /data/data/com.rhomobile.uspersona/rhodata/
D/RhoFileApi(  289): Sqlite journals path: /data/data/com.rhomobile.uspersona/sqlite_stmt_journals/
D/dalvikvm(  289): +++ not scanning '/system/lib/libwebcore.so' for 'nativeInitPath' (wrong CL)
D/dalvikvm(  289): +++ not scanning '/system/lib/libexif.so' for 'nativeInitPath' (wrong CL)
D/dalvikvm(  289): +++ not scanning '/system/lib/libwebcore.so' for 'nativeInit' (wrong CL)
D/dalvikvm(  289): +++ not scanning '/system/lib/libexif.so' for 'nativeInit' (wrong CL)
I/global  (  289): Default buffer size used in BufferedReader constructor. It would be better to be explicit if an 8k-char buffer is required.
D/dalvikvm(  289): +++ not scanning '/system/lib/libwebcore.so' for 'updateStatTable' (wrong CL)
D/dalvikvm(  289): +++ not scanning '/system/lib/libexif.so' for 'updateStatTable' (wrong CL)
I/RhodesService(  289): Application hash was changed
W/ActivityManager(   53): No content provider found for: 
D/RhoFileApi(  289): App root path: /data/data/com.rhomobile.uspersona/rhodata/
D/RhoFileApi(  289): Sqlite journals path: /data/data/com.rhomobile.uspersona/sqlite_stmt_journals/
I/global  (  289): Default buffer size used in BufferedReader constructor. It would be better to be explicit if an 8k-char buffer is required.
D/RhoFileApi(  289): Copy hash to FS
D/RhoFileApi(  289): File hash copied
D/dalvikvm(  289): +++ not scanning '/system/lib/libwebcore.so' for 'createRhodesApp' (wrong CL)
D/dalvikvm(  289): +++ not scanning '/system/lib/libexif.so' for 'createRhodesApp' (wrong CL)
I/APP     (  289): I 10/24/2011 04:31:57:875 00000121            RhodesApp| Trying to get free listening port.
I/APP     (  289): I 10/24/2011 04:31:57:885 00000121            RhodesApp| Trying to bind of 0 port...
I/APP     (  289): I 10/24/2011 04:31:57:886 00000121            RhodesApp| Got port to bind on: 50970
I/APP     (  289): I 10/24/2011 04:31:57:887 00000121            RhodesApp| Free listening port: 50970
D/dalvikvm(  289): +++ not scanning '/system/lib/libwebcore.so' for 'nativeStart' (wrong CL)
I/APP     (  289): I 10/24/2011 04:31:57:868 0000012b         AppCallbacks| Starting main routine...
I/APP     (  289): I 10/24/2011 04:31:57:894 0000012b         AppCallbacks| ThreadQueue blocked for 4294967295 seconds...
D/dalvikvm(  289): +++ not scanning '/system/lib/libexif.so' for 'nativeStart' (wrong CL)
D/dalvikvm(  289): +++ not scanning '/system/lib/libwebcore.so' for 'isExist' (wrong CL)
D/dalvikvm(  289): +++ not scanning '/system/lib/libexif.so' for 'isExist' (wrong CL)
I/APP     (  289): I 10/24/2011 04:31:57:963 00000121               Rhodes| Loading...
D/dalvikvm(  289): GC freed 5193 objects / 381600 bytes in 83ms
D/dalvikvm(  289): +++ not scanning '/system/lib/libwebcore.so' for 'getInt' (wrong CL)
D/dalvikvm(  289): +++ not scanning '/system/lib/libexif.so' for 'getInt' (wrong CL)
D/dalvikvm(  289): +++ not scanning '/system/lib/libwebcore.so' for 'startRhodesApp' (wrong CL)
D/dalvikvm(  289): +++ not scanning '/system/lib/libexif.so' for 'startRhodesApp' (wrong CL)
I/APP     (  289): I 10/24/2011 04:31:58:449 00000130            RhodesApp| Starting RhodesApp main routine...
D/dalvikvm(  289): +++ not scanning '/system/lib/libwebcore.so' for 'callActivationCallback' (wrong CL)
D/dalvikvm(  289): +++ not scanning '/system/lib/libexif.so' for 'callActivationCallback' (wrong CL)
I/APP     (  289): I 10/24/2011 04:31:58:462 00000121            RhodesApp| callAppActiveCallback
I/APP     (  289): I 10/24/2011 04:31:58:463 00000121         AppCallbacks| addCommand: APP-ACTIVATED
I/APP     (  289): I 10/24/2011 04:31:58:465 0000012b         AppCallbacks| Received command APP-ACTIVATED which is greater than expected (LOCAL-SERVER-STARTED) - postpone it
I/APP     (  289): I 10/24/2011 04:31:58:466 0000012b         AppCallbacks| ThreadQueue blocked for 4294967295 seconds...
I/APP     (  289): I 10/24/2011 04:31:58:467 00000121         AppActivated| Cannot commit now, application will be activated when started.
I/APP     (  289): I 10/24/2011 04:31:58:468 00000121            Undefined| Handlers have completed.
I/APP     (  289): I 10/24/2011 04:31:58:469 00000121    RhodesApplication| New AppState: Undefined
D/dalvikvm(  289): +++ not scanning '/system/lib/libwebcore.so' for 'D' (wrong CL)
D/dalvikvm(  289): +++ not scanning '/system/lib/libexif.so' for 'D' (wrong CL)
I/APP     (  289): I 10/24/2011 04:31:58:476 00000121        RhodesService| handleCommand: startId=1, source=com.rhomobile.rhodes.BaseActivity
I/APP     (  289): I 10/24/2011 04:31:58:477 00000121        RhodesService| New activity was created
D/dalvikvm(  289): +++ not scanning '/system/lib/libwebcore.so' for 'callUiCreatedCallback' (wrong CL)
D/dalvikvm(  289): +++ not scanning '/system/lib/libexif.so' for 'callUiCreatedCallback' (wrong CL)
I/APP     (  289): I 10/24/2011 04:31:58:494 00000121         AppCallbacks| addCommand: UI-CREATED
I/APP     (  289): I 10/24/2011 04:31:58:495 0000012b         AppCallbacks| Received command UI-CREATED which is greater than expected (LOCAL-SERVER-STARTED) - postpone it
I/APP     (  289): I 10/24/2011 04:31:58:495 0000012b         AppCallbacks| ThreadQueue blocked for 4294967295 seconds...
I/APP     (  289): I 10/24/2011 04:31:58:583 00000121       RhodesActivity| onServiceConnected: {com.rhomobile.uspersona/com.rhomobile.rhodes.RhodesService}
D/dalvikvm(  289): +++ not scanning '/system/lib/libwebcore.so' for 'canStartApp' (wrong CL)
D/dalvikvm(  289): +++ not scanning '/system/lib/libexif.so' for 'canStartApp' (wrong CL)
I/APP     (  289): I 10/24/2011 04:31:58:585 00000121            RhodesApp| New start params: 
D/dalvikvm(  289): +++ not scanning '/system/lib/libwebcore.so' for 'getBool' (wrong CL)
D/dalvikvm(  289): +++ not scanning '/system/lib/libexif.so' for 'getBool' (wrong CL)
W/InputManagerService(   53): Starting input on non-focused client com.android.internal.view.IInputMethodClient$Stub$Proxy@438c4c68 (uid=10001 pid=103)
I/ActivityManager(   53): Displayed activity com.rhomobile.uspersona/com.rhomobile.rhodes.RhodesActivity: 2242 ms (total 2242 ms)
I/APP     (  289): I 10/24/2011 04:31:59:023 00000130              RhoRuby| Init_RhoBlobs: /data/data/com.rhomobile.uspersona/rhodata/db/db-files
I/APP     (  289): I 10/24/2011 04:31:59:064 00000130              RhoRuby| require_compiled: rhoframework
I/APP     (  289): I 10/24/2011 04:31:59:104 00000130              RhoRuby| require_compiled: rational
I/APP     (  289): I 10/24/2011 04:31:59:111 00000130              RhoRuby| require_compiled: rhom/rhom_db_adapter
I/APP     (  289): I 10/24/2011 04:31:59:156 00000130              RhoRuby| require_compiled: rhodes
I/APP     (  289): I 10/24/2011 04:31:59:165 00000130              RhoRuby| require_compiled: rhom/rhom_object
I/APP     (  289): I 10/24/2011 04:31:59:176 00000130              RhoRuby| require_compiled: rhofsconnector
I/APP     (  289): I 10/24/2011 04:31:59:181 00000130              RhoRuby| require_compiled: rho/rhofsconnector
I/APP     (  289): I 10/24/2011 04:31:59:195 00000130              RhoRuby| require_compiled: rhom/rhom_object_factory
I/APP     (  289): I 10/24/2011 04:31:59:403 00000130              RhoRuby| require_compiled: rhom/rhom
I/APP     (  289): I 10/24/2011 04:31:59:432 00000130              RhoRuby| require_compiled: rhom/rhom_model
I/APP     (  289): I 10/24/2011 04:31:59:460 00000130              RhoRuby| require_compiled: rhom
I/APP     (  289): I 10/24/2011 04:31:59:467 00000130              RhoRuby| require_compiled: rho/rhoapplication
I/APP     (  289): I 10/24/2011 04:31:59:495 00000130              RhoRuby| require_compiled: rholang/localization_simplified
I/APP     (  289): I 10/24/2011 04:31:59:526 00000130                  APP| Current locale: en; Country code: us
I/APP     (  289): I 10/24/2011 04:31:59:528 00000130                  APP| file: /data/data/com.rhomobile.uspersona/rhodata/lib/rholang/lang_
I/APP     (  289): I 10/24/2011 04:31:59:530 00000130              RhoRuby| require_compiled: /data/data/com.rhomobile.uspersona/rhodata/lib/rholang/lang_en
I/APP     (  289): I 10/24/2011 04:31:59:545 00000130              RhoRuby| require_compiled: rho/rhomsg
I/APP     (  289): I 10/24/2011 04:31:59:555 00000130                  APP| Current locale: en; Country code: us
I/APP     (  289): I 10/24/2011 04:31:59:556 00000130                  APP| file: /data/data/com.rhomobile.uspersona/rhodata/lib/rholang/rhomsg_
I/APP     (  289): I 10/24/2011 04:31:59:559 00000130              RhoRuby| require_compiled: /data/data/com.rhomobile.uspersona/rhodata/lib/rholang/rhomsg_en
I/APP     (  289): I 10/24/2011 04:31:59:570 00000130              RhoRuby| require_compiled: rho/rhotabbar
I/APP     (  289): I 10/24/2011 04:31:59:585 00000130              RhoRuby| require_compiled: rho/rhotoolbar
I/APP     (  289): I 10/24/2011 04:31:59:593 00000130              RhoRuby| require_compiled: indifferent_access
I/APP     (  289): I 10/24/2011 04:31:59:615 00000130              RhoRuby| require_compiled: rho/rhosupport
I/APP     (  289): I 10/24/2011 04:31:59:654 00000130              RhoRuby| require_compiled: rho/rhocontroller
I/APP     (  289): I 10/24/2011 04:31:59:677 00000130              RhoRuby| require_compiled: rho/render
I/APP     (  289): I 10/24/2011 04:31:59:727 00000130              RhoRuby| require_compiled: rho/rho
I/APP     (  289): I 10/24/2011 04:31:59:935 00000130              RhoRuby| require_compiled: rho/rhoerror
I/APP     (  289): I 10/24/2011 04:31:59:948 00000130                  APP| Current locale: en; Country code: us
I/APP     (  289): I 10/24/2011 04:31:59:949 00000130                  APP| file: /data/data/com.rhomobile.uspersona/rhodata/lib/rholang/rhoerror_
I/APP     (  289): I 10/24/2011 04:31:59:950 00000130              RhoRuby| require_compiled: /data/data/com.rhomobile.uspersona/rhodata/lib/rholang/rhoerror_en
I/APP     (  289): I 10/24/2011 04:31:59:960 00000130              RhoRuby| require_compiled: rhom/rhom_source
I/APP     (  289): I 10/24/2011 04:31:59:988 00000130              RhoRuby| require_compiled: rho/rhoviewhelpers
I/APP     (  289): I 10/24/2011 04:32:00:052 00000130              RhoRuby| require_compiled: rho
I/APP     (  289): I 10/24/2011 04:32:00:056 00000130                  APP| RHO loaded
I/APP     (  289): I 10/24/2011 04:32:00:065 00000130                  APP| Calling RHO.initialize
I/APP     (  289): I 10/24/2011 04:32:00:069 00000130                   DB| Open DB: /data/data/com.rhomobile.uspersona/rhodata/db/syncdbuser.sqlite
I/APP     (  289): I 10/24/2011 04:32:00:136 00000130            RhodesApp| Starting sync engine...
I/APP     (  289): I 10/24/2011 04:32:00:138 00000130                 Sync| sync_poll_interval: 0
I/APP     (  289): I 10/24/2011 04:32:00:139 00000130                 Sync| syncserver: 
I/APP     (  289): I 10/24/2011 04:32:00:139 00000130                 Sync| bulksync_state: 0
I/APP     (  289): I 10/24/2011 04:32:00:140 00000130            RhodesApp| RhoRubyInitApp...
I/APP     (  289): I 10/24/2011 04:32:00:141 00000130                  APP| init_app
I/APP     (  289): I 10/24/2011 04:32:00:143 00000130              RhoRuby| require_compiled: application
I/APP     (  289): I 10/24/2011 04:32:00:149 00000130                  APP| Current locale: en; Country code: us
I/APP     (  289): I 10/24/2011 04:32:00:157 00000130                  APP| on_reinstall_config_update: {"LogToOutput"=>["0", "1"]}
I/APP     (  289): I 10/24/2011 04:32:00:170 00000130           HttpServer| Start HTTP server
I/APP     (  289): I 10/24/2011 04:32:00:171 00000130           HttpServer| Listen for connections on port 50970
I/APP     (  289): I 10/24/2011 04:32:00:173 00000130         AppCallbacks| addCommand: LOCAL-SERVER-STARTED
I/APP     (  289): I 10/24/2011 04:32:00:174 0000012b         AppCallbacks| process command: LOCAL-SERVER-STARTED
I/APP     (  289): I 10/24/2011 04:32:00:175 0000012b           AppStarted| Handlers have completed.
I/APP     (  289): I 10/24/2011 04:32:00:175 0000012b         AppActivated| Handlers have completed.
