D/Launcher(  103): ------> binding 0 widgets
D/Launcher(  103): ------> start binding items
D/HomeLoaders(  103):   ----> loading applications from workspace loader
D/dalvikvm(  186): +++ not scanning '/system/lib/libexif.so' for 'nativeInitPath' (wrong CL)
D/HomeLoaders(  103):   --> starting applications loader unlocked
D/dalvikvm(  186): +++ not scanning '/system/lib/libwebcore.so' for 'nativeInit' (wrong CL)
D/HomeLoaders(  103):   --> starting applications loader
D/dalvikvm(  186): +++ not scanning '/system/lib/libexif.so' for 'nativeInit' (wrong CL)
I/global  (  186): Default buffer size used in BufferedReader constructor. It would be better to be explicit if an 8k-char buffer is required.
D/HomeLoaders(  103):   ----> running applications loader (2)
D/dalvikvm(  186): +++ not scanning '/system/lib/libwebcore.so' for 'updateStatTable' (wrong CL)
D/dalvikvm(  186): +++ not scanning '/system/lib/libexif.so' for 'updateStatTable' (wrong CL)
D/dalvikvm(   53): GC freed 8186 objects / 673960 bytes in 265ms
I/RhodesService(  186): Application hash was changed
D/MediaScanner(  166): opendir /system/media/ failed, errno: 2
W/ActivityManager(   53): No content provider found for: 
D/RhoFileApi(  186): App root path: /data/data/com.rhomobile.uspersona/rhodata/
D/RhoFileApi(  186): Sqlite journals path: /data/data/com.rhomobile.uspersona/sqlite_stmt_journals/
I/global  (  186): Default buffer size used in BufferedReader constructor. It would be better to be explicit if an 8k-char buffer is required.
I/ActivityManager(   53): Stopping service: com.android.providers.downloads/.DownloadService
D/MediaScanner(  166):  prescan time: 1318ms
D/MediaScanner(  166):     scan time: 115ms
D/MediaScanner(  166): postscan time: 0ms
D/MediaScanner(  166):    total time: 1433ms
D/MediaScannerService(  166): done scanning volume internal
I/ActivityManager(   53): Stopping service: com.android.providers.media/.MediaScannerService
D/RhoFileApi(  186): Copy hash to FS
D/RhoFileApi(  186): File hash copied
D/dalvikvm(  186): +++ not scanning '/system/lib/libwebcore.so' for 'createRhodesApp' (wrong CL)
D/dalvikvm(  186): +++ not scanning '/system/lib/libexif.so' for 'createRhodesApp' (wrong CL)
I/APP     (  186): I 10/24/2011 04:17:23:305 000000d9         AppCallbacks| Starting main routine...
I/APP     (  186): I 10/24/2011 04:17:23:311 000000d9         AppCallbacks| ThreadQueue blocked for 4294967295 seconds...
I/APP     (  186): I 10/24/2011 04:17:23:311 000000ba            RhodesApp| Trying to get free listening port.
I/APP     (  186): I 10/24/2011 04:17:23:318 000000ba            RhodesApp| Trying to bind of 0 port...
I/APP     (  186): I 10/24/2011 04:17:23:319 000000ba            RhodesApp| Got port to bind on: 39017
I/APP     (  186): I 10/24/2011 04:17:23:321 000000ba            RhodesApp| Free listening port: 39017
D/dalvikvm(  186): +++ not scanning '/system/lib/libwebcore.so' for 'nativeStart' (wrong CL)
D/dalvikvm(  186): +++ not scanning '/system/lib/libexif.so' for 'nativeStart' (wrong CL)
I/ActivityManager(   53): Start proc com.svox.pico for broadcast com.svox.pico/.VoiceDataInstallerReceiver: pid=219 uid=10003 gids={}
D/dalvikvm(  186): +++ not scanning '/system/lib/libwebcore.so' for 'isExist' (wrong CL)
D/dalvikvm(  186): +++ not scanning '/system/lib/libexif.so' for 'isExist' (wrong CL)
I/APP     (  186): I 10/24/2011 04:17:23:569 000000ba               Rhodes| Loading...
I/jdwp    (  219): received file descriptor 10 from ADB
D/ddm-heap(  219): Got feature list request
D/MediaScannerService(  166): start scanning volume external
I/ActivityManager(   53): Stopping service: com.android.mms/.transaction.TransactionService
D/dalvikvm(  186): GC freed 5239 objects / 374800 bytes in 199ms
I/ActivityManager(   53): Stopping service: com.android.mms/.transaction.SmsReceiverService
D/dalvikvm(  186): +++ not scanning '/system/lib/libwebcore.so' for 'getInt' (wrong CL)
D/dalvikvm(  186): +++ not scanning '/system/lib/libexif.so' for 'getInt' (wrong CL)
D/dalvikvm(  186): +++ not scanning '/system/lib/libwebcore.so' for 'startRhodesApp' (wrong CL)
D/dalvikvm(  186): +++ not scanning '/system/lib/libexif.so' for 'startRhodesApp' (wrong CL)
I/APP     (  186): I 10/24/2011 04:17:24:918 000000ec            RhodesApp| Starting RhodesApp main routine...
D/dalvikvm(  186): +++ not scanning '/system/lib/libwebcore.so' for 'callActivationCallback' (wrong CL)
D/dalvikvm(  186): +++ not scanning '/system/lib/libexif.so' for 'callActivationCallback' (wrong CL)
I/APP     (  186): I 10/24/2011 04:17:24:932 000000ba            RhodesApp| callAppActiveCallback
I/APP     (  186): I 10/24/2011 04:17:24:933 000000ba         AppCallbacks| addCommand: APP-ACTIVATED
I/APP     (  186): I 10/24/2011 04:17:24:935 000000d9         AppCallbacks| Received command APP-ACTIVATED which is greater than expected (LOCAL-SERVER-STARTED) - postpone it
I/APP     (  186): I 10/24/2011 04:17:24:936 000000d9         AppCallbacks| ThreadQueue blocked for 4294967295 seconds...
I/APP     (  186): I 10/24/2011 04:17:24:937 000000ba         AppActivated| Cannot commit now, application will be activated when started.
I/APP     (  186): I 10/24/2011 04:17:24:938 000000ba            Undefined| Handlers have completed.
I/APP     (  186): I 10/24/2011 04:17:24:940 000000ba    RhodesApplication| New AppState: Undefined
D/dalvikvm(  186): +++ not scanning '/system/lib/libwebcore.so' for 'D' (wrong CL)
D/dalvikvm(  186): +++ not scanning '/system/lib/libexif.so' for 'D' (wrong CL)
I/APP     (  186): I 10/24/2011 04:17:24:981 000000ba        RhodesService| handleCommand: startId=1, source=com.rhomobile.rhodes.BaseActivity
I/APP     (  186): I 10/24/2011 04:17:24:982 000000ba        RhodesService| New activity was created
D/dalvikvm(  186): +++ not scanning '/system/lib/libwebcore.so' for 'callUiCreatedCallback' (wrong CL)
D/dalvikvm(  186): +++ not scanning '/system/lib/libexif.so' for 'callUiCreatedCallback' (wrong CL)
I/APP     (  186): I 10/24/2011 04:17:24:989 000000ba         AppCallbacks| addCommand: UI-CREATED
I/APP     (  186): I 10/24/2011 04:17:24:990 000000d9         AppCallbacks| Received command UI-CREATED which is greater than expected (LOCAL-SERVER-STARTED) - postpone it
I/APP     (  186): I 10/24/2011 04:17:24:990 000000d9         AppCallbacks| ThreadQueue blocked for 4294967295 seconds...
I/APP     (  186): I 10/24/2011 04:17:25:064 000000ba       RhodesActivity| onServiceConnected: {com.rhomobile.uspersona/com.rhomobile.rhodes.RhodesService}
D/dalvikvm(  186): +++ not scanning '/system/lib/libwebcore.so' for 'canStartApp' (wrong CL)
D/dalvikvm(  186): +++ not scanning '/system/lib/libexif.so' for 'canStartApp' (wrong CL)
I/APP     (  186): I 10/24/2011 04:17:25:083 000000ba            RhodesApp| New start params: 
D/dalvikvm(  186): +++ not scanning '/system/lib/libwebcore.so' for 'getBool' (wrong CL)
D/dalvikvm(  186): +++ not scanning '/system/lib/libexif.so' for 'getBool' (wrong CL)
I/ActivityManager(   53): Displayed activity com.rhomobile.uspersona/com.rhomobile.rhodes.RhodesActivity: 5549 ms (total 5549 ms)
V/MediaScanner(  166): pruneDeadThumbnailFiles... android.database.sqlite.SQLiteCursor@437aa758
I/ActivityManager(   53): Stopping service: com.android.providers.downloads/.DownloadService
I/APP     (  186): I 10/24/2011 04:17:25:507 000000ec              RhoRuby| Init_RhoBlobs: /data/data/com.rhomobile.uspersona/rhodata/db/db-files
V/MediaScanner(  166): /pruneDeadThumbnailFiles... android.database.sqlite.SQLiteCursor@437aa758
I/APP     (  186): I 10/24/2011 04:17:25:565 000000ec              RhoRuby| require_compiled: rhoframework
D/MediaScanner(  166):  prescan time: 968ms
D/HomeLoaders(  103):   ----> cleared application list
I/APP     (  186): I 10/24/2011 04:17:25:650 000000ec              RhoRuby| require_compiled: rational
D/MediaScanner(  166):     scan time: 107ms
D/MediaScanner(  166): postscan time: 284ms
I/APP     (  186): I 10/24/2011 04:17:25:677 000000ec              RhoRuby| require_compiled: rhom/rhom_db_adapter
D/MediaScanner(  166):    total time: 1359ms
I/APP     (  186): I 10/24/2011 04:17:25:774 000000ec              RhoRuby| require_compiled: rhodes
I/APP     (  186): I 10/24/2011 04:17:25:786 000000ec              RhoRuby| require_compiled: rhom/rhom_object
I/APP     (  186): I 10/24/2011 04:17:25:796 000000ec              RhoRuby| require_compiled: rhofsconnector
I/APP     (  186): I 10/24/2011 04:17:25:800 000000ec              RhoRuby| require_compiled: rho/rhofsconnector
I/APP     (  186): I 10/24/2011 04:17:25:815 000000ec              RhoRuby| require_compiled: rhom/rhom_object_factory
D/MediaScannerService(  166): done scanning volume external
I/ActivityManager(   53): Stopping service: com.android.providers.media/.MediaScannerService
I/APP     (  186): I 10/24/2011 04:17:26:115 000000ec              RhoRuby| require_compiled: rhom/rhom
I/APP     (  186): I 10/24/2011 04:17:26:142 000000ec              RhoRuby| require_compiled: rhom/rhom_model
I/APP     (  186): I 10/24/2011 04:17:26:170 000000ec              RhoRuby| require_compiled: rhom
I/APP     (  186): I 10/24/2011 04:17:26:176 000000ec              RhoRuby| require_compiled: rho/rhoapplication
I/APP     (  186): I 10/24/2011 04:17:26:211 000000ec              RhoRuby| require_compiled: rholang/localization_simplified
I/APP     (  186): I 10/24/2011 04:17:26:246 000000ec                  APP| Current locale: en; Country code: us
I/APP     (  186): I 10/24/2011 04:17:26:249 000000ec                  APP| file: /data/data/com.rhomobile.uspersona/rhodata/lib/rholang/lang_
I/APP     (  186): I 10/24/2011 04:17:26:252 000000ec              RhoRuby| require_compiled: /data/data/com.rhomobile.uspersona/rhodata/lib/rholang/lang_en
I/APP     (  186): I 10/24/2011 04:17:26:272 000000ec              RhoRuby| require_compiled: rho/rhomsg
I/APP     (  186): I 10/24/2011 04:17:26:278 000000ec                  APP| Current locale: en; Country code: us
I/APP     (  186): I 10/24/2011 04:17:26:279 000000ec                  APP| file: /data/data/com.rhomobile.uspersona/rhodata/lib/rholang/rhomsg_
I/APP     (  186): I 10/24/2011 04:17:26:283 000000ec              RhoRuby| require_compiled: /data/data/com.rhomobile.uspersona/rhodata/lib/rholang/rhomsg_en
I/APP     (  186): I 10/24/2011 04:17:26:289 000000ec              RhoRuby| require_compiled: rho/rhotabbar
I/APP     (  186): I 10/24/2011 04:17:26:300 000000ec              RhoRuby| require_compiled: rho/rhotoolbar
I/APP     (  186): I 10/24/2011 04:17:26:307 000000ec              RhoRuby| require_compiled: indifferent_access
I/APP     (  186): I 10/24/2011 04:17:26:330 000000ec              RhoRuby| require_compiled: rho/rhosupport
I/APP     (  186): I 10/24/2011 04:17:26:397 000000ec              RhoRuby| require_compiled: rho/rhocontroller
I/APP     (  186): I 10/24/2011 04:17:26:421 000000ec              RhoRuby| require_compiled: rho/render
I/APP     (  186): I 10/24/2011 04:17:26:481 000000ec              RhoRuby| require_compiled: rho/rho
I/APP     (  186): I 10/24/2011 04:17:26:681 000000ec              RhoRuby| require_compiled: rho/rhoerror
I/APP     (  186): I 10/24/2011 04:17:26:690 000000ec                  APP| Current locale: en; Country code: us
I/APP     (  186): I 10/24/2011 04:17:26:691 000000ec                  APP| file: /data/data/com.rhomobile.uspersona/rhodata/lib/rholang/rhoerror_
I/APP     (  186): I 10/24/2011 04:17:26:695 000000ec              RhoRuby| require_compiled: /data/data/com.rhomobile.uspersona/rhodata/lib/rholang/rhoerror_en
I/APP     (  186): I 10/24/2011 04:17:26:703 000000ec              RhoRuby| require_compiled: rhom/rhom_source
I/APP     (  186): I 10/24/2011 04:17:26:732 000000ec              RhoRuby| require_compiled: rho/rhoviewhelpers
I/APP     (  186): I 10/24/2011 04:17:26:754 000000ec              RhoRuby| require_compiled: rho
I/APP     (  186): I 10/24/2011 04:17:26:765 000000ec                  APP| RHO loaded
I/APP     (  186): I 10/24/2011 04:17:26:766 000000ec                  APP| Calling RHO.initialize
I/APP     (  186): I 10/24/2011 04:17:26:770 000000ec                   DB| Open DB: /data/data/com.rhomobile.uspersona/rhodata/db/syncdbuser.sqlite
I/APP     (  186): I 10/24/2011 04:17:26:960 000000ec            RhodesApp| Starting sync engine...
I/APP     (  186): I 10/24/2011 04:17:26:962 000000ec                 Sync| sync_poll_interval: 0
I/APP     (  186): I 10/24/2011 04:17:26:962 000000ec                 Sync| syncserver: 
I/APP     (  186): I 10/24/2011 04:17:26:963 000000ec                 Sync| bulksync_state: 0
I/APP     (  186): I 10/24/2011 04:17:26:971 000000ec            RhodesApp| RhoRubyInitApp...
I/APP     (  186): I 10/24/2011 04:17:26:972 000000ec                  APP| init_app
I/APP     (  186): I 10/24/2011 04:17:26:975 000000ec              RhoRuby| require_compiled: application
I/APP     (  186): I 10/24/2011 04:17:26:980 000000ec                  APP| Current locale: en; Country code: us
I/APP     (  186): I 10/24/2011 04:17:26:985 000000ec           HttpServer| Start HTTP server
I/APP     (  186): I 10/24/2011 04:17:26:988 000000ec           HttpServer| Listen for connections on port 39017
I/APP     (  186): I 10/24/2011 04:17:26:989 000000ec         AppCallbacks| addCommand: LOCAL-SERVER-STARTED
I/APP     (  186): I 10/24/2011 04:17:26:990 000000d9         AppCallbacks| process command: LOCAL-SERVER-STARTED
I/APP     (  186): I 10/24/2011 04:17:26:991 000000d9           AppStarted| Handlers have completed.
I/APP     (  186): I 10/24/2011 04:17:26:992 000000d9         AppActivated| Handlers have completed.
I/APP     (  186): I 10/24/2011 04:17:26:992 000000d9    RhodesApplication| New AppState: AppActivated
I/APP     (  186): I 10/24/2011 04:17:26:993 000000d9         AppCallbacks| process command: UI-CREATED
I/APP     (  186): I 10/24/2011 04:17:27:023 000000ec           HttpServer| Process URI: '/system/uicreated'
I/APP     (  186): I 10/24/2011 04:17:27:025 000000ec                  APP| on_ui_created.navigate to start url: '/app'
D/dalvikvm(  186): +++ not scanning '/system/lib/libwebcore.so' for 'howLongWaitMs' (wrong CL)
D/dalvikvm(  186): +++ not scanning '/system/lib/libexif.so' for 'howLongWaitMs' (wrong CL)
V/SplashScreen(  186): ms[1319429847033] $$$$$$$$$$$$$$$$$$$$$$$     DELAY for SplashScreen = 0
I/APP     (  186): I 10/24/2011 04:17:27:070 000000d9         AppCallbacks| process command: APP-ACTIVATED
V/SimpleMainView(  186): ms[1319429847141] processForNativeView : [http://localhost:39017/app]
D/dalvikvm(  186): +++ not scanning '/system/lib/libwebcore.so' for 'getFactoryHandleByViewType' (wrong CL)
D/dalvikvm(  186): +++ not scanning '/system/lib/libexif.so' for 'getFactoryHandleByViewType' (wrong CL)
I/APP     (  186): I 10/24/2011 04:17:27:145 000000ba       SimpleMainView| Cleared URL: http://localhost:39017/app
V/SimpleMainView.View(  186): ms[1319429847159]  Main Window :: onSizeChanged() old [ 480 x 762 ]  new [ 0 x 0 ]
I/APP     (  186): I 10/24/2011 04:17:27:203 000000ec           HttpServer| Process URI: '/system/activateapp'
I/APP     (  186): I 10/24/2011 04:17:27:258 000000d9         AppCallbacks| ThreadQueue blocked for 4294967295 seconds...
I/APP     (  186): I 10/24/2011 04:17:27:379 000000ec           HttpServer| Process URI: '/app'
I/APP     (  186): I 10/24/2011 04:17:27:503 000000ba     RhoWebViewClient| Loading URL: http://localhost:39017/app/index_erb.iseq
I/APP     (  186): I 10/24/2011 04:17:27:556 000000ec           HttpServer| Process URI: '/app/index_erb.iseq'
I/APP     (  186): I 10/24/2011 04:17:27:561 000000ec                  APP| RHO serve_index: /app/index_erb.iseq
I/APP     (  186): I 10/24/2011 04:17:27:564 000000ec RHO Rho::RhoController| inst_render_index
I/APP     (  186): I 10/24/2011 04:17:27:582 000000ec RHO Rho::RhoController| index layout
I/APP     (  186): I 10/24/2011 04:17:27:957 000000ec           HttpServer| Process URI: '/public/jquery/jquery-1.6.2.min.js'
D/dalvikvm(  186): GC freed 2575 objects / 616456 bytes in 101ms
D/webviewglue(  186): nativeDestroy view: 0x3156f8
I/APP     (  186): I 10/24/2011 04:17:28:134 000000ec           HttpServer| Process URI: '/public/jqmobile/jquery.mobile-1.0b2.min.css'
I/APP     (  186): I 10/24/2011 04:17:28:240 000000ec           HttpServer| Process URI: '/public/css/jqmobile-patch.css'
I/APP     (  186): I 10/24/2011 04:17:28:300 000000ec           HttpServer| Process URI: '/public/jqmobile/jquery.mobile-1.0b2.min.js'
I/APP     (  186): I 10/24/2011 04:17:28:412 000000ec           HttpServer| Process URI: '/public/js/jqmobile-patch.js'
I/APP     (  186): I 10/24/2011 04:17:28:464 000000ec           HttpServer| Process URI: '/public/css/android.css'
I/APP     (  186): I 10/24/2011 04:17:34:210 000000ec           HttpServer| Process URI: '/public/jqmobile/images/icons-18-white.png'
D/dalvikvm(  101): GC freed 8588 objects / 471288 bytes in 111ms
D/dalvikvm(  186): GC freed 19309 objects / 1210816 bytes in 118ms
D/jdwp    (  186): +++ peer disconnected
I/dalvikvm(  186): Debugger has detached; object registry had 1 entries
D/jdwp    (   53): +++ peer disconnected
I/dalvikvm(   53): Debugger has detached; object registry had 1 entries
D/jdwp    (  101): +++ peer disconnected
I/dalvikvm(  101): Debugger has detached; object registry had 1 entries
D/jdwp    (  144): +++ peer disconnected
I/dalvikvm(  144): Debugger has detached; object registry had 1 entries
D/jdwp    (  219): +++ peer disconnected
I/dalvikvm(  219): Debugger has detached; object registry had 1 entries
D/jdwp    (  197): +++ peer disconnected
I/dalvikvm(  197): Debugger has detached; object registry had 1 entries
D/jdwp    (  166): +++ peer disconnected
I/dalvikvm(  166): Debugger has detached; object registry had 1 entries
D/jdwp    (  207): +++ peer disconnected
I/dalvikvm(  207): Debugger has detached; object registry had 1 entries
D/jdwp    (  103): +++ peer disconnected
I/dalvikvm(  103): Debugger has detached; object registry had 1 entries
I/jdwp    (   53): received file descriptor 62 from ADB
I/jdwp    (  101): received file descriptor 10 from ADB
D/ddm-heap(   53): Got feature list request
I/jdwp    (  103): received file descriptor 10 from ADB
D/ddm-heap(  101): Got feature list request
I/jdwp    (  144): received file descriptor 20 from ADB
I/jdwp    (  166): received file descriptor 20 from ADB
D/ddm-heap(  103): Got feature list request
I/jdwp    (  186): received file descriptor 20 from ADB
I/jdwp    (  197): received file descriptor 10 from ADB
D/ddm-heap(  144): Got feature list request
D/ddm-heap(  166): Got feature list request
D/ddm-heap(  186): Got feature list request
I/jdwp    (  207): received file descriptor 10 from ADB
D/ddm-heap(  197): Got feature list request
I/jdwp    (  219): received file descriptor 10 from ADB
D/ddm-heap(  207): Got feature list request
D/ddm-heap(  219): Got feature list request
D/jdwp    (   53): +++ peer disconnected
I/dalvikvm(   53): Debugger has detached; object registry had 1 entries
D/jdwp    (  101): +++ peer disconnected
I/dalvikvm(  101): Debugger has detached; object registry had 1 entries
D/jdwp    (  103): +++ peer disconnected
I/dalvikvm(  103): Debugger has detached; object registry had 1 entries
D/jdwp    (  144): +++ peer disconnected
I/dalvikvm(  144): Debugger has detached; object registry had 1 entries
D/jdwp    (  166): +++ peer disconnected
I/dalvikvm(  166): Debugger has detached; object registry had 1 entries
D/jdwp    (  186): +++ peer disconnected
I/dalvikvm(  186): Debugger has detached; object registry had 1 entries
D/jdwp    (  197): +++ peer disconnected
I/dalvikvm(  197): Debugger has detached; object registry had 1 entries
D/jdwp    (  207): +++ peer disconnected
I/dalvikvm(  207): Debugger has detached; object registry had 1 entries
D/jdwp    (  219): +++ peer disconnected
I/dalvikvm(  219): Debugger has detached; object registry had 1 entries
I/jdwp    (   53): received file descriptor 62 from ADB
I/jdwp    (  101): received file descriptor 10 from ADB
D/ddm-heap(   53): Got feature list request
I/jdwp    (  103): received file descriptor 10 from ADB
D/ddm-heap(  103): Got feature list request
D/ddm-heap(  101): Got feature list request
I/jdwp    (  144): received file descriptor 20 from ADB
I/jdwp    (  166): received file descriptor 20 from ADB
D/ddm-heap(  144): Got feature list request
I/jdwp    (  186): received file descriptor 20 from ADB
D/ddm-heap(  166): Got feature list request
I/jdwp    (  197): received file descriptor 10 from ADB
D/ddm-heap(  186): Got feature list request
I/jdwp    (  207): received file descriptor 10 from ADB
D/ddm-heap(  197): Got feature list request
I/jdwp    (  219): received file descriptor 10 from ADB
D/ddm-heap(  207): Got feature list request
D/ddm-heap(  219): Got feature list request
D/AndroidRuntime(  268): 
D/AndroidRuntime(  268): >>>>>>>>>>>>>> AndroidRuntime START <<<<<<<<<<<<<<
D/AndroidRuntime(  268): CheckJNI is ON
D/AndroidRuntime(  268): --- registering native functions ---
I/jdwp    (  268): received file descriptor 19 from ADB
D/ddm-heap(  268): Got feature list request
D/PackageParser(   53): Scanning package: /data/app/vmdl13513.tmp
D/dalvikvm(   53): GC freed 19785 objects / 1010552 bytes in 187ms
I/PackageManager(   53): Removing non-system package:com.rhomobile.uspersona
D/PackageManager(   53): Removing package com.rhomobile.uspersona
D/PackageManager(   53): Unregistered content provider: com.rhomobile.uspersona, className = com.rhomobile.rhodes.LocalFileProvider, isSyncable = false
D/PackageManager(   53):   Providers: com.rhomobile.rhodes.LocalFileProvider
D/PackageManager(   53):   Services: com.rhomobile.rhodes.RhodesService
D/PackageManager(   53):   Activities: com.rhomobile.rhodes.RhodesActivity com.rhomobile.rhodes.alert.PopupActivity com.rhomobile.rhodes.camera.FileList com.rhomobile.rhodes.camera.ImageCapture com.rhomobile.rhodes.signature.ImageCapture com.rhomobile.rhodes.datetime.DateTimePickerScreen com.rhomobile.rhodes.mapview.MapView com.rhomobile.rhodes.mapview.GoogleMapView com.rhomobile.rhodes.bluetooth.RhoBluetoothDeviceListActivity
D/PackageManager(   53): Scanning package com.rhomobile.uspersona
I/PackageManager(   53): /data/app/vmdl13513.tmp changed; unpacking
D/PackageManager(   53): Caching shared lib lib/armeabi/librhodes.so
D/installd(   32): DexInv: --- BEGIN '/data/app/vmdl13513.tmp' ---
D/dalvikvm(  275): DexOpt: load 104ms, verify 527ms, opt 16ms
D/installd(   32): DexInv: --- END '/data/app/vmdl13513.tmp' (success) ---
D/PackageManager(   53): Registered content provider: com.rhomobile.uspersona, className = com.rhomobile.rhodes.LocalFileProvider, isSyncable = false
D/PackageManager(   53):   Providers: com.rhomobile.rhodes.LocalFileProvider
D/PackageManager(   53):   Services: com.rhomobile.rhodes.RhodesService
D/PackageManager(   53):   Activities: com.rhomobile.rhodes.RhodesActivity com.rhomobile.rhodes.alert.PopupActivity com.rhomobile.rhodes.camera.FileList com.rhomobile.rhodes.camera.ImageCapture com.rhomobile.rhodes.signature.ImageCapture com.rhomobile.rhodes.datetime.DateTimePickerScreen com.rhomobile.rhodes.mapview.MapView com.rhomobile.rhodes.mapview.GoogleMapView com.rhomobile.rhodes.bluetooth.RhoBluetoothDeviceListActivity
D/ActivityManager(   53): Uninstalling process com.rhomobile.uspersona
D/ActivityManager(   53): Force removing process ProcessRecord{439ba958 186:com.rhomobile.uspersona/10028} (com.rhomobile.uspersona/10028)
W/ActivityManager(   53): Scheduling restart of crashed service com.rhomobile.uspersona/com.rhomobile.rhodes.RhodesService in 5000ms
I/Process (   53): Sending signal. PID: 186 SIG: 9
W/UsageStats(   53): Unexpected resume of com.android.launcher while already resumed in com.rhomobile.uspersona
I/WindowManager(   53): WIN DEATH: Window{439c0448 com.rhomobile.uspersona/com.rhomobile.rhodes.RhodesActivity paused=false}
W/InputManagerService(   53): Got RemoteException sending setActive(false) notification to pid 186 uid 10028
D/ActivityManager(   53): Received spurious death notification for thread android.os.BinderProxy@438c1960
E/ActivityThread(   53): Failed to find provider info for android.server.checkin
W/Checkin (   53): Can't log event SYSTEM_SERVICE_LOOPING: java.lang.IllegalArgumentException: Unknown URL content://android.server.checkin/events
I/installd(   32): move /data/dalvik-cache/data@app@vmdl13513.tmp@classes.dex -> /data/dalvik-cache/data@app@com.rhomobile.uspersona.apk@classes.dex
D/PackageManager(   53): New package installed in /data/app/com.rhomobile.uspersona.apk
D/AndroidRuntime(  268): Shutting down VM
D/dalvikvm(  268): DestroyJavaVM waiting for non-daemon threads to exit
D/ActivityManager(   53): Uninstalling process com.rhomobile.uspersona
D/dalvikvm(  268): DestroyJavaVM shutting VM down
D/dalvikvm(  268): HeapWorker thread shutting down
D/dalvikvm(  268): HeapWorker thread has shut down
D/jdwp    (  268): JDWP shutting down net...
D/jdwp    (  268): Got wake-up signal, bailing out of select
I/dalvikvm(  268): Debugger has detached; object registry had 1 entries
D/dalvikvm(  268): VM cleaning up
D/dalvikvm(  268): LinearAlloc 0x0 used 665236 of 4194304 (15%)
W/ResourceType(   53): No package identifier when getting value for resource number 0x7f060000
W/ResourceType(   53): No package identifier when getting value for resource number 0x7f060001
D/dalvikvm(  103): GC freed 2877 objects / 155096 bytes in 315ms
D/HomeLoaders(  103): application intent received: android.intent.action.PACKAGE_REMOVED, replacing=true
D/HomeLoaders(  103):   --> package:com.rhomobile.uspersona
D/HomeLoaders(  103): application intent received: android.intent.action.PACKAGE_ADDED, replacing=true
D/HomeLoaders(  103):   --> package:com.rhomobile.uspersona
D/HomeLoaders(  103):   --> update package com.rhomobile.uspersona
D/dalvikvm(   53): GC freed 21412 objects / 937864 bytes in 431ms
W/ResourceType(   53): No package identifier when getting value for resource number 0x7f060000
W/ResourceType(   53): No package identifier when getting value for resource number 0x7f060001
D/AndroidRuntime(  282): 
D/AndroidRuntime(  282): >>>>>>>>>>>>>> AndroidRuntime START <<<<<<<<<<<<<<
D/AndroidRuntime(  282): CheckJNI is ON
D/AndroidRuntime(  282): --- registering native functions ---
I/jdwp    (  282): received file descriptor 19 from ADB
D/ddm-heap(  282): Got feature list request
I/ActivityManager(   53): Starting activity: Intent { act=android.intent.action.MAIN flg=0x10000000 cmp=com.rhomobile.uspersona/com.rhomobile.rhodes.RhodesActivity }
D/AndroidRuntime(  282): Shutting down VM
D/dalvikvm(  282): DestroyJavaVM waiting for non-daemon threads to exit
D/dalvikvm(  282): DestroyJavaVM shutting VM down
D/dalvikvm(  282): HeapWorker thread shutting down
D/dalvikvm(  282): HeapWorker thread has shut down
D/jdwp    (  282): JDWP shutting down net...
D/jdwp    (  282): +++ peer disconnected
I/dalvikvm(  282): Debugger has detached; object registry had 1 entries
D/dalvikvm(  282): VM cleaning up
D/dalvikvm(  282): LinearAlloc 0x0 used 676828 of 4194304 (16%)
I/ActivityManager(   53): Start proc com.rhomobile.uspersona for activity com.rhomobile.uspersona/com.rhomobile.rhodes.RhodesActivity: pid=289 uid=10028 gids={1006, 3003}
I/jdwp    (  289): received file descriptor 13 from ADB
D/ddm-heap(  289): Got feature list request
D/dalvikvm(   30): GC freed 279 objects / 10632 bytes in 304ms
D/dalvikvm(   30): GC freed 45 objects / 1960 bytes in 197ms
D/dalvikvm(  289): Trying to load lib /data/data/com.rhomobile.uspersona/lib/librhodes.so 0x437583c0
D/dalvikvm(   30): GC freed 2 objects / 48 bytes in 96ms
D/dalvikvm(  289): Added shared lib /data/data/com.rhomobile.uspersona/lib/librhodes.so 0x437583c0
I/ActivityThread(  289): Publishing provider com.rhomobile.uspersona: com.rhomobile.rhodes.LocalFileProvider
D/CameraService(   31): CameraService::connect E (pid 289, client 0xd228)
D/CameraService(   31): Client::Client E (pid 289)
D/CameraHardwareStub(   31): initHeapLocked: preview size=176x144
E/MediaPlayer(   31): Unable to to create media player
E/CameraService(   31): Failed to load CameraService sounds.
E/MediaPlayer(   31): Unable to to create media player
E/CameraService(   31): Failed to load CameraService sounds.
D/CameraService(   31): Client::Client X (pid 289)
D/CameraService(   31): CameraService::connect X
D/dalvikvm(  289): +++ not scanning '/system/lib/libwebcore.so' for 'isTitleEnabled' (wrong CL)
D/dalvikvm(  289): +++ not scanning '/system/lib/libexif.so' for 'isTitleEnabled' (wrong CL)
D/Camera-JNI(  289): release camera
D/CameraService(   31): Client::disconnect() E (pid 289 client 0xd228)
D/CameraService(   31): hardware teardown
D/CameraService(   31): removeClient (pid 289) done
D/CameraService(   31): Client::disconnect() X (pid 289)
D/dalvikvm(  289): GC freed 1749 objects / 139416 bytes in 75ms
I/RhodesActivity(  289): >>>>>>>>>>>>>>> onCreate()
D/dalvikvm(  289): +++ not scanning '/system/lib/libwebcore.so' for 'T' (wrong CL)
D/dalvikvm(  289): +++ not scanning '/system/lib/libexif.so' for 'T' (wrong CL)
D/dalvikvm(  289): +++ not scanning '/system/lib/libwebcore.so' for 'I' (wrong CL)
D/dalvikvm(  289): +++ not scanning '/system/lib/libexif.so' for 'I' (wrong CL)
D/RhodesActivity(  289): RhodesActivity.onStart()
D/RhodesActivity(  289): RhodesActivity.onResume()
D/dalvikvm(  289): +++ not scanning '/system/lib/libwebcore.so' for 'initClassLoader' (wrong CL)
D/dalvikvm(  289): +++ not scanning '/system/lib/libexif.so' for 'initClassLoader' (wrong CL)
D/RhodesService(  289): Root path: null
D/RhoFileApi(  289): App root path: /data/data/com.rhomobile.uspersona/rhodata/
D/RhoFileApi(  289): Sqlite journals path: /data/data/com.rhomobile.uspersona/sqlite_stmt_journals/
D/dalvikvm(  289): +++ not scanning '/system/lib/libwebcore.so' for 'nativeInitPath' (wrong CL)
D/dalvikvm(  289): +++ not scanning '/system/lib/libexif.so' for 'nativeInitPath' (wrong CL)
D/dalvikvm(  289): +++ not scanning '/system/lib/libwebcore.so' for 'nativeInit' (wrong CL)
D/dalvikvm(  289): +++ not scanning '/system/lib/libexif.so' for 'nativeInit' (wrong CL)
I/global  (  289): Default buffer size used in BufferedReader constructor. It would be better to be explicit if an 8k-char buffer is required.
D/dalvikvm(  289): +++ not scanning '/system/lib/libwebcore.so' for 'updateStatTable' (wrong CL)
D/dalvikvm(  289): +++ not scanning '/system/lib/libexif.so' for 'updateStatTable' (wrong CL)
I/RhodesService(  289): Application hash was changed
W/ActivityManager(   53): No content provider found for: 
D/RhoFileApi(  289): App root path: /data/data/com.rhomobile.uspersona/rhodata/
D/RhoFileApi(  289): Sqlite journals path: /data/data/com.rhomobile.uspersona/sqlite_stmt_journals/
I/global  (  289): Default buffer size used in BufferedReader constructor. It would be better to be explicit if an 8k-char buffer is required.
D/RhoFileApi(  289): Copy hash to FS
D/RhoFileApi(  289): File hash copied
D/dalvikvm(  289): +++ not scanning '/system/lib/libwebcore.so' for 'createRhodesApp' (wrong CL)
D/dalvikvm(  289): +++ not scanning '/system/lib/libexif.so' for 'createRhodesApp' (wrong CL)
I/APP     (  289): I 10/24/2011 04:31:57:875 00000121            RhodesApp| Trying to get free listening port.
I/APP     (  289): I 10/24/2011 04:31:57:885 00000121            RhodesApp| Trying to bind of 0 port...
I/APP     (  289): I 10/24/2011 04:31:57:886 00000121            RhodesApp| Got port to bind on: 50970
I/APP     (  289): I 10/24/2011 04:31:57:887 00000121            RhodesApp| Free listening port: 50970
D/dalvikvm(  289): +++ not scanning '/system/lib/libwebcore.so' for 'nativeStart' (wrong CL)
I/APP     (  289): I 10/24/2011 04:31:57:868 0000012b         AppCallbacks| Starting main routine...
I/APP     (  289): I 10/24/2011 04:31:57:894 0000012b         AppCallbacks| ThreadQueue blocked for 4294967295 seconds...
D/dalvikvm(  289): +++ not scanning '/system/lib/libexif.so' for 'nativeStart' (wrong CL)
D/dalvikvm(  289): +++ not scanning '/system/lib/libwebcore.so' for 'isExist' (wrong CL)
D/dalvikvm(  289): +++ not scanning '/system/lib/libexif.so' for 'isExist' (wrong CL)
I/APP     (  289): I 10/24/2011 04:31:57:963 00000121               Rhodes| Loading...
D/dalvikvm(  289): GC freed 5193 objects / 381600 bytes in 83ms
D/dalvikvm(  289): +++ not scanning '/system/lib/libwebcore.so' for 'getInt' (wrong CL)
D/dalvikvm(  289): +++ not scanning '/system/lib/libexif.so' for 'getInt' (wrong CL)
D/dalvikvm(  289): +++ not scanning '/system/lib/libwebcore.so' for 'startRhodesApp' (wrong CL)
D/dalvikvm(  289): +++ not scanning '/system/lib/libexif.so' for 'startRhodesApp' (wrong CL)
I/APP     (  289): I 10/24/2011 04:31:58:449 00000130            RhodesApp| Starting RhodesApp main routine...
D/dalvikvm(  289): +++ not scanning '/system/lib/libwebcore.so' for 'callActivationCallback' (wrong CL)
D/dalvikvm(  289): +++ not scanning '/system/lib/libexif.so' for 'callActivationCallback' (wrong CL)
I/APP     (  289): I 10/24/2011 04:31:58:462 00000121            RhodesApp| callAppActiveCallback
I/APP     (  289): I 10/24/2011 04:31:58:463 00000121         AppCallbacks| addCommand: APP-ACTIVATED
I/APP     (  289): I 10/24/2011 04:31:58:465 0000012b         AppCallbacks| Received command APP-ACTIVATED which is greater than expected (LOCAL-SERVER-STARTED) - postpone it
I/APP     (  289): I 10/24/2011 04:31:58:466 0000012b         AppCallbacks| ThreadQueue blocked for 4294967295 seconds...
I/APP     (  289): I 10/24/2011 04:31:58:467 00000121         AppActivated| Cannot commit now, application will be activated when started.
I/APP     (  289): I 10/24/2011 04:31:58:468 00000121            Undefined| Handlers have completed.
I/APP     (  289): I 10/24/2011 04:31:58:469 00000121    RhodesApplication| New AppState: Undefined
D/dalvikvm(  289): +++ not scanning '/system/lib/libwebcore.so' for 'D' (wrong CL)
D/dalvikvm(  289): +++ not scanning '/system/lib/libexif.so' for 'D' (wrong CL)
I/APP     (  289): I 10/24/2011 04:31:58:476 00000121        RhodesService| handleCommand: startId=1, source=com.rhomobile.rhodes.BaseActivity
I/APP     (  289): I 10/24/2011 04:31:58:477 00000121        RhodesService| New activity was created
D/dalvikvm(  289): +++ not scanning '/system/lib/libwebcore.so' for 'callUiCreatedCallback' (wrong CL)
D/dalvikvm(  289): +++ not scanning '/system/lib/libexif.so' for 'callUiCreatedCallback' (wrong CL)
I/APP     (  289): I 10/24/2011 04:31:58:494 00000121         AppCallbacks| addCommand: UI-CREATED
I/APP     (  289): I 10/24/2011 04:31:58:495 0000012b         AppCallbacks| Received command UI-CREATED which is greater than expected (LOCAL-SERVER-STARTED) - postpone it
I/APP     (  289): I 10/24/2011 04:31:58:495 0000012b         AppCallbacks| ThreadQueue blocked for 4294967295 seconds...
I/APP     (  289): I 10/24/2011 04:31:58:583 00000121       RhodesActivity| onServiceConnected: {com.rhomobile.uspersona/com.rhomobile.rhodes.RhodesService}
D/dalvikvm(  289): +++ not scanning '/system/lib/libwebcore.so' for 'canStartApp' (wrong CL)
D/dalvikvm(  289): +++ not scanning '/system/lib/libexif.so' for 'canStartApp' (wrong CL)
I/APP     (  289): I 10/24/2011 04:31:58:585 00000121            RhodesApp| New start params: 
D/dalvikvm(  289): +++ not scanning '/system/lib/libwebcore.so' for 'getBool' (wrong CL)
D/dalvikvm(  289): +++ not scanning '/system/lib/libexif.so' for 'getBool' (wrong CL)
W/InputManagerService(   53): Starting input on non-focused client com.android.internal.view.IInputMethodClient$Stub$Proxy@438c4c68 (uid=10001 pid=103)
I/ActivityManager(   53): Displayed activity com.rhomobile.uspersona/com.rhomobile.rhodes.RhodesActivity: 2242 ms (total 2242 ms)
I/APP     (  289): I 10/24/2011 04:31:59:023 00000130              RhoRuby| Init_RhoBlobs: /data/data/com.rhomobile.uspersona/rhodata/db/db-files
I/APP     (  289): I 10/24/2011 04:31:59:064 00000130              RhoRuby| require_compiled: rhoframework
I/APP     (  289): I 10/24/2011 04:31:59:104 00000130              RhoRuby| require_compiled: rational
I/APP     (  289): I 10/24/2011 04:31:59:111 00000130              RhoRuby| require_compiled: rhom/rhom_db_adapter
I/APP     (  289): I 10/24/2011 04:31:59:156 00000130              RhoRuby| require_compiled: rhodes
I/APP     (  289): I 10/24/2011 04:31:59:165 00000130              RhoRuby| require_compiled: rhom/rhom_object
I/APP     (  289): I 10/24/2011 04:31:59:176 00000130              RhoRuby| require_compiled: rhofsconnector
I/APP     (  289): I 10/24/2011 04:31:59:181 00000130              RhoRuby| require_compiled: rho/rhofsconnector
I/APP     (  289): I 10/24/2011 04:31:59:195 00000130              RhoRuby| require_compiled: rhom/rhom_object_factory
I/APP     (  289): I 10/24/2011 04:31:59:403 00000130              RhoRuby| require_compiled: rhom/rhom
I/APP     (  289): I 10/24/2011 04:31:59:432 00000130              RhoRuby| require_compiled: rhom/rhom_model
I/APP     (  289): I 10/24/2011 04:31:59:460 00000130              RhoRuby| require_compiled: rhom
I/APP     (  289): I 10/24/2011 04:31:59:467 00000130              RhoRuby| require_compiled: rho/rhoapplication
I/APP     (  289): I 10/24/2011 04:31:59:495 00000130              RhoRuby| require_compiled: rholang/localization_simplified
I/APP     (  289): I 10/24/2011 04:31:59:526 00000130                  APP| Current locale: en; Country code: us
I/APP     (  289): I 10/24/2011 04:31:59:528 00000130                  APP| file: /data/data/com.rhomobile.uspersona/rhodata/lib/rholang/lang_
I/APP     (  289): I 10/24/2011 04:31:59:530 00000130              RhoRuby| require_compiled: /data/data/com.rhomobile.uspersona/rhodata/lib/rholang/lang_en
I/APP     (  289): I 10/24/2011 04:31:59:545 00000130              RhoRuby| require_compiled: rho/rhomsg
I/APP     (  289): I 10/24/2011 04:31:59:555 00000130                  APP| Current locale: en; Country code: us
I/APP     (  289): I 10/24/2011 04:31:59:556 00000130                  APP| file: /data/data/com.rhomobile.uspersona/rhodata/lib/rholang/rhomsg_
I/APP     (  289): I 10/24/2011 04:31:59:559 00000130              RhoRuby| require_compiled: /data/data/com.rhomobile.uspersona/rhodata/lib/rholang/rhomsg_en
I/APP     (  289): I 10/24/2011 04:31:59:570 00000130              RhoRuby| require_compiled: rho/rhotabbar
I/APP     (  289): I 10/24/2011 04:31:59:585 00000130              RhoRuby| require_compiled: rho/rhotoolbar
I/APP     (  289): I 10/24/2011 04:31:59:593 00000130              RhoRuby| require_compiled: indifferent_access
I/APP     (  289): I 10/24/2011 04:31:59:615 00000130              RhoRuby| require_compiled: rho/rhosupport
I/APP     (  289): I 10/24/2011 04:31:59:654 00000130              RhoRuby| require_compiled: rho/rhocontroller
I/APP     (  289): I 10/24/2011 04:31:59:677 00000130              RhoRuby| require_compiled: rho/render
I/APP     (  289): I 10/24/2011 04:31:59:727 00000130              RhoRuby| require_compiled: rho/rho
I/APP     (  289): I 10/24/2011 04:31:59:935 00000130              RhoRuby| require_compiled: rho/rhoerror
I/APP     (  289): I 10/24/2011 04:31:59:948 00000130                  APP| Current locale: en; Country code: us
I/APP     (  289): I 10/24/2011 04:31:59:949 00000130                  APP| file: /data/data/com.rhomobile.uspersona/rhodata/lib/rholang/rhoerror_
I/APP     (  289): I 10/24/2011 04:31:59:950 00000130              RhoRuby| require_compiled: /data/data/com.rhomobile.uspersona/rhodata/lib/rholang/rhoerror_en
I/APP     (  289): I 10/24/2011 04:31:59:960 00000130              RhoRuby| require_compiled: rhom/rhom_source
I/APP     (  289): I 10/24/2011 04:31:59:988 00000130              RhoRuby| require_compiled: rho/rhoviewhelpers
I/APP     (  289): I 10/24/2011 04:32:00:052 00000130              RhoRuby| require_compiled: rho
I/APP     (  289): I 10/24/2011 04:32:00:056 00000130                  APP| RHO loaded
I/APP     (  289): I 10/24/2011 04:32:00:065 00000130                  APP| Calling RHO.initialize
I/APP     (  289): I 10/24/2011 04:32:00:069 00000130                   DB| Open DB: /data/data/com.rhomobile.uspersona/rhodata/db/syncdbuser.sqlite
I/APP     (  289): I 10/24/2011 04:32:00:136 00000130            RhodesApp| Starting sync engine...
I/APP     (  289): I 10/24/2011 04:32:00:138 00000130                 Sync| sync_poll_interval: 0
I/APP     (  289): I 10/24/2011 04:32:00:139 00000130                 Sync| syncserver: 
I/APP     (  289): I 10/24/2011 04:32:00:139 00000130                 Sync| bulksync_state: 0
I/APP     (  289): I 10/24/2011 04:32:00:140 00000130            RhodesApp| RhoRubyInitApp...
I/APP     (  289): I 10/24/2011 04:32:00:141 00000130                  APP| init_app
I/APP     (  289): I 10/24/2011 04:32:00:143 00000130              RhoRuby| require_compiled: application
I/APP     (  289): I 10/24/2011 04:32:00:149 00000130                  APP| Current locale: en; Country code: us
I/APP     (  289): I 10/24/2011 04:32:00:157 00000130                  APP| on_reinstall_config_update: {"LogToOutput"=>["0", "1"]}
I/APP     (  289): I 10/24/2011 04:32:00:170 00000130           HttpServer| Start HTTP server
I/APP     (  289): I 10/24/2011 04:32:00:171 00000130           HttpServer| Listen for connections on port 50970
I/APP     (  289): I 10/24/2011 04:32:00:173 00000130         AppCallbacks| addCommand: LOCAL-SERVER-STARTED
I/APP     (  289): I 10/24/2011 04:32:00:174 0000012b         AppCallbacks| process command: LOCAL-SERVER-STARTED
I/APP     (  289): I 10/24/2011 04:32:00:175 0000012b           AppStarted| Handlers have completed.
I/APP     (  289): I 10/24/2011 04:32:00:175 0000012b         AppActivated| Handlers have completed.
I/APP     (  289): I 10/24/2011 04:32:00:176 0000012b    RhodesApplication| New AppState: AppActivated
I/APP     (  289): I 10/24/2011 04:32:00:177 0000012b         AppCallbacks| process command: UI-CREATED
I/APP     (  289): I 10/24/2011 04:32:00:211 00000130           HttpServer| Process URI: '/system/uicreated'
I/APP     (  289): I 10/24/2011 04:32:00:213 00000130                  APP| on_ui_created.navigate to start url: '/app'
D/dalvikvm(  289): +++ not scanning '/system/lib/libwebcore.so' for 'howLongWaitMs' (wrong CL)
D/dalvikvm(  289): +++ not scanning '/system/lib/libexif.so' for 'howLongWaitMs' (wrong CL)
V/SplashScreen(  289): ms[1319430720217] $$$$$$$$$$$$$$$$$$$$$$$     DELAY for SplashScreen = 678
I/APP     (  289): I 10/24/2011 04:32:00:246 0000012b         AppCallbacks| process command: APP-ACTIVATED
I/APP     (  289): I 10/24/2011 04:32:00:278 00000130           HttpServer| Process URI: '/system/activateapp'
I/APP     (  289): I 10/24/2011 04:32:00:283 0000012b         AppCallbacks| ThreadQueue blocked for 4294967295 seconds...
V/SimpleMainView(  289): ms[1319430720988] processForNativeView : [http://localhost:50970/app]
D/dalvikvm(  289): +++ not scanning '/system/lib/libwebcore.so' for 'getFactoryHandleByViewType' (wrong CL)
D/dalvikvm(  289): +++ not scanning '/system/lib/libexif.so' for 'getFactoryHandleByViewType' (wrong CL)
I/APP     (  289): I 10/24/2011 04:32:00:994 00000121       SimpleMainView| Cleared URL: http://localhost:50970/app
V/SimpleMainView.View(  289): ms[1319430721005]  Main Window :: onSizeChanged() old [ 480 x 762 ]  new [ 0 x 0 ]
I/APP     (  289): I 10/24/2011 04:32:01:147 00000130           HttpServer| Process URI: '/app'
I/APP     (  289): I 10/24/2011 04:32:01:277 00000121     RhoWebViewClient| Loading URL: http://localhost:50970/app/index_erb.iseq
I/APP     (  289): I 10/24/2011 04:32:01:298 00000130           HttpServer| Process URI: '/app/index_erb.iseq'
I/APP     (  289): I 10/24/2011 04:32:01:305 00000130                  APP| RHO serve_index: /app/index_erb.iseq
I/APP     (  289): I 10/24/2011 04:32:01:309 00000130 RHO Rho::RhoController| inst_render_index
I/APP     (  289): I 10/24/2011 04:32:01:327 00000130 RHO Rho::RhoController| index layout
I/APP     (  289): I 10/24/2011 04:32:01:618 00000130           HttpServer| Process URI: '/public/jquery/jquery-1.6.2.min.js'
D/dalvikvm(  289): GC freed 2695 objects / 622656 bytes in 178ms
D/webviewglue(  289): nativeDestroy view: 0x31d510
I/APP     (  289): I 10/24/2011 04:32:01:884 00000130           HttpServer| Process URI: '/public/jqmobile/jquery.mobile-1.0b2.min.css'
I/APP     (  289): I 10/24/2011 04:32:01:976 00000130           HttpServer| Process URI: '/public/css/jqmobile-patch.css'
I/APP     (  289): I 10/24/2011 04:32:02:031 00000130           HttpServer| Process URI: '/public/jqmobile/jquery.mobile-1.0b2.min.js'
I/APP     (  289): I 10/24/2011 04:32:02:151 00000130           HttpServer| Process URI: '/public/js/jqmobile-patch.js'
I/APP     (  289): I 10/24/2011 04:32:02:199 00000130           HttpServer| Process URI: '/public/css/android.css'
D/dalvikvm(  103): GC freed 5010 objects / 283544 bytes in 160ms
I/APP     (  289): I 10/24/2011 04:32:08:126 00000130           HttpServer| Process URI: '/public/jqmobile/images/icons-18-white.png'
D/dalvikvm(  219): GC freed 826 objects / 67728 bytes in 95ms
I/APP     (  289): I 10/24/2011 04:32:38:408 00000130           HttpServer| Process URI: '/app/Image'
I/APP     (  289): E 10/24/2011 04:32:38:411 00000130           HttpServer| The file /app/Image was not found
W/KeyCharacterMap(  289): No keyboard for id 0
W/KeyCharacterMap(  289): Using default keymap: /system/usr/keychars/qwerty.kcm.bin
D/CameraService(   31): Client::~Client E (pid 31, client 0xd228)
D/CameraService(   31): Client::disconnect() E (pid 31 client 0xd228)
D/CameraService(   31): Client::~Client X (pid 31)
D/dalvikvm(  289): GC freed 11398 objects / 1075152 bytes in 120ms
I/Resources(  101): Loaded time zone names for en_US in 6259ms.
D/SystemClock(  101): Setting time of day to sec=1319429830
W/SystemClock(  101): Unable to set rtc to 1319429830: Invalid argument
D/HomeLoaders(  103):   ----> cleared application list
D/PackageParser(   53): Scanning package: /data/app/vmdl13511.tmp
D/dalvikvm(   53): GC freed 22057 objects / 1050776 bytes in 149ms
I/PackageManager(   53): /data/app/vmdl13511.tmp changed; unpacking
D/PackageManager(   53): Caching shared lib lib/armeabi/librhodes.so
D/installd(   32): DexInv: --- BEGIN '/data/app/vmdl13511.tmp' ---
D/dalvikvm(  155): DexOpt: load 97ms, verify 517ms, opt 12ms
D/installd(   32): DexInv: --- END '/data/app/vmdl13511.tmp' (success) ---
I/installd(   32): move /data/dalvik-cache/data@app@vmdl13511.tmp@classes.dex -> /data/dalvik-cache/data@app@com.rhomobile.uspersona.apk@classes.dex
D/PackageManager(   53): New package installed in /data/app/com.rhomobile.uspersona.apk
D/AndroidRuntime(  136): Shutting down VM
D/dalvikvm(  136): DestroyJavaVM waiting for non-daemon threads to exit
D/dalvikvm(  136): DestroyJavaVM shutting VM down
D/dalvikvm(  136): HeapWorker thread shutting down
D/dalvikvm(  136): HeapWorker thread has shut down
D/jdwp    (  136): JDWP shutting down net...
D/jdwp    (  136): Got wake-up signal, bailing out of select
I/dalvikvm(  136): Debugger has detached; object registry had 1 entries
D/dalvikvm(  136): VM cleaning up
D/dalvikvm(  136): LinearAlloc 0x0 used 665236 of 4194304 (15%)
D/AndroidRuntime(  162): 
D/AndroidRuntime(  162): >>>>>>>>>>>>>> AndroidRuntime START <<<<<<<<<<<<<<
D/AndroidRuntime(  162): CheckJNI is ON
D/AndroidRuntime(  162): --- registering native functions ---
I/jdwp    (  162): received file descriptor 19 from ADB
D/MountListener(   53): handleEvent ums_disabled
D/MountListener(   53): handleEvent ums_disconnected
D/dalvikvm(   53): GC freed 6991 objects / 334880 bytes in 185ms
D/MountListener(   53): handleEvent volume_checking:/sdcard
D/HomeLoaders(  103): application intent received: android.intent.action.PACKAGE_ADDED, replacing=false
D/HomeLoaders(  103):   --> package:com.rhomobile.uspersona
D/HomeLoaders(  103):   --> add package
D/ddm-heap(  162): Got feature list request
I/ActivityManager(   53): Start proc android.process.media for broadcast com.android.providers.downloads/.DownloadReceiver: pid=166 uid=10005 gids={1006, 1015, 2001, 3003}
I/ActivityManager(   53): processNextBroadcast: waiting for ProcessRecord{4396c8a0 166:android.process.media/10005}
I/ActivityManager(   53): processNextBroadcast: waiting for ProcessRecord{4396c8a0 166:android.process.media/10005}
I/ActivityManager(   53): processNextBroadcast: waiting for ProcessRecord{4396c8a0 166:android.process.media/10005}
W/ResourceType(   53): No package identifier when getting value for resource number 0x7f060000
D/MountListener(   53): handleEvent volume_mounted:/sdcard
W/ResourceType(   53): No package identifier when getting value for resource number 0x7f060001
I/ActivityManager(   53): processNextBroadcast: waiting for ProcessRecord{4396c8a0 166:android.process.media/10005}
D/dalvikvm(  144): Trying to load lib /system/lib/libjni_latinime.so 0x43758040
D/dalvikvm(  144): Added shared lib /system/lib/libjni_latinime.so 0x43758040
I/ActivityManager(   53): processNextBroadcast: waiting for ProcessRecord{4396c8a0 166:android.process.media/10005}
I/jdwp    (  166): received file descriptor 20 from ADB
D/ddm-heap(  166): Got feature list request
I/ActivityManager(   53): processNextBroadcast: waiting for ProcessRecord{4396c8a0 166:android.process.media/10005}
E/ActivityThread(  101): Failed to find provider info for android.server.checkin
