D/dalvikvm(  407): +++ not scanning '/system/lib/libexif.so' for 'nativeInit' (wrong CL)
I/global  (  407): Default buffer size used in BufferedReader constructor. It would be better to be explicit if an 8k-char buffer is required.
D/dalvikvm(  407): +++ not scanning '/system/lib/libwebcore.so' for 'updateStatTable' (wrong CL)
D/dalvikvm(  407): +++ not scanning '/system/lib/libexif.so' for 'updateStatTable' (wrong CL)
I/RhodesService(  407): Application hash was changed
W/ActivityManager(   53): No content provider found for: 
D/RhoFileApi(  407): App root path: /data/data/com.rhomobile.uspersona/rhodata/
D/RhoFileApi(  407): Sqlite journals path: /data/data/com.rhomobile.uspersona/sqlite_stmt_journals/
I/global  (  407): Default buffer size used in BufferedReader constructor. It would be better to be explicit if an 8k-char buffer is required.
D/RhoFileApi(  407): Copy hash to FS
D/RhoFileApi(  407): File hash copied
D/dalvikvm(  407): +++ not scanning '/system/lib/libwebcore.so' for 'createRhodesApp' (wrong CL)
D/dalvikvm(  407): +++ not scanning '/system/lib/libexif.so' for 'createRhodesApp' (wrong CL)
I/APP     (  407): I 10/24/2011 04:54:45:179 000001a1         AppCallbacks| Starting main routine...
I/APP     (  407): I 10/24/2011 04:54:45:191 00000197            RhodesApp| Trying to get free listening port.
I/APP     (  407): I 10/24/2011 04:54:45:194 00000197            RhodesApp| Trying to bind of 0 port...
I/APP     (  407): I 10/24/2011 04:54:45:195 00000197            RhodesApp| Got port to bind on: 48692
I/APP     (  407): I 10/24/2011 04:54:45:197 00000197            RhodesApp| Free listening port: 48692
D/dalvikvm(  407): +++ not scanning '/system/lib/libwebcore.so' for 'nativeStart' (wrong CL)
D/dalvikvm(  407): +++ not scanning '/system/lib/libexif.so' for 'nativeStart' (wrong CL)
I/APP     (  407): I 10/24/2011 04:54:45:211 000001a1         AppCallbacks| ThreadQueue blocked for 4294967295 seconds...
D/dalvikvm(  407): +++ not scanning '/system/lib/libwebcore.so' for 'isExist' (wrong CL)
D/dalvikvm(  407): +++ not scanning '/system/lib/libexif.so' for 'isExist' (wrong CL)
I/APP     (  407): I 10/24/2011 04:54:45:272 00000197               Rhodes| Loading...
D/dalvikvm(  407): GC freed 5159 objects / 380120 bytes in 88ms
D/dalvikvm(  407): +++ not scanning '/system/lib/libwebcore.so' for 'getInt' (wrong CL)
D/dalvikvm(  407): +++ not scanning '/system/lib/libexif.so' for 'getInt' (wrong CL)
D/dalvikvm(  407): +++ not scanning '/system/lib/libwebcore.so' for 'startRhodesApp' (wrong CL)
D/dalvikvm(  407): +++ not scanning '/system/lib/libexif.so' for 'startRhodesApp' (wrong CL)
I/APP     (  407): I 10/24/2011 04:54:45:785 000001a6            RhodesApp| Starting RhodesApp main routine...
D/dalvikvm(  407): +++ not scanning '/system/lib/libwebcore.so' for 'callActivationCallback' (wrong CL)
D/dalvikvm(  407): +++ not scanning '/system/lib/libexif.so' for 'callActivationCallback' (wrong CL)
I/APP     (  407): I 10/24/2011 04:54:45:792 00000197            RhodesApp| callAppActiveCallback
I/APP     (  407): I 10/24/2011 04:54:45:793 00000197         AppCallbacks| addCommand: APP-ACTIVATED
I/APP     (  407): I 10/24/2011 04:54:45:795 000001a1         AppCallbacks| Received command APP-ACTIVATED which is greater than expected (LOCAL-SERVER-STARTED) - postpone it
I/APP     (  407): I 10/24/2011 04:54:45:796 000001a1         AppCallbacks| ThreadQueue blocked for 4294967295 seconds...
I/APP     (  407): I 10/24/2011 04:54:45:797 00000197         AppActivated| Cannot commit now, application will be activated when started.
I/APP     (  407): I 10/24/2011 04:54:45:798 00000197            Undefined| Handlers have completed.
I/APP     (  407): I 10/24/2011 04:54:45:811 00000197    RhodesApplication| New AppState: Undefined
D/dalvikvm(  407): +++ not scanning '/system/lib/libwebcore.so' for 'D' (wrong CL)
D/dalvikvm(  407): +++ not scanning '/system/lib/libexif.so' for 'D' (wrong CL)
I/APP     (  407): I 10/24/2011 04:54:45:822 00000197        RhodesService| handleCommand: startId=1, source=com.rhomobile.rhodes.BaseActivity
I/APP     (  407): I 10/24/2011 04:54:45:823 00000197        RhodesService| New activity was created
D/dalvikvm(  407): +++ not scanning '/system/lib/libwebcore.so' for 'callUiCreatedCallback' (wrong CL)
D/dalvikvm(  407): +++ not scanning '/system/lib/libexif.so' for 'callUiCreatedCallback' (wrong CL)
I/APP     (  407): I 10/24/2011 04:54:45:829 00000197         AppCallbacks| addCommand: UI-CREATED
I/APP     (  407): I 10/24/2011 04:54:45:830 000001a1         AppCallbacks| Received command UI-CREATED which is greater than expected (LOCAL-SERVER-STARTED) - postpone it
I/APP     (  407): I 10/24/2011 04:54:45:831 000001a1         AppCallbacks| ThreadQueue blocked for 4294967295 seconds...
I/APP     (  407): I 10/24/2011 04:54:45:910 00000197       RhodesActivity| onServiceConnected: {com.rhomobile.uspersona/com.rhomobile.rhodes.RhodesService}
D/dalvikvm(  407): +++ not scanning '/system/lib/libwebcore.so' for 'canStartApp' (wrong CL)
D/dalvikvm(  407): +++ not scanning '/system/lib/libexif.so' for 'canStartApp' (wrong CL)
I/APP     (  407): I 10/24/2011 04:54:45:924 00000197            RhodesApp| New start params: 
D/dalvikvm(  407): +++ not scanning '/system/lib/libwebcore.so' for 'getBool' (wrong CL)
D/dalvikvm(  407): +++ not scanning '/system/lib/libexif.so' for 'getBool' (wrong CL)
I/ActivityManager(   53): Displayed activity com.rhomobile.uspersona/com.rhomobile.rhodes.RhodesActivity: 2028 ms (total 2028 ms)
I/APP     (  407): I 10/24/2011 04:54:46:418 000001a6              RhoRuby| Init_RhoBlobs: /data/data/com.rhomobile.uspersona/rhodata/db/db-files
I/APP     (  407): I 10/24/2011 04:54:46:447 000001a6              RhoRuby| require_compiled: rhoframework
I/APP     (  407): I 10/24/2011 04:54:46:494 000001a6              RhoRuby| require_compiled: rational
I/APP     (  407): I 10/24/2011 04:54:46:502 000001a6              RhoRuby| require_compiled: rhom/rhom_db_adapter
I/APP     (  407): I 10/24/2011 04:54:46:548 000001a6              RhoRuby| require_compiled: rhodes
I/APP     (  407): I 10/24/2011 04:54:46:556 000001a6              RhoRuby| require_compiled: rhom/rhom_object
I/APP     (  407): I 10/24/2011 04:54:46:567 000001a6              RhoRuby| require_compiled: rhofsconnector
I/APP     (  407): I 10/24/2011 04:54:46:573 000001a6              RhoRuby| require_compiled: rho/rhofsconnector
I/APP     (  407): I 10/24/2011 04:54:46:589 000001a6              RhoRuby| require_compiled: rhom/rhom_object_factory
I/APP     (  407): I 10/24/2011 04:54:46:800 000001a6              RhoRuby| require_compiled: rhom/rhom
I/APP     (  407): I 10/24/2011 04:54:46:825 000001a6              RhoRuby| require_compiled: rhom/rhom_model
I/APP     (  407): I 10/24/2011 04:54:46:854 000001a6              RhoRuby| require_compiled: rhom
I/APP     (  407): I 10/24/2011 04:54:46:858 000001a6              RhoRuby| require_compiled: rho/rhoapplication
I/APP     (  407): I 10/24/2011 04:54:46:891 000001a6              RhoRuby| require_compiled: rholang/localization_simplified
I/APP     (  407): I 10/24/2011 04:54:46:927 000001a6                  APP| Current locale: en; Country code: us
I/APP     (  407): I 10/24/2011 04:54:46:929 000001a6                  APP| file: /data/data/com.rhomobile.uspersona/rhodata/lib/rholang/lang_
I/APP     (  407): I 10/24/2011 04:54:46:931 000001a6              RhoRuby| require_compiled: /data/data/com.rhomobile.uspersona/rhodata/lib/rholang/lang_en
I/APP     (  407): I 10/24/2011 04:54:46:945 000001a6              RhoRuby| require_compiled: rho/rhomsg
I/APP     (  407): I 10/24/2011 04:54:46:953 000001a6                  APP| Current locale: en; Country code: us
I/APP     (  407): I 10/24/2011 04:54:46:954 000001a6                  APP| file: /data/data/com.rhomobile.uspersona/rhodata/lib/rholang/rhomsg_
I/APP     (  407): I 10/24/2011 04:54:46:956 000001a6              RhoRuby| require_compiled: /data/data/com.rhomobile.uspersona/rhodata/lib/rholang/rhomsg_en
I/APP     (  407): I 10/24/2011 04:54:46:961 000001a6              RhoRuby| require_compiled: rho/rhotabbar
I/APP     (  407): I 10/24/2011 04:54:46:975 000001a6              RhoRuby| require_compiled: rho/rhotoolbar
I/APP     (  407): I 10/24/2011 04:54:46:982 000001a6              RhoRuby| require_compiled: indifferent_access
I/APP     (  407): I 10/24/2011 04:54:47:013 000001a6              RhoRuby| require_compiled: rho/rhosupport
I/APP     (  407): I 10/24/2011 04:54:47:049 000001a6              RhoRuby| require_compiled: rho/rhocontroller
I/APP     (  407): I 10/24/2011 04:54:47:073 000001a6              RhoRuby| require_compiled: rho/render
I/APP     (  407): I 10/24/2011 04:54:47:132 000001a6              RhoRuby| require_compiled: rho/rho
I/APP     (  407): I 10/24/2011 04:54:47:386 000001a6              RhoRuby| require_compiled: rho/rhoerror
I/APP     (  407): I 10/24/2011 04:54:47:399 000001a6                  APP| Current locale: en; Country code: us
I/APP     (  407): I 10/24/2011 04:54:47:400 000001a6                  APP| file: /data/data/com.rhomobile.uspersona/rhodata/lib/rholang/rhoerror_
I/APP     (  407): I 10/24/2011 04:54:47:402 000001a6              RhoRuby| require_compiled: /data/data/com.rhomobile.uspersona/rhodata/lib/rholang/rhoerror_en
I/APP     (  407): I 10/24/2011 04:54:47:427 000001a6              RhoRuby| require_compiled: rhom/rhom_source
I/APP     (  407): I 10/24/2011 04:54:47:489 000001a6              RhoRuby| require_compiled: rho/rhoviewhelpers
I/APP     (  407): I 10/24/2011 04:54:47:521 000001a6              RhoRuby| require_compiled: rho
I/APP     (  407): I 10/24/2011 04:54:47:526 000001a6                  APP| RHO loaded
I/APP     (  407): I 10/24/2011 04:54:47:528 000001a6                  APP| Calling RHO.initialize
I/APP     (  407): I 10/24/2011 04:54:47:533 000001a6                   DB| Open DB: /data/data/com.rhomobile.uspersona/rhodata/db/syncdbuser.sqlite
I/APP     (  407): I 10/24/2011 04:54:47:603 000001a6            RhodesApp| Starting sync engine...
I/APP     (  407): I 10/24/2011 04:54:47:604 000001a6                 Sync| sync_poll_interval: 0
I/APP     (  407): I 10/24/2011 04:54:47:617 000001a6                 Sync| syncserver: 
I/APP     (  407): I 10/24/2011 04:54:47:618 000001a6                 Sync| bulksync_state: 0
I/APP     (  407): I 10/24/2011 04:54:47:619 000001a6            RhodesApp| RhoRubyInitApp...
I/APP     (  407): I 10/24/2011 04:54:47:619 000001a6                  APP| init_app
I/APP     (  407): I 10/24/2011 04:54:47:622 000001a6              RhoRuby| require_compiled: application
I/APP     (  407): I 10/24/2011 04:54:47:636 000001a6                  APP| Current locale: en; Country code: us
I/APP     (  407): I 10/24/2011 04:54:47:641 000001a6                  APP| on_reinstall_config_update: {"LogToOutput"=>["0", "1"]}
I/APP     (  407): I 10/24/2011 04:54:47:651 000001a6           HttpServer| Start HTTP server
I/APP     (  407): I 10/24/2011 04:54:47:655 000001a6           HttpServer| Listen for connections on port 48692
I/APP     (  407): I 10/24/2011 04:54:47:655 000001a6         AppCallbacks| addCommand: LOCAL-SERVER-STARTED
I/APP     (  407): I 10/24/2011 04:54:47:657 000001a1         AppCallbacks| process command: LOCAL-SERVER-STARTED
I/APP     (  407): I 10/24/2011 04:54:47:659 000001a1           AppStarted| Handlers have completed.
I/APP     (  407): I 10/24/2011 04:54:47:659 000001a1         AppActivated| Handlers have completed.
I/APP     (  407): I 10/24/2011 04:54:47:660 000001a1    RhodesApplication| New AppState: AppActivated
I/APP     (  407): I 10/24/2011 04:54:47:660 000001a1         AppCallbacks| process command: UI-CREATED
I/APP     (  407): I 10/24/2011 04:54:47:695 000001a6           HttpServer| Process URI: '/system/uicreated'
I/APP     (  407): I 10/24/2011 04:54:47:697 000001a6                  APP| on_ui_created.navigate to start url: '/app'
D/dalvikvm(  407): +++ not scanning '/system/lib/libwebcore.so' for 'howLongWaitMs' (wrong CL)
D/dalvikvm(  407): +++ not scanning '/system/lib/libexif.so' for 'howLongWaitMs' (wrong CL)
V/SplashScreen(  407): ms[1319432087706] $$$$$$$$$$$$$$$$$$$$$$$     DELAY for SplashScreen = 498
I/APP     (  407): I 10/24/2011 04:54:47:732 000001a1         AppCallbacks| process command: APP-ACTIVATED
I/APP     (  407): I 10/24/2011 04:54:47:770 000001a6           HttpServer| Process URI: '/system/activateapp'
I/APP     (  407): I 10/24/2011 04:54:47:774 000001a1         AppCallbacks| ThreadQueue blocked for 4294967295 seconds...
V/SimpleMainView(  407): ms[1319432088315] processForNativeView : [http://localhost:48692/app]
D/dalvikvm(  407): +++ not scanning '/system/lib/libwebcore.so' for 'getFactoryHandleByViewType' (wrong CL)
D/dalvikvm(  407): +++ not scanning '/system/lib/libexif.so' for 'getFactoryHandleByViewType' (wrong CL)
I/APP     (  407): I 10/24/2011 04:54:48:331 00000197       SimpleMainView| Cleared URL: http://localhost:48692/app
V/SimpleMainView.View(  407): ms[1319432088348]  Main Window :: onSizeChanged() old [ 480 x 762 ]  new [ 0 x 0 ]
I/APP     (  407): I 10/24/2011 04:54:48:561 000001a6           HttpServer| Process URI: '/app'
I/APP     (  407): I 10/24/2011 04:54:48:697 00000197     RhoWebViewClient| Loading URL: http://localhost:48692/app/index_erb.iseq
I/APP     (  407): I 10/24/2011 04:54:48:722 000001a6           HttpServer| Process URI: '/app/index_erb.iseq'
I/APP     (  407): I 10/24/2011 04:54:48:729 000001a6                  APP| RHO serve_index: /app/index_erb.iseq
I/APP     (  407): I 10/24/2011 04:54:48:733 000001a6 RHO Rho::RhoController| inst_render_index
I/APP     (  407): I 10/24/2011 04:54:48:751 000001a6 RHO Rho::RhoController| index layout
I/APP     (  407): I 10/24/2011 04:54:49:067 000001a6           HttpServer| Process URI: '/public/jquery/jquery-1.6.2.min.js'
D/dalvikvm(  407): GC freed 2708 objects / 617336 bytes in 83ms
D/webviewglue(  407): nativeDestroy view: 0x316038
I/APP     (  407): I 10/24/2011 04:54:49:277 000001a6           HttpServer| Process URI: '/public/jqmobile/jquery.mobile-1.0b2.min.css'
I/APP     (  407): I 10/24/2011 04:54:49:359 000001a6           HttpServer| Process URI: '/public/css/jqmobile-patch.css'
I/APP     (  407): I 10/24/2011 04:54:49:417 000001a6           HttpServer| Process URI: '/public/jqmobile/jquery.mobile-1.0b2.min.js'
I/APP     (  407): I 10/24/2011 04:54:49:521 000001a6           HttpServer| Process URI: '/public/js/jqmobile-patch.js'
I/APP     (  407): I 10/24/2011 04:54:49:571 000001a6           HttpServer| Process URI: '/public/css/android.css'
D/dalvikvm(  103): GC freed 3367 objects / 193224 bytes in 143ms
I/APP     (  407): I 10/24/2011 04:54:55:642 000001a6           HttpServer| Process URI: '/public/jqmobile/images/icons-18-white.png'
D/dalvikvm(  219): GC freed 78 objects / 3328 bytes in 68ms
I/APP     (  407): I 10/24/2011 04:54:59:639 000001a6           HttpServer| Process URI: '/app/Image/index.erb'
I/APP     (  407): E 10/24/2011 04:54:59:641 000001a6           HttpServer| The file /app/Image/index.erb was not found
I/APP     (  407): I 10/24/2011 04:55:02:494 000001a6           HttpServer| Process URI: '/app/Image/index.erb'
I/APP     (  407): E 10/24/2011 04:55:02:496 000001a6           HttpServer| The file /app/Image/index.erb was not found
I/APP     (  289): I 10/24/2011 04:32:00:175 0000012b           AppStarted| Handlers have completed.
I/APP     (  289): I 10/24/2011 04:32:00:175 0000012b         AppActivated| Handlers have completed.
I/APP     (  289): I 10/24/2011 04:32:00:176 0000012b    RhodesApplication| New AppState: AppActivated
I/APP     (  289): I 10/24/2011 04:32:00:177 0000012b         AppCallbacks| process command: UI-CREATED
I/APP     (  289): I 10/24/2011 04:32:00:211 00000130           HttpServer| Process URI: '/system/uicreated'
I/APP     (  289): I 10/24/2011 04:32:00:213 00000130                  APP| on_ui_created.navigate to start url: '/app'
D/dalvikvm(  289): +++ not scanning '/system/lib/libwebcore.so' for 'howLongWaitMs' (wrong CL)
D/dalvikvm(  289): +++ not scanning '/system/lib/libexif.so' for 'howLongWaitMs' (wrong CL)
V/SplashScreen(  289): ms[1319430720217] $$$$$$$$$$$$$$$$$$$$$$$     DELAY for SplashScreen = 678
I/APP     (  289): I 10/24/2011 04:32:00:246 0000012b         AppCallbacks| process command: APP-ACTIVATED
I/APP     (  289): I 10/24/2011 04:32:00:278 00000130           HttpServer| Process URI: '/system/activateapp'
I/APP     (  289): I 10/24/2011 04:32:00:283 0000012b         AppCallbacks| ThreadQueue blocked for 4294967295 seconds...
V/SimpleMainView(  289): ms[1319430720988] processForNativeView : [http://localhost:50970/app]
D/dalvikvm(  289): +++ not scanning '/system/lib/libwebcore.so' for 'getFactoryHandleByViewType' (wrong CL)
D/dalvikvm(  289): +++ not scanning '/system/lib/libexif.so' for 'getFactoryHandleByViewType' (wrong CL)
I/APP     (  289): I 10/24/2011 04:32:00:994 00000121       SimpleMainView| Cleared URL: http://localhost:50970/app
V/SimpleMainView.View(  289): ms[1319430721005]  Main Window :: onSizeChanged() old [ 480 x 762 ]  new [ 0 x 0 ]
I/APP     (  289): I 10/24/2011 04:32:01:147 00000130           HttpServer| Process URI: '/app'
I/APP     (  289): I 10/24/2011 04:32:01:277 00000121     RhoWebViewClient| Loading URL: http://localhost:50970/app/index_erb.iseq
I/APP     (  289): I 10/24/2011 04:32:01:298 00000130           HttpServer| Process URI: '/app/index_erb.iseq'
I/APP     (  289): I 10/24/2011 04:32:01:305 00000130                  APP| RHO serve_index: /app/index_erb.iseq
I/APP     (  289): I 10/24/2011 04:32:01:309 00000130 RHO Rho::RhoController| inst_render_index
I/APP     (  289): I 10/24/2011 04:32:01:327 00000130 RHO Rho::RhoController| index layout
I/APP     (  289): I 10/24/2011 04:32:01:618 00000130           HttpServer| Process URI: '/public/jquery/jquery-1.6.2.min.js'
D/dalvikvm(  289): GC freed 2695 objects / 622656 bytes in 178ms
D/webviewglue(  289): nativeDestroy view: 0x31d510
I/APP     (  289): I 10/24/2011 04:32:01:884 00000130           HttpServer| Process URI: '/public/jqmobile/jquery.mobile-1.0b2.min.css'
I/APP     (  289): I 10/24/2011 04:32:01:976 00000130           HttpServer| Process URI: '/public/css/jqmobile-patch.css'
I/APP     (  289): I 10/24/2011 04:32:02:031 00000130           HttpServer| Process URI: '/public/jqmobile/jquery.mobile-1.0b2.min.js'
I/APP     (  289): I 10/24/2011 04:32:02:151 00000130           HttpServer| Process URI: '/public/js/jqmobile-patch.js'
I/APP     (  289): I 10/24/2011 04:32:02:199 00000130           HttpServer| Process URI: '/public/css/android.css'
D/dalvikvm(  103): GC freed 5010 objects / 283544 bytes in 160ms
I/APP     (  289): I 10/24/2011 04:32:08:126 00000130           HttpServer| Process URI: '/public/jqmobile/images/icons-18-white.png'
D/dalvikvm(  219): GC freed 826 objects / 67728 bytes in 95ms
I/APP     (  289): I 10/24/2011 04:32:38:408 00000130           HttpServer| Process URI: '/app/Image'
I/APP     (  289): E 10/24/2011 04:32:38:411 00000130           HttpServer| The file /app/Image was not found
W/KeyCharacterMap(  289): No keyboard for id 0
W/KeyCharacterMap(  289): Using default keymap: /system/usr/keychars/qwerty.kcm.bin
D/CameraService(   31): Client::~Client E (pid 31, client 0xd228)
D/CameraService(   31): Client::disconnect() E (pid 31 client 0xd228)
D/CameraService(   31): Client::~Client X (pid 31)
D/dalvikvm(  289): GC freed 11398 objects / 1075152 bytes in 120ms
D/jdwp    (   53): +++ peer disconnected
I/dalvikvm(   53): Debugger has detached; object registry had 1 entries
D/jdwp    (  101): +++ peer disconnected
I/dalvikvm(  101): Debugger has detached; object registry had 1 entries
D/jdwp    (  103): +++ peer disconnected
I/dalvikvm(  103): Debugger has detached; object registry had 1 entries
D/jdwp    (  144): +++ peer disconnected
I/dalvikvm(  144): Debugger has detached; object registry had 1 entries
D/jdwp    (  166): +++ peer disconnected
I/dalvikvm(  166): Debugger has detached; object registry had 1 entries
D/jdwp    (  219): +++ peer disconnected
I/dalvikvm(  219): Debugger has detached; object registry had 1 entries
D/jdwp    (  289): +++ peer disconnected
I/dalvikvm(  289): Debugger has detached; object registry had 1 entries
D/jdwp    (  207): +++ peer disconnected
I/dalvikvm(  207): Debugger has detached; object registry had 1 entries
D/jdwp    (  197): +++ peer disconnected
I/dalvikvm(  197): Debugger has detached; object registry had 1 entries
I/jdwp    (   53): received file descriptor 62 from ADB
D/ddm-heap(   53): Got feature list request
I/jdwp    (  101): received file descriptor 10 from ADB
I/jdwp    (  103): received file descriptor 10 from ADB
D/ddm-heap(  101): Got feature list request
D/ddm-heap(  103): Got feature list request
I/jdwp    (  144): received file descriptor 20 from ADB
I/jdwp    (  166): received file descriptor 20 from ADB
D/ddm-heap(  144): Got feature list request
I/jdwp    (  197): received file descriptor 10 from ADB
D/ddm-heap(  166): Got feature list request
I/jdwp    (  207): received file descriptor 10 from ADB
D/ddm-heap(  197): Got feature list request
I/jdwp    (  219): received file descriptor 10 from ADB
D/ddm-heap(  207): Got feature list request
I/jdwp    (  289): received file descriptor 13 from ADB
D/ddm-heap(  219): Got feature list request
D/ddm-heap(  289): Got feature list request
D/AndroidRuntime(  327): 
D/AndroidRuntime(  327): >>>>>>>>>>>>>> AndroidRuntime START <<<<<<<<<<<<<<
D/AndroidRuntime(  327): CheckJNI is ON
D/AndroidRuntime(  327): --- registering native functions ---
I/jdwp    (  327): received file descriptor 19 from ADB
D/ddm-heap(  327): Got feature list request
D/PackageParser(   53): Scanning package: /data/app/vmdl13515.tmp
D/dalvikvm(   53): GC freed 27050 objects / 1413240 bytes in 173ms
I/PackageManager(   53): Removing non-system package:com.rhomobile.uspersona
D/PackageManager(   53): Removing package com.rhomobile.uspersona
D/PackageManager(   53): Unregistered content provider: com.rhomobile.uspersona, className = com.rhomobile.rhodes.LocalFileProvider, isSyncable = false
D/PackageManager(   53):   Providers: com.rhomobile.rhodes.LocalFileProvider
D/PackageManager(   53):   Services: com.rhomobile.rhodes.RhodesService
D/PackageManager(   53):   Activities: com.rhomobile.rhodes.RhodesActivity com.rhomobile.rhodes.alert.PopupActivity com.rhomobile.rhodes.camera.FileList com.rhomobile.rhodes.camera.ImageCapture com.rhomobile.rhodes.signature.ImageCapture com.rhomobile.rhodes.datetime.DateTimePickerScreen com.rhomobile.rhodes.mapview.MapView com.rhomobile.rhodes.mapview.GoogleMapView com.rhomobile.rhodes.bluetooth.RhoBluetoothDeviceListActivity
D/PackageManager(   53): Scanning package com.rhomobile.uspersona
I/PackageManager(   53): /data/app/vmdl13515.tmp changed; unpacking
D/PackageManager(   53): Caching shared lib lib/armeabi/librhodes.so
D/installd(   32): DexInv: --- BEGIN '/data/app/vmdl13515.tmp' ---
D/dalvikvm(  334): DexOpt: load 107ms, verify 543ms, opt 17ms
D/installd(   32): DexInv: --- END '/data/app/vmdl13515.tmp' (success) ---
D/PackageManager(   53): Registered content provider: com.rhomobile.uspersona, className = com.rhomobile.rhodes.LocalFileProvider, isSyncable = false
D/PackageManager(   53):   Providers: com.rhomobile.rhodes.LocalFileProvider
D/PackageManager(   53):   Services: com.rhomobile.rhodes.RhodesService
D/PackageManager(   53):   Activities: com.rhomobile.rhodes.RhodesActivity com.rhomobile.rhodes.alert.PopupActivity com.rhomobile.rhodes.camera.FileList com.rhomobile.rhodes.camera.ImageCapture com.rhomobile.rhodes.signature.ImageCapture com.rhomobile.rhodes.datetime.DateTimePickerScreen com.rhomobile.rhodes.mapview.MapView com.rhomobile.rhodes.mapview.GoogleMapView com.rhomobile.rhodes.bluetooth.RhoBluetoothDeviceListActivity
D/ActivityManager(   53): Uninstalling process com.rhomobile.uspersona
D/ActivityManager(   53): Force removing process ProcessRecord{43a0c628 289:com.rhomobile.uspersona/10028} (com.rhomobile.uspersona/10028)
W/ActivityManager(   53): Scheduling restart of crashed service com.rhomobile.uspersona/com.rhomobile.rhodes.RhodesService in 5000ms
I/Process (   53): Sending signal. PID: 289 SIG: 9
W/UsageStats(   53): Unexpected resume of com.android.launcher while already resumed in com.rhomobile.uspersona
I/WindowManager(   53): WIN DEATH: Window{438a2c18 com.rhomobile.uspersona/com.rhomobile.rhodes.RhodesActivity paused=false}
W/InputManagerService(   53): Got RemoteException sending setActive(false) notification to pid 289 uid 10028
D/ActivityManager(   53): Received spurious death notification for thread android.os.BinderProxy@43972c38
E/ActivityThread(   53): Failed to find provider info for android.server.checkin
W/Checkin (   53): Can't log event SYSTEM_SERVICE_LOOPING: java.lang.IllegalArgumentException: Unknown URL content://android.server.checkin/events
I/installd(   32): move /data/dalvik-cache/data@app@vmdl13515.tmp@classes.dex -> /data/dalvik-cache/data@app@com.rhomobile.uspersona.apk@classes.dex
D/PackageManager(   53): New package installed in /data/app/com.rhomobile.uspersona.apk
D/AndroidRuntime(  327): Shutting down VM
D/dalvikvm(  327): DestroyJavaVM waiting for non-daemon threads to exit
D/ActivityManager(   53): Uninstalling process com.rhomobile.uspersona
D/dalvikvm(  327): DestroyJavaVM shutting VM down
D/dalvikvm(  327): HeapWorker thread shutting down
D/dalvikvm(  327): HeapWorker thread has shut down
D/jdwp    (  327): JDWP shutting down net...
D/jdwp    (  327): Got wake-up signal, bailing out of select
I/dalvikvm(  327): Debugger has detached; object registry had 1 entries
D/dalvikvm(  327): VM cleaning up
D/dalvikvm(  327): LinearAlloc 0x0 used 665236 of 4194304 (15%)
D/dalvikvm(   53): GC freed 17469 objects / 796032 bytes in 299ms
W/ResourceType(   53): No package identifier when getting value for resource number 0x7f060000
W/ResourceType(   53): No package identifier when getting value for resource number 0x7f060001
W/ResourceType(   53): No package identifier when getting value for resource number 0x7f060000
W/ResourceType(   53): No package identifier when getting value for resource number 0x7f060001
D/dalvikvm(  103): GC freed 291 objects / 15944 bytes in 247ms
D/HomeLoaders(  103): application intent received: android.intent.action.PACKAGE_REMOVED, replacing=true
D/HomeLoaders(  103):   --> package:com.rhomobile.uspersona
D/HomeLoaders(  103): application intent received: android.intent.action.PACKAGE_ADDED, replacing=true
D/HomeLoaders(  103):   --> package:com.rhomobile.uspersona
D/HomeLoaders(  103):   --> update package com.rhomobile.uspersona
D/AndroidRuntime(  341): 
D/AndroidRuntime(  341): >>>>>>>>>>>>>> AndroidRuntime START <<<<<<<<<<<<<<
D/AndroidRuntime(  341): CheckJNI is ON
D/AndroidRuntime(  341): --- registering native functions ---
I/jdwp    (  341): received file descriptor 19 from ADB
D/ddm-heap(  341): Got feature list request
I/ActivityManager(   53): Starting activity: Intent { act=android.intent.action.MAIN flg=0x10000000 cmp=com.rhomobile.uspersona/com.rhomobile.rhodes.RhodesActivity }
D/AndroidRuntime(  341): Shutting down VM
D/dalvikvm(  341): DestroyJavaVM waiting for non-daemon threads to exit
I/ActivityManager(   53): Start proc com.rhomobile.uspersona for activity com.rhomobile.uspersona/com.rhomobile.rhodes.RhodesActivity: pid=348 uid=10028 gids={1006, 3003}
D/dalvikvm(  341): DestroyJavaVM shutting VM down
D/dalvikvm(  341): HeapWorker thread shutting down
D/dalvikvm(  341): HeapWorker thread has shut down
D/jdwp    (  341): JDWP shutting down net...
D/jdwp    (  341): +++ peer disconnected
I/dalvikvm(  341): Debugger has detached; object registry had 1 entries
D/dalvikvm(  341): VM cleaning up
D/dalvikvm(  341): LinearAlloc 0x0 used 676828 of 4194304 (16%)
I/jdwp    (  348): received file descriptor 10 from ADB
D/ddm-heap(  348): Got feature list request
D/dalvikvm(  348): Trying to load lib /data/data/com.rhomobile.uspersona/lib/librhodes.so 0x439473c0
D/dalvikvm(  348): Added shared lib /data/data/com.rhomobile.uspersona/lib/librhodes.so 0x439473c0
I/ActivityThread(  348): Publishing provider com.rhomobile.uspersona: com.rhomobile.rhodes.LocalFileProvider
D/CameraService(   31): CameraService::connect E (pid 348, client 0xd228)
D/CameraService(   31): Client::Client E (pid 348)
D/CameraHardwareStub(   31): initHeapLocked: preview size=176x144
E/MediaPlayer(   31): Unable to to create media player
E/CameraService(   31): Failed to load CameraService sounds.
E/MediaPlayer(   31): Unable to to create media player
E/CameraService(   31): Failed to load CameraService sounds.
D/CameraService(   31): Client::Client X (pid 348)
D/CameraService(   31): CameraService::connect X
D/dalvikvm(  348): +++ not scanning '/system/lib/libwebcore.so' for 'isTitleEnabled' (wrong CL)
D/dalvikvm(  348): +++ not scanning '/system/lib/libexif.so' for 'isTitleEnabled' (wrong CL)
D/Camera-JNI(  348): release camera
D/CameraService(   31): Client::disconnect() E (pid 348 client 0xd228)
D/CameraService(   31): hardware teardown
D/CameraService(   31): removeClient (pid 348) done
D/CameraService(   31): Client::disconnect() X (pid 348)
D/dalvikvm(  348): GC freed 1501 objects / 129968 bytes in 75ms
I/RhodesActivity(  348): >>>>>>>>>>>>>>> onCreate()
D/dalvikvm(  348): +++ not scanning '/system/lib/libwebcore.so' for 'T' (wrong CL)
D/dalvikvm(  348): +++ not scanning '/system/lib/libexif.so' for 'T' (wrong CL)
D/dalvikvm(  348): +++ not scanning '/system/lib/libwebcore.so' for 'I' (wrong CL)
D/dalvikvm(  348): +++ not scanning '/system/lib/libexif.so' for 'I' (wrong CL)
D/RhodesActivity(  348): RhodesActivity.onStart()
D/RhodesActivity(  348): RhodesActivity.onResume()
D/dalvikvm(  348): +++ not scanning '/system/lib/libwebcore.so' for 'initClassLoader' (wrong CL)
D/dalvikvm(  348): +++ not scanning '/system/lib/libexif.so' for 'initClassLoader' (wrong CL)
D/RhodesService(  348): Root path: null
D/RhoFileApi(  348): App root path: /data/data/com.rhomobile.uspersona/rhodata/
D/RhoFileApi(  348): Sqlite journals path: /data/data/com.rhomobile.uspersona/sqlite_stmt_journals/
D/dalvikvm(  348): +++ not scanning '/system/lib/libwebcore.so' for 'nativeInitPath' (wrong CL)
D/dalvikvm(  348): +++ not scanning '/system/lib/libexif.so' for 'nativeInitPath' (wrong CL)
D/dalvikvm(  348): +++ not scanning '/system/lib/libwebcore.so' for 'nativeInit' (wrong CL)
D/dalvikvm(  348): +++ not scanning '/system/lib/libexif.so' for 'nativeInit' (wrong CL)
I/global  (  348): Default buffer size used in BufferedReader constructor. It would be better to be explicit if an 8k-char buffer is required.
D/dalvikvm(  348): +++ not scanning '/system/lib/libwebcore.so' for 'updateStatTable' (wrong CL)
D/dalvikvm(  348): +++ not scanning '/system/lib/libexif.so' for 'updateStatTable' (wrong CL)
I/RhodesService(  348): Application hash was changed
W/ActivityManager(   53): No content provider found for: 
D/RhoFileApi(  348): App root path: /data/data/com.rhomobile.uspersona/rhodata/
D/RhoFileApi(  348): Sqlite journals path: /data/data/com.rhomobile.uspersona/sqlite_stmt_journals/
I/global  (  348): Default buffer size used in BufferedReader constructor. It would be better to be explicit if an 8k-char buffer is required.
D/RhoFileApi(  348): Copy hash to FS
D/RhoFileApi(  348): File hash copied
D/dalvikvm(  348): +++ not scanning '/system/lib/libwebcore.so' for 'createRhodesApp' (wrong CL)
D/dalvikvm(  348): +++ not scanning '/system/lib/libexif.so' for 'createRhodesApp' (wrong CL)
I/APP     (  348): I 10/24/2011 04:40:42:332 0000015c            RhodesApp| Trying to get free listening port.
I/APP     (  348): I 10/24/2011 04:40:42:357 0000015c            RhodesApp| Trying to bind of 0 port...
I/APP     (  348): I 10/24/2011 04:40:42:358 0000015c            RhodesApp| Got port to bind on: 42859
I/APP     (  348): I 10/24/2011 04:40:42:360 0000015c            RhodesApp| Free listening port: 42859
D/dalvikvm(  348): +++ not scanning '/system/lib/libwebcore.so' for 'nativeStart' (wrong CL)
I/APP     (  348): I 10/24/2011 04:40:42:316 00000166         AppCallbacks| Starting main routine...
I/APP     (  348): I 10/24/2011 04:40:42:365 00000166         AppCallbacks| ThreadQueue blocked for 4294967295 seconds...
D/dalvikvm(  348): +++ not scanning '/system/lib/libexif.so' for 'nativeStart' (wrong CL)
D/dalvikvm(  348): +++ not scanning '/system/lib/libwebcore.so' for 'isExist' (wrong CL)
D/dalvikvm(  348): +++ not scanning '/system/lib/libexif.so' for 'isExist' (wrong CL)
I/APP     (  348): I 10/24/2011 04:40:42:447 0000015c               Rhodes| Loading...
D/dalvikvm(  348): GC freed 5156 objects / 379984 bytes in 86ms
D/dalvikvm(  348): +++ not scanning '/system/lib/libwebcore.so' for 'getInt' (wrong CL)
D/dalvikvm(  348): +++ not scanning '/system/lib/libexif.so' for 'getInt' (wrong CL)
D/dalvikvm(  348): +++ not scanning '/system/lib/libwebcore.so' for 'startRhodesApp' (wrong CL)
D/dalvikvm(  348): +++ not scanning '/system/lib/libexif.so' for 'startRhodesApp' (wrong CL)
I/APP     (  348): I 10/24/2011 04:40:43:052 0000016b            RhodesApp| Starting RhodesApp main routine...
D/dalvikvm(  348): +++ not scanning '/system/lib/libwebcore.so' for 'callActivationCallback' (wrong CL)
D/dalvikvm(  348): +++ not scanning '/system/lib/libexif.so' for 'callActivationCallback' (wrong CL)
I/APP     (  348): I 10/24/2011 04:40:43:062 0000015c            RhodesApp| callAppActiveCallback
I/APP     (  348): I 10/24/2011 04:40:43:071 0000015c         AppCallbacks| addCommand: APP-ACTIVATED
I/APP     (  348): I 10/24/2011 04:40:43:074 00000166         AppCallbacks| Received command APP-ACTIVATED which is greater than expected (LOCAL-SERVER-STARTED) - postpone it
I/APP     (  348): I 10/24/2011 04:40:43:075 00000166         AppCallbacks| ThreadQueue blocked for 4294967295 seconds...
I/APP     (  348): I 10/24/2011 04:40:43:076 0000015c         AppActivated| Cannot commit now, application will be activated when started.
I/APP     (  348): I 10/24/2011 04:40:43:077 0000015c            Undefined| Handlers have completed.
I/APP     (  348): I 10/24/2011 04:40:43:091 0000015c    RhodesApplication| New AppState: Undefined
D/dalvikvm(  348): +++ not scanning '/system/lib/libwebcore.so' for 'D' (wrong CL)
D/dalvikvm(  348): +++ not scanning '/system/lib/libexif.so' for 'D' (wrong CL)
I/APP     (  348): I 10/24/2011 04:40:43:095 0000015c        RhodesService| handleCommand: startId=1, source=com.rhomobile.rhodes.BaseActivity
I/APP     (  348): I 10/24/2011 04:40:43:097 0000015c        RhodesService| New activity was created
D/dalvikvm(  348): +++ not scanning '/system/lib/libwebcore.so' for 'callUiCreatedCallback' (wrong CL)
D/dalvikvm(  348): +++ not scanning '/system/lib/libexif.so' for 'callUiCreatedCallback' (wrong CL)
I/APP     (  348): I 10/24/2011 04:40:43:104 0000015c         AppCallbacks| addCommand: UI-CREATED
I/APP     (  348): I 10/24/2011 04:40:43:105 00000166         AppCallbacks| Received command UI-CREATED which is greater than expected (LOCAL-SERVER-STARTED) - postpone it
I/APP     (  348): I 10/24/2011 04:40:43:105 00000166         AppCallbacks| ThreadQueue blocked for 4294967295 seconds...
I/APP     (  348): I 10/24/2011 04:40:43:235 0000015c       RhodesActivity| onServiceConnected: {com.rhomobile.uspersona/com.rhomobile.rhodes.RhodesService}
D/dalvikvm(  348): +++ not scanning '/system/lib/libwebcore.so' for 'canStartApp' (wrong CL)
D/dalvikvm(  348): +++ not scanning '/system/lib/libexif.so' for 'canStartApp' (wrong CL)
I/APP     (  348): I 10/24/2011 04:40:43:237 0000015c            RhodesApp| New start params: 
D/dalvikvm(  348): +++ not scanning '/system/lib/libwebcore.so' for 'getBool' (wrong CL)
D/dalvikvm(  348): +++ not scanning '/system/lib/libexif.so' for 'getBool' (wrong CL)
W/InputManagerService(   53): Starting input on non-focused client com.android.internal.view.IInputMethodClient$Stub$Proxy@438c4c68 (uid=10001 pid=103)
I/ActivityManager(   53): Displayed activity com.rhomobile.uspersona/com.rhomobile.rhodes.RhodesActivity: 2172 ms (total 2172 ms)
I/APP     (  348): I 10/24/2011 04:40:43:689 0000016b              RhoRuby| Init_RhoBlobs: /data/data/com.rhomobile.uspersona/rhodata/db/db-files
I/APP     (  348): I 10/24/2011 04:40:43:772 0000016b              RhoRuby| require_compiled: rhoframework
I/APP     (  348): I 10/24/2011 04:40:43:812 0000016b              RhoRuby| require_compiled: rational
I/APP     (  348): I 10/24/2011 04:40:43:822 0000016b              RhoRuby| require_compiled: rhom/rhom_db_adapter
I/APP     (  348): I 10/24/2011 04:40:43:868 0000016b              RhoRuby| require_compiled: rhodes
I/APP     (  348): I 10/24/2011 04:40:43:878 0000016b              RhoRuby| require_compiled: rhom/rhom_object
I/APP     (  348): I 10/24/2011 04:40:43:889 0000016b              RhoRuby| require_compiled: rhofsconnector
I/APP     (  348): I 10/24/2011 04:40:43:894 0000016b              RhoRuby| require_compiled: rho/rhofsconnector
I/APP     (  348): I 10/24/2011 04:40:43:909 0000016b              RhoRuby| require_compiled: rhom/rhom_object_factory
I/APP     (  348): I 10/24/2011 04:40:44:172 0000016b              RhoRuby| require_compiled: rhom/rhom
I/APP     (  348): I 10/24/2011 04:40:44:197 0000016b              RhoRuby| require_compiled: rhom/rhom_model
I/APP     (  348): I 10/24/2011 04:40:44:225 0000016b              RhoRuby| require_compiled: rhom
I/APP     (  348): I 10/24/2011 04:40:44:229 0000016b              RhoRuby| require_compiled: rho/rhoapplication
I/APP     (  348): I 10/24/2011 04:40:44:261 0000016b              RhoRuby| require_compiled: rholang/localization_simplified
I/APP     (  348): I 10/24/2011 04:40:44:293 0000016b                  APP| Current locale: en; Country code: us
I/APP     (  348): I 10/24/2011 04:40:44:294 0000016b                  APP| file: /data/data/com.rhomobile.uspersona/rhodata/lib/rholang/lang_
I/APP     (  348): I 10/24/2011 04:40:44:297 0000016b              RhoRuby| require_compiled: /data/data/com.rhomobile.uspersona/rhodata/lib/rholang/lang_en
I/APP     (  348): I 10/24/2011 04:40:44:310 0000016b              RhoRuby| require_compiled: rho/rhomsg
I/APP     (  348): I 10/24/2011 04:40:44:317 0000016b                  APP| Current locale: en; Country code: us
I/APP     (  348): I 10/24/2011 04:40:44:318 0000016b                  APP| file: /data/data/com.rhomobile.uspersona/rhodata/lib/rholang/rhomsg_
I/APP     (  348): I 10/24/2011 04:40:44:320 0000016b              RhoRuby| require_compiled: /data/data/com.rhomobile.uspersona/rhodata/lib/rholang/rhomsg_en
I/APP     (  348): I 10/24/2011 04:40:44:327 0000016b              RhoRuby| require_compiled: rho/rhotabbar
I/APP     (  348): I 10/24/2011 04:40:44:340 0000016b              RhoRuby| require_compiled: rho/rhotoolbar
I/APP     (  348): I 10/24/2011 04:40:44:347 0000016b              RhoRuby| require_compiled: indifferent_access
I/APP     (  348): I 10/24/2011 04:40:44:370 0000016b              RhoRuby| require_compiled: rho/rhosupport
I/APP     (  348): I 10/24/2011 04:40:44:412 0000016b              RhoRuby| require_compiled: rho/rhocontroller
I/APP     (  348): I 10/24/2011 04:40:44:434 0000016b              RhoRuby| require_compiled: rho/render
I/APP     (  348): I 10/24/2011 04:40:44:483 0000016b              RhoRuby| require_compiled: rho/rho
I/APP     (  348): I 10/24/2011 04:40:44:670 0000016b              RhoRuby| require_compiled: rho/rhoerror
I/APP     (  348): I 10/24/2011 04:40:44:679 0000016b                  APP| Current locale: en; Country code: us
I/APP     (  348): I 10/24/2011 04:40:44:681 0000016b                  APP| file: /data/data/com.rhomobile.uspersona/rhodata/lib/rholang/rhoerror_
I/APP     (  348): I 10/24/2011 04:40:44:684 0000016b              RhoRuby| require_compiled: /data/data/com.rhomobile.uspersona/rhodata/lib/rholang/rhoerror_en
I/APP     (  348): I 10/24/2011 04:40:44:694 0000016b              RhoRuby| require_compiled: rhom/rhom_source
I/APP     (  348): I 10/24/2011 04:40:44:722 0000016b              RhoRuby| require_compiled: rho/rhoviewhelpers
I/APP     (  348): I 10/24/2011 04:40:44:746 0000016b              RhoRuby| require_compiled: rho
I/APP     (  348): I 10/24/2011 04:40:44:751 0000016b                  APP| RHO loaded
I/APP     (  348): I 10/24/2011 04:40:44:752 0000016b                  APP| Calling RHO.initialize
I/APP     (  348): I 10/24/2011 04:40:44:756 0000016b                   DB| Open DB: /data/data/com.rhomobile.uspersona/rhodata/db/syncdbuser.sqlite
I/APP     (  348): I 10/24/2011 04:40:44:814 0000016b            RhodesApp| Starting sync engine...
I/APP     (  348): I 10/24/2011 04:40:44:817 0000016b                 Sync| sync_poll_interval: 0
I/APP     (  348): I 10/24/2011 04:40:44:818 0000016b                 Sync| syncserver: 
I/APP     (  348): I 10/24/2011 04:40:44:819 0000016b                 Sync| bulksync_state: 0
I/APP     (  348): I 10/24/2011 04:40:44:820 0000016b            RhodesApp| RhoRubyInitApp...
I/APP     (  348): I 10/24/2011 04:40:44:822 0000016b                  APP| init_app
I/APP     (  348): I 10/24/2011 04:40:44:824 0000016b              RhoRuby| require_compiled: application
I/APP     (  348): I 10/24/2011 04:40:44:829 0000016b                  APP| Current locale: en; Country code: us
I/APP     (  348): I 10/24/2011 04:40:44:835 0000016b                  APP| on_reinstall_config_update: {"LogToOutput"=>["0", "1"]}
I/APP     (  348): I 10/24/2011 04:40:44:841 0000016b           HttpServer| Start HTTP server
I/APP     (  348): I 10/24/2011 04:40:44:843 0000016b           HttpServer| Listen for connections on port 42859
I/APP     (  348): I 10/24/2011 04:40:44:844 0000016b         AppCallbacks| addCommand: LOCAL-SERVER-STARTED
I/APP     (  348): I 10/24/2011 04:40:44:845 00000166         AppCallbacks| process command: LOCAL-SERVER-STARTED
I/APP     (  348): I 10/24/2011 04:40:44:846 00000166           AppStarted| Handlers have completed.
I/APP     (  348): I 10/24/2011 04:40:44:846 00000166         AppActivated| Handlers have completed.
I/APP     (  348): I 10/24/2011 04:40:44:847 00000166    RhodesApplication| New AppState: AppActivated
I/APP     (  348): I 10/24/2011 04:40:44:847 00000166         AppCallbacks| process command: UI-CREATED
I/APP     (  348): I 10/24/2011 04:40:44:877 0000016b           HttpServer| Process URI: '/system/uicreated'
I/APP     (  348): I 10/24/2011 04:40:44:879 0000016b                  APP| on_ui_created.navigate to start url: '/app'
D/dalvikvm(  348): +++ not scanning '/system/lib/libwebcore.so' for 'howLongWaitMs' (wrong CL)
D/dalvikvm(  348): +++ not scanning '/system/lib/libexif.so' for 'howLongWaitMs' (wrong CL)
V/SplashScreen(  348): ms[1319431244883] $$$$$$$$$$$$$$$$$$$$$$$     DELAY for SplashScreen = 489
I/APP     (  348): I 10/24/2011 04:40:44:910 00000166         AppCallbacks| process command: APP-ACTIVATED
I/APP     (  348): I 10/24/2011 04:40:44:948 0000016b           HttpServer| Process URI: '/system/activateapp'
I/APP     (  348): I 10/24/2011 04:40:44:954 00000166         AppCallbacks| ThreadQueue blocked for 4294967295 seconds...
V/SimpleMainView(  348): ms[1319431245481] processForNativeView : [http://localhost:42859/app]
D/dalvikvm(  348): +++ not scanning '/system/lib/libwebcore.so' for 'getFactoryHandleByViewType' (wrong CL)
D/dalvikvm(  348): +++ not scanning '/system/lib/libexif.so' for 'getFactoryHandleByViewType' (wrong CL)
I/APP     (  348): I 10/24/2011 04:40:45:510 0000015c       SimpleMainView| Cleared URL: http://localhost:42859/app
V/SimpleMainView.View(  348): ms[1319431245544]  Main Window :: onSizeChanged() old [ 480 x 762 ]  new [ 0 x 0 ]
I/APP     (  348): I 10/24/2011 04:40:45:661 0000016b           HttpServer| Process URI: '/app'
I/APP     (  348): I 10/24/2011 04:40:45:769 0000015c     RhoWebViewClient| Loading URL: http://localhost:42859/app/index_erb.iseq
I/APP     (  348): I 10/24/2011 04:40:45:791 0000016b           HttpServer| Process URI: '/app/index_erb.iseq'
I/APP     (  348): I 10/24/2011 04:40:45:796 0000016b                  APP| RHO serve_index: /app/index_erb.iseq
I/APP     (  348): I 10/24/2011 04:40:45:800 0000016b RHO Rho::RhoController| inst_render_index
I/APP     (  348): I 10/24/2011 04:40:45:819 0000016b RHO Rho::RhoController| index layout
I/APP     (  348): I 10/24/2011 04:40:46:103 0000016b           HttpServer| Process URI: '/public/jquery/jquery-1.6.2.min.js'
D/dalvikvm(  348): GC freed 2648 objects / 620992 bytes in 97ms
D/webviewglue(  348): nativeDestroy view: 0x31deb0
I/APP     (  348): I 10/24/2011 04:40:46:307 0000016b           HttpServer| Process URI: '/public/jqmobile/jquery.mobile-1.0b2.min.css'
I/APP     (  348): I 10/24/2011 04:40:46:390 0000016b           HttpServer| Process URI: '/public/css/jqmobile-patch.css'
I/APP     (  348): I 10/24/2011 04:40:46:479 0000016b           HttpServer| Process URI: '/public/jqmobile/jquery.mobile-1.0b2.min.js'
I/APP     (  348): I 10/24/2011 04:40:46:553 0000016b           HttpServer| Process URI: '/public/js/jqmobile-patch.js'
I/APP     (  348): I 10/24/2011 04:40:46:606 0000016b           HttpServer| Process URI: '/public/css/android.css'
D/dalvikvm(  103): GC freed 3406 objects / 196112 bytes in 143ms
I/APP     (  348): I 10/24/2011 04:40:52:730 0000016b           HttpServer| Process URI: '/public/jqmobile/images/icons-18-white.png'
D/dalvikvm(  219): GC freed 154 objects / 6400 bytes in 67ms
I/APP     (  348): I 10/24/2011 04:40:57:626 0000016b           HttpServer| Process URI: '/app/Image'
I/APP     (  348): E 10/24/2011 04:40:57:636 0000016b           HttpServer| The file /app/Image was not found
I/APP     (  348): I 10/24/2011 04:41:02:210 0000016b           HttpServer| Process URI: '/app/Image'
I/APP     (  348): E 10/24/2011 04:41:02:212 0000016b           HttpServer| The file /app/Image was not found
D/dalvikvm(  101): GC freed 12035 objects / 684656 bytes in 128ms
D/CameraService(   31): Client::~Client E (pid 31, client 0xd228)
D/CameraService(   31): Client::disconnect() E (pid 31 client 0xd228)
D/CameraService(   31): Client::~Client X (pid 31)
D/dalvikvm(  348): GC freed 12722 objects / 1138192 bytes in 117ms
D/jdwp    (   53): +++ peer disconnected
I/dalvikvm(   53): Debugger has detached; object registry had 1 entries
D/jdwp    (  101): +++ peer disconnected
I/dalvikvm(  101): Debugger has detached; object registry had 1 entries
D/jdwp    (  103): +++ peer disconnected
I/dalvikvm(  103): Debugger has detached; object registry had 1 entries
D/jdwp    (  144): +++ peer disconnected
I/dalvikvm(  144): Debugger has detached; object registry had 1 entries
D/jdwp    (  166): +++ peer disconnected
I/dalvikvm(  166): Debugger has detached; object registry had 1 entries
D/jdwp    (  197): +++ peer disconnected
I/dalvikvm(  197): Debugger has detached; object registry had 1 entries
D/jdwp    (  207): +++ peer disconnected
I/dalvikvm(  207): Debugger has detached; object registry had 1 entries
D/jdwp    (  219): +++ peer disconnected
I/dalvikvm(  219): Debugger has detached; object registry had 1 entries
D/jdwp    (  348): +++ peer disconnected
I/dalvikvm(  348): Debugger has detached; object registry had 1 entries
I/jdwp    (   53): received file descriptor 62 from ADB
I/jdwp    (  101): received file descriptor 10 from ADB
D/ddm-heap(   53): Got feature list request
I/jdwp    (  103): received file descriptor 10 from ADB
D/ddm-heap(  101): Got feature list request
I/jdwp    (  144): received file descriptor 20 from ADB
D/ddm-heap(  103): Got feature list request
I/jdwp    (  166): received file descriptor 20 from ADB
D/ddm-heap(  144): Got feature list request
I/jdwp    (  197): received file descriptor 10 from ADB
D/ddm-heap(  166): Got feature list request
I/jdwp    (  207): received file descriptor 10 from ADB
D/ddm-heap(  197): Got feature list request
I/jdwp    (  219): received file descriptor 10 from ADB
D/ddm-heap(  207): Got feature list request
I/jdwp    (  348): received file descriptor 10 from ADB
D/ddm-heap(  219): Got feature list request
D/ddm-heap(  348): Got feature list request
D/AndroidRuntime(  386): 
D/AndroidRuntime(  386): >>>>>>>>>>>>>> AndroidRuntime START <<<<<<<<<<<<<<
D/AndroidRuntime(  386): CheckJNI is ON
D/AndroidRuntime(  386): --- registering native functions ---
I/jdwp    (  386): received file descriptor 19 from ADB
D/ddm-heap(  386): Got feature list request
D/PackageParser(   53): Scanning package: /data/app/vmdl13517.tmp
D/dalvikvm(   53): GC freed 19969 objects / 1108056 bytes in 159ms
I/PackageManager(   53): Removing non-system package:com.rhomobile.uspersona
D/PackageManager(   53): Removing package com.rhomobile.uspersona
D/PackageManager(   53): Unregistered content provider: com.rhomobile.uspersona, className = com.rhomobile.rhodes.LocalFileProvider, isSyncable = false
D/PackageManager(   53):   Providers: com.rhomobile.rhodes.LocalFileProvider
D/PackageManager(   53):   Services: com.rhomobile.rhodes.RhodesService
