I/vold    (   27): Android Volume Daemon version 2.0
I/DEBUG   (   28): debuggerd: Nov 24 2009 13:56:31
I/vold    (   27): New MMC card 'SU02G' (serial 1012966) added @ /devices/platform/goldfish_mmc.0/mmc_host/mmc0/mmc0:e118
I/vold    (   27): Disk (blkdev 179:0), 65536 secs (32 MB) 0 partitions
I/vold    (   27): New blkdev 179.0 on media SU02G, media path /devices/platform/goldfish_mmc.0/mmc_host/mmc0/mmc0:e118, Dpp 0
I/vold    (   27): Evaluating dev '/devices/platform/goldfish_mmc.0/mmc_host/mmc0/mmc0:e118/block/mmcblk0' for mountable filesystems for '/sdcard'
I/vold    (   27): Aborting start of /sdcard (bootstrap = 1)
I/vold    (   27): Volmgr not ready to handle device
E/vold    (   27): Error opening switch name path '/sys/class/switch/test2' (No such file or directory)
E/vold    (   27): Error bootstrapping switch '/sys/class/switch/test2' (No such file or directory)
E/vold    (   27): Error opening switch name path '/sys/class/switch/test' (No such file or directory)
E/vold    (   27): Error bootstrapping switch '/sys/class/switch/test' (No such file or directory)
D/vold    (   27): Bootstrapping complete
D/qemud   (   35): entering main loop
D/qemud   (   35): fdhandler_accept_event: accepting on fd 10
D/qemud   (   35): created client 0xe078 listening on fd 8
D/qemud   (   35): client_fd_receive: attempting registration for service 'boot-properties'
D/qemud   (   35): client_fd_receive:    -> received channel id 1
D/qemud   (   35): client_registration: registration succeeded for client 1
I/qemu-props(   45): connected to 'boot-properties' qemud service.
I/qemu-props(   45): received: dalvik.vm.heapsize=24m
I/qemu-props(   45): received: qemu.sf.lcd_density=240
I/qemu-props(   45): received: 
I/qemu-props(   45): invalid format, ignored.
D/AndroidRuntime(   30): 
D/AndroidRuntime(   30): >>>>>>>>>>>>>> AndroidRuntime START <<<<<<<<<<<<<<
D/AndroidRuntime(   30): CheckJNI is ON
D/qemud   (   35): fdhandler_accept_event: accepting on fd 10
D/qemud   (   35): created client 0xe078 listening on fd 11
D/qemud   (   35): fdhandler_event: disconnect on fd 11
D/qemud   (   35): fdhandler_accept_event: accepting on fd 10
D/qemud   (   35): created client 0xe078 listening on fd 11
D/qemud   (   35): client_fd_receive: attempting registration for service 'gsm'
D/qemud   (   35): client_fd_receive:    -> received channel id 2
D/qemud   (   35): client_registration: registration succeeded for client 2
I/        (   31): ServiceManager: 0xac38
I/AudioFlinger(   31): AudioFlinger's thread ready to run for output 0
I/CameraService(   31): CameraService started: pid=31
D/AndroidRuntime(   30): --- registering native functions ---
I/Zygote  (   30): Preloading classes...
D/dalvikvm(   30): GC freed 800 objects / 44048 bytes in 9ms
D/dalvikvm(   30): GC freed 240 objects / 13920 bytes in 4ms
D/dalvikvm(   30): GC freed 228 objects / 14376 bytes in 5ms
D/dalvikvm(   30): GC freed 505 objects / 31896 bytes in 5ms
D/dalvikvm(   30): Trying to load lib /system/lib/libexif.so 0x0
D/dalvikvm(   30): Added shared lib /system/lib/libexif.so 0x0
D/dalvikvm(   30): Trying to load lib /system/lib/libFFTEm.so 0x0
D/dalvikvm(   30): Added shared lib /system/lib/libFFTEm.so 0x0
D/dalvikvm(   30): Trying to load lib /system/lib/libmedia_jni.so 0x0
D/dalvikvm(   30): Added shared lib /system/lib/libmedia_jni.so 0x0
D/dalvikvm(   30): Trying to load lib /system/lib/libmedia_jni.so 0x0
D/dalvikvm(   30): Shared lib '/system/lib/libmedia_jni.so' already loaded in same CL 0x0
I/dalvikvm(   30): threadid=3: recursive native library load attempt (/system/lib/libmedia_jni.so)
D/dalvikvm(   30): Trying to load lib /system/lib/libmedia_jni.so 0x0
D/dalvikvm(   30): Shared lib '/system/lib/libmedia_jni.so' already loaded in same CL 0x0
I/dalvikvm(   30): threadid=3: recursive native library load attempt (/system/lib/libmedia_jni.so)
D/dalvikvm(   30): Trying to load lib /system/lib/libmedia_jni.so 0x0
D/dalvikvm(   30): Shared lib '/system/lib/libmedia_jni.so' already loaded in same CL 0x0
I/dalvikvm(   30): threadid=3: recursive native library load attempt (/system/lib/libmedia_jni.so)
D/dalvikvm(   30): GC freed 323 objects / 20144 bytes in 5ms
D/dalvikvm(   30): GC freed 3536 objects / 168944 bytes in 19ms
D/dalvikvm(   30): GC freed 133 objects / 8640 bytes in 12ms
D/dalvikvm(   30): GC freed 518 objects / 31496 bytes in 12ms
D/dalvikvm(   30): GC freed 175 objects / 9448 bytes in 15ms
D/dalvikvm(   30): GC freed 222 objects / 12440 bytes in 16ms
D/dalvikvm(   30): Trying to load lib /system/lib/libsrec_jni.so 0x0
D/dalvikvm(   30): Added shared lib /system/lib/libsrec_jni.so 0x0
D/dalvikvm(   30): Trying to load lib /system/lib/libsrec_jni.so 0x0
D/dalvikvm(   30): Shared lib '/system/lib/libsrec_jni.so' already loaded in same CL 0x0
D/dalvikvm(   30): GC freed 235 objects / 31976 bytes in 16ms
D/dalvikvm(   30): GC freed 764 objects / 46968 bytes in 27ms
D/dalvikvm(   30): GC freed 311 objects / 20088 bytes in 24ms
D/dalvikvm(   30): Trying to load lib /system/lib/libwebcore.so 0x0
D/dalvikvm(   30): Added shared lib /system/lib/libwebcore.so 0x0
D/dalvikvm(   30): GC freed 421 objects / 22544 bytes in 25ms
D/dalvikvm(   30): GC freed 441 objects / 29952 bytes in 27ms
D/dalvikvm(   30): GC freed 280 objects / 17712 bytes in 28ms
D/dalvikvm(   30): GC freed 467 objects / 27088 bytes in 28ms
D/dalvikvm(   30): GC freed 585 objects / 31568 bytes in 31ms
D/dalvikvm(   30): GC freed 1860 objects / 97432 bytes in 33ms
D/dalvikvm(   30): GC freed 656 objects / 49160 bytes in 32ms
D/dalvikvm(   30): GC freed 13139 objects / 470648 bytes in 56ms
D/dalvikvm(   30): GC freed 10438 objects / 443680 bytes in 52ms
D/dalvikvm(   30): GC freed 10305 objects / 466352 bytes in 56ms
D/dalvikvm(   30): GC freed 7715 objects / 461680 bytes in 52ms
D/dalvikvm(   30): GC freed 8311 objects / 458016 bytes in 54ms
D/dalvikvm(   30): GC freed 8936 objects / 513696 bytes in 66ms
D/dalvikvm(   30): GC freed 2111 objects / 134264 bytes in 47ms
D/dalvikvm(   30): GC freed 776 objects / 44280 bytes in 45ms
D/dalvikvm(   30): GC freed 527 objects / 34824 bytes in 47ms
D/dalvikvm(   30): GC freed 376 objects / 23632 bytes in 46ms
I/Zygote  (   30): ...preloaded 1355 classes in 6128ms.
D/dalvikvm(   30): GC freed 160 objects / 18280 bytes in 44ms
I/Zygote  (   30): Preloading resources...
D/dalvikvm(   30): GC freed 52 objects / 2512 bytes in 42ms
D/dalvikvm(   30): GC freed 253 objects / 11040 bytes in 47ms
D/dalvikvm(   30): GC freed 183 objects / 7264 bytes in 47ms
D/dalvikvm(   30): GC freed 392 objects / 18024 bytes in 44ms
D/dalvikvm(   30): GC freed 198 objects / 8816 bytes in 46ms
I/Zygote  (   30): ...preloaded 48 resources in 1052ms.
I/Zygote  (   30): ...preloaded 15 resources in 19ms.
D/dalvikvm(   30): GC freed 384 objects / 20088 bytes in 44ms
D/dalvikvm(   30): GC freed 136 objects / 5336 bytes in 45ms
D/dalvikvm(   30): GC freed 2 objects / 48 bytes in 45ms
I/dalvikvm(   30): Splitting out new zygote heap
I/dalvikvm(   30): System server process 53 has been created
I/Zygote  (   30): Accepting command socket connections
D/dalvikvm(   53): Trying to load lib /system/lib/libandroid_servers.so 0x0
D/dalvikvm(   53): Added shared lib /system/lib/libandroid_servers.so 0x0
I/sysproc (   53): Entered system_init()
I/sysproc (   53): ServiceManager: 0x7fba8
I/SurfaceFlinger(   53): SurfaceFlinger is starting
I/SurfaceFlinger(   53): SurfaceFlinger's main thread ready to run. Initializing graphics H/W...
E/MemoryHeapBase(   53): error opening /dev/pmem: No such file or directory
E/SurfaceFlinger(   53): Couldn't open /sys/power/wait_for_fb_sleep or /sys/power/wait_for_fb_wake
E/libEGL  (   53): couldn't load <libhgl.so> library (Cannot load library: load_library[984]: Library 'libhgl.so' not found)
I/SurfaceFlinger(   53): EGL informations:
I/SurfaceFlinger(   53): # of configs : 6
I/SurfaceFlinger(   53): vendor    : Android
I/SurfaceFlinger(   53): version   : 1.31 Android META-EGL
I/SurfaceFlinger(   53): extensions: 
I/SurfaceFlinger(   53): Client API: OpenGL ES
I/EGLDisplaySurface(   53): using (fd=21)
I/EGLDisplaySurface(   53): id           = 
I/EGLDisplaySurface(   53): xres         = 480 px
I/EGLDisplaySurface(   53): yres         = 800 px
I/EGLDisplaySurface(   53): xres_virtual = 480 px
I/EGLDisplaySurface(   53): yres_virtual = 1600 px
I/EGLDisplaySurface(   53): bpp          = 16
I/EGLDisplaySurface(   53): r            = 11:5
I/EGLDisplaySurface(   53): g            =  5:6
I/EGLDisplaySurface(   53): b            =  0:5
I/EGLDisplaySurface(   53): width        = 74 mm (164.756760 dpi)
I/EGLDisplaySurface(   53): height       = 123 mm (165.203247 dpi)
I/EGLDisplaySurface(   53): refresh rate = 60.00 Hz
W/HAL     (   53): load: module=/system/lib/hw/copybit.goldfish.so error=Cannot load library: load_library[984]: Library '/system/lib/hw/copybit.goldfish.so' not found
W/HAL     (   53): load: module=/system/lib/hw/copybit.default.so error=Cannot load library: load_library[984]: Library '/system/lib/hw/copybit.default.so' not found
I/SurfaceFlinger(   53): OpenGL informations:
I/SurfaceFlinger(   53): vendor    : Android
I/SurfaceFlinger(   53): renderer  : Android PixelFlinger 1.0
I/SurfaceFlinger(   53): version   : OpenGL ES-CM 1.0
I/SurfaceFlinger(   53): extensions: GL_OES_byte_coordinates GL_OES_fixed_point GL_OES_single_precision GL_OES_read_format GL_OES_compressed_paletted_texture GL_OES_draw_texture GL_OES_matrix_get GL_OES_query_matrix GL_ARB_texture_compression GL_ARB_texture_non_power_of_two GL_ANDROID_direct_texture GL_ANDROID_user_clip_plane GL_ANDROID_vertex_buffer_object GL_ANDROID_generate_mipmap 
W/HAL     (   53): load: module=/system/lib/hw/copybit.goldfish.so error=Cannot load library: load_library[984]: Library '/system/lib/hw/copybit.goldfish.so' not found
W/HAL     (   53): load: module=/system/lib/hw/copybit.default.so error=Cannot load library: load_library[984]: Library '/system/lib/hw/copybit.default.so' not found
W/HAL     (   53): load: module=/system/lib/hw/overlay.goldfish.so error=Cannot load library: load_library[984]: Library '/system/lib/hw/overlay.goldfish.so' not found
W/HAL     (   53): load: module=/system/lib/hw/overlay.default.so error=Cannot load library: load_library[984]: Library '/system/lib/hw/overlay.default.so' not found
I/sysproc (   53): System server: starting Android runtime.
I/sysproc (   53): System server: starting Android services.
I/SystemServer(   53): Entered the Android system server!
I/sysproc (   53): System server: entering thread pool.
I/SystemServer(   53): Starting Entropy Service.
V/RandomBlock(   53): reading from file /data/system/entropy.dat
V/RandomBlock(   53): writing to file /dev/urandom
V/RandomBlock(   53): reading from file /dev/urandom
V/RandomBlock(   53): writing to file /data/system/entropy.dat
I/SystemServer(   53): Starting Power Manager.
I/SystemServer(   53): Starting Activity Manager.
I/BootAnimation(   64): boot animation disabled
I/SystemServer(   53): Starting telephony registry
I/SystemServer(   53): Starting Package Manager.
I/Installer(   53): connecting...
I/installd(   32): new connection
I/PackageManager(   53): Got library android.test.runner in /system/framework/android.test.runner.jar
I/PackageManager(   53): Got library com.android.im.plugin in /system/framework/com.android.im.plugin.jar
D/dalvikvm(   53): GC freed 6093 objects / 278104 bytes in 92ms
W/PackageManager(   53): Running ENG build: no pre-dexopt!
D/PackageManager(   53): Scanning app dir /system/framework
V/PackageParser(   53): android:backupAgent = com.android.internal.backup.SystemBackupAgent from android+com.android.internal.backup.SystemBackupAgent
D/PackageManager(   53): Scanning app dir /system/app
D/dalvikvm(   53): GC freed 3976 objects / 210760 bytes in 75ms
V/PackageParser(   53): android:backupAgent = com.android.inputmethod.latin.LatinIMEBackupAgent from com.android.inputmethod.latin+LatinIMEBackupAgent
V/PackageParser(   53): android:backupAgent = com.android.providers.settings.SettingsBackupAgent from com.android.providers.settings+SettingsBackupAgent
W/PackageParser(   53): Intent filter for activity ActivityIntentInfo{4383d728 com.android.camera.ReviewImage} defines no actions
D/PackageManager(   53): Scanning app dir /data/app
D/dalvikvm(   53): GC freed 4954 objects / 283536 bytes in 85ms
W/PackageParser(   53): Intent filter for activity ActivityIntentInfo{4382f0c8 com.example.android.apis.media.MediaPlayerDemo_Audio} defines no actions
W/PackageParser(   53): Intent filter for activity ActivityIntentInfo{437b5c90 com.example.android.apis.media.MediaPlayerDemo_Video} defines no actions
D/PackageManager(   53): Scanning app dir /data/app-private
I/PackageManager(   53): Time to scan packages: 1.731 seconds
W/PackageManager(   53): Unknown permission android.permission.ADD_SYSTEM_SERVICE in package com.android.phone
W/PackageManager(   53): Unknown permission com.google.android.googleapps.permission.GOOGLE_AUTH in package com.android.providers.contacts
W/PackageManager(   53): Unknown permission com.google.android.googleapps.permission.GOOGLE_AUTH.cp in package com.android.providers.contacts
W/PackageManager(   53): Unknown permission com.google.android.providers.gmail.permission.WRITE_GMAIL in package com.android.settings
W/PackageManager(   53): Unknown permission com.google.android.providers.gmail.permission.READ_GMAIL in package com.android.settings
W/PackageManager(   53): Unknown permission com.google.android.googleapps.permission.GOOGLE_AUTH in package com.android.settings
W/PackageManager(   53): Unknown permission com.google.android.googleapps.permission.GOOGLE_AUTH in package com.android.development
W/PackageManager(   53): Unknown permission com.google.android.googleapps.permission.GOOGLE_AUTH.ALL_SERVICES in package com.android.development
W/PackageManager(   53): Unknown permission com.google.android.googleapps.permission.GOOGLE_AUTH.YouTubeUser in package com.android.development
W/PackageManager(   53): Unknown permission com.google.android.googleapps.permission.ACCESS_GOOGLE_PASSWORD in package com.android.development
W/PackageManager(   53): Unknown permission com.google.android.googleapps.permission.GOOGLE_AUTH in package com.google.android.providers.enhancedgooglesearch
W/PackageManager(   53): Unknown permission com.google.android.googleapps.permission.GOOGLE_AUTH.OTHER_SERVICES in package com.google.android.providers.enhancedgooglesearch
W/PackageManager(   53): Unknown permission com.google.android.googleapps.permission.GOOGLE_AUTH in package com.android.browser
W/PackageManager(   53): Unknown permission com.google.android.googleapps.permission.GOOGLE_AUTH.mail in package com.android.contacts
D/dalvikvm(   53): GC freed 4367 objects / 278072 bytes in 79ms
I/SystemServer(   53): Starting Content Manager.
I/SyncManager(   53): No initial accounts
I/SyncManager(   53): No initial status
I/SyncManager(   53): No initial pending operations
I/SyncManager(   53): No initial statistics
W/ActivityManager(   53): Unable to start service Intent { act=android.accounts.IAccountsService cmp=com.google.android.googleapps/.GoogleLoginService }: not found
W/AccountMonitor(   53): Couldn't connect to Intent { act=android.accounts.IAccountsService cmp=com.google.android.googleapps/.GoogleLoginService } (Missing service?)
I/SystemServer(   53): Starting System Content Providers.
I/ActivityThread(   53): Publishing provider settings: com.android.providers.settings.SettingsProvider
I/SystemServer(   53): Starting Battery Service.
E/BatteryService(   53): Could not open '/sys/class/power_supply/usb/online'
E/BatteryService(   53): Could not open '/sys/class/power_supply/battery/batt_vol'
E/BatteryService(   53): Could not open '/sys/class/power_supply/battery/batt_temp'
I/SystemServer(   53): Starting Hardware Service.
D/qemud   (   35): fdhandler_accept_event: accepting on fd 10
D/qemud   (   35): created client 0x11008 listening on fd 12
D/qemud   (   35): client_fd_receive: attempting registration for service 'hw-control'
D/qemud   (   35): client_fd_receive:    -> received channel id 3
D/qemud   (   35): client_registration: registration succeeded for client 3
W/HAL     (   53): load: module=/system/lib/hw/lights.goldfish.so error=Cannot load library: load_library[984]: Library '/system/lib/hw/lights.goldfish.so' not found
W/HAL     (   53): load: module=/system/lib/hw/lights.default.so error=Cannot load library: load_library[984]: Library '/system/lib/hw/lights.default.so' not found
I/SystemServer(   53): Starting Alarm Manager.
I/SystemServer(   53): Starting Sensor Service.
D/qemud   (   35): fdhandler_accept_event: accepting on fd 10
D/qemud   (   35): created client 0xc038 listening on fd 13
D/qemud   (   35): client_fd_receive: attempting registration for service 'sensors'
D/qemud   (   35): client_fd_receive:    -> received channel id 4
D/qemud   (   35): client_registration: registration succeeded for client 4
D/qemud   (   35): fdhandler_event: disconnect on fd 13
I/SystemServer(   53): Starting Window Manager.
I/EventHub(   53): New device: path=/dev/input/event0 name=qwerty2 id=0x10000 (of 0x1) index=1 fd=40 classes=0xf
I/EventHub(   53): New keyboard: publicID=65536 device->id=65536 devname='qwerty2' propName='hw.keyboards.65536.devname' keylayout='/system/usr/keylayout/qwerty.kl'
E/EventHub(   53): could not get driver version for /dev/input/mouse0, Not a typewriter
E/EventHub(   53): could not get driver version for /dev/input/mice, Not a typewriter
I/KeyInputQueue(   53): Device added: id=0x0, name=qwerty2, classes=f
I/KeyInputQueue(   53):   X: min=0 max=479 flat=0 fuzz=0
I/KeyInputQueue(   53):   Y: min=0 max=799 flat=0 fuzz=0
I/KeyInputQueue(   53):   Pressure: unknown values
I/KeyInputQueue(   53):   Size: unknown values
D/qemud   (   35): fdhandler_accept_event: accepting on fd 10
D/qemud   (   35): created client 0xc038 listening on fd 13
D/qemud   (   35): client_fd_receive: attempting registration for service 'sensors'
D/qemud   (   35): client_fd_receive:    -> received channel id 5
D/qemud   (   35): client_registration: registration succeeded for client 5
D/qemud   (   35): fdhandler_event: disconnect on fd 13
D/SensorManager(   53): found sensor: Goldfish 3-axis Accelerometer, handle=0
I/SystemServer(   53): Registering null Bluetooth Service (emulator)
E/System  (   53): Failure starting core service
E/System  (   53): java.lang.SecurityException
E/System  (   53): 	at android.os.BinderProxy.transact(Native Method)
E/System  (   53): 	at android.os.ServiceManagerProxy.addService(ServiceManagerNative.java:146)
E/System  (   53): 	at android.os.ServiceManager.addService(ServiceManager.java:72)
E/System  (   53): 	at com.android.server.ServerThread.run(SystemServer.java:162)
E/AndroidRuntime(   53): Crash logging skipped, no checkin service
I/SystemServer(   53): Starting Status Bar Service.
D/dalvikvm(   53): GC freed 2409 objects / 138952 bytes in 83ms
I/SystemServer(   53): Starting Clipboard Service.
I/SystemServer(   53): Starting Input Method Service.
W/ResourceType(   53): No package identifier when getting value for resource number 0x7f060000
W/ResourceType(   53): No package identifier when getting value for resource number 0x7f060001
I/InputManagerService(   53): Enabled input methods: com.android.inputmethod.pinyin/.PinyinIME:com.android.inputmethod.latin/.LatinIME:jp.co.omronsoft.openwnn/.OpenWnnJAJP:com.example.android.softkeyboard/.SoftKeyboard
I/SystemServer(   53): Starting NetStat Service.
I/SystemServer(   53): Starting Connectivity Service.
I/WifiService(   53): WifiService starting up with Wi-Fi disabled
I/SystemServer(   53): Starting Accessibility Manager.
I/SystemServer(   53): Starting Notification Manager.
I/SystemServer(   53): Starting Mount Service.
I/SystemServer(   53): Starting DeviceStorageMonitor service
I/SystemServer(   53): Starting Location Manager.
D/libhardware_legacy(   53): using QEMU GPS Hardware emulation
I/SystemServer(   53): Starting Search Service.
I/SystemServer(   53): Starting Checkin Service.
W/ActivityManager(   53): Unable to start service Intent { cmp=com.google.android.server.checkin/.CheckinService }: not found
W/SystemServer(   53): Using fallback Checkin Service.
I/SystemServer(   53): Starting Wallpaper Service
D/WallpaperService(   53): WallpaperService startup
I/SystemServer(   53): Starting Audio Service
W/GpsLocationProvider(   53): Could not open GPS configuration file /etc/gps.conf
D/GpsLocationProvider(   53): enable
D/qemud   (   35): fdhandler_accept_event: accepting on fd 10
D/qemud   (   35): created client 0xc038 listening on fd 13
D/qemud   (   35): client_fd_receive: attempting registration for service 'gps'
D/qemud   (   35): client_fd_receive:    -> received channel id 6
D/qemud   (   35): client_registration: registration succeeded for client 6
D/dalvikvm(   53): Trying to load lib /system/lib/libsoundpool.so 0x0
D/dalvikvm(   53): Added shared lib /system/lib/libsoundpool.so 0x0
D/SoundPool(   53): error loading /system/media/audio/ui/Effect_Tick.ogg
W/AudioService(   53): Soundpool could not load file: /system/media/audio/ui/Effect_Tick.ogg
D/SoundPool(   53): error loading /system/media/audio/ui/KeypressStandard.ogg
W/AudioService(   53): Soundpool could not load file: /system/media/audio/ui/KeypressStandard.ogg
D/SoundPool(   53): error loading /system/media/audio/ui/KeypressSpacebar.ogg
W/AudioService(   53): Soundpool could not load file: /system/media/audio/ui/KeypressSpacebar.ogg
D/SoundPool(   53): error loading /system/media/audio/ui/KeypressDelete.ogg
W/AudioService(   53): Soundpool could not load file: /system/media/audio/ui/KeypressDelete.ogg
D/SoundPool(   53): error loading /system/media/audio/ui/KeypressReturn.ogg
W/AudioService(   53): Soundpool could not load file: /system/media/audio/ui/KeypressReturn.ogg
I/SystemServer(   53): Starting HeadsetObserver
W/HeadsetObserver(   53): This kernel does not have wired headset support
I/SystemServer(   53): Starting AppWidget Service
D/GpsLocationProvider(   53): GpsEventThread starting
D/GpsLocationProvider(   53): NetworkThread starting
I/WindowManager(   53): Menu key state: 0 safeMode=false
I/WindowManager(   53): Config changed: { scale=1.0 imsi=0/0 loc=en_US touch=3 keys=2/1/2 nav=3 orien=1 layout=34}
D/PowerManagerService(   53): system ready!
D/qemud   (   35): fdhandler_accept_event: accepting on fd 10
D/qemud   (   35): created client 0xc088 listening on fd 14
D/qemud   (   35): client_fd_receive: attempting registration for service 'sensors'
D/qemud   (   35): client_fd_receive:    -> received channel id 7
D/qemud   (   35): client_registration: registration succeeded for client 7
W/ResourceType(   53): No package identifier when getting value for resource number 0x7f03002f
D/GpsLocationProvider(   53): NetworkThread wait for network
I/ActivityManager(   53): Starting activity: Intent { act=android.intent.action.MAIN cat=[android.intent.category.HOME] flg=0x10000000 cmp=com.android.launcher/.Launcher }
W/ResourceType(   53): No package identifier when getting value for resource number 0x7f030000
W/ResourceType(   53): No package identifier when getting value for resource number 0x7f030003
W/ActivityManager(   53): Unable to start service Intent { act=android.accounts.IAccountsService cmp=com.google.android.googleapps/.GoogleLoginService }: not found
E/LockPatternKeyguardView(   53): Failed to bind to GLS while checking for account
I/jdwp    (   53): received file descriptor 62 from ADB
D/ddm-heap(   53): Got feature list request
D/dalvikvm(   53): GC freed 3261 objects / 147808 bytes in 174ms
D/dalvikvm(   53): GC freed 957 objects / 43048 bytes in 83ms
W/ResourceType(   53): No package identifier when getting value for resource number 0x7f03000e
W/ResourceType(   53): No package identifier when getting value for resource number 0x7f030009
D/ActivityManager(   53): Start running!
I/Zygote  (   53): Process: zygote socket opened
I/ActivityManager(   53): Start proc com.android.phone for added application com.android.phone: pid=101 uid=1001 gids={3002, 3001, 3003}
I/ActivityManager(   53): Start proc android.process.acore for activity com.android.launcher/.Launcher: pid=103 uid=10001 gids={3003, 1015}
I/jdwp    (  101): received file descriptor 10 from ADB
D/ddm-heap(  101): Got feature list request
I/jdwp    (  103): received file descriptor 10 from ADB
D/ddm-heap(  103): Got feature list request
W/ResourceType(   53): No package identifier when getting value for resource number 0x00000000
W/StatusBar(   53): Icon not found in <system>: 0
I/ActivityThread(  101): Publishing provider icc: com.android.phone.IccProvider
I/ActivityThread(  101): Publishing provider mms: com.android.providers.telephony.MmsProvider
I/ActivityThread(  103): Publishing provider user_dictionary: com.android.providers.userdictionary.UserDictionaryProvider
D/StatusBar(   53): updateResources
I/ActivityThread(  101): Publishing provider telephony: com.android.providers.telephony.TelephonyProvider
I/WindowManager(   53): onOrientationChanged, rotation changed to 0
I/ActivityThread(  103): Publishing provider com.android.globalsearch.SuggestionProvider: com.android.globalsearch.SuggestionProvider
I/ActivityThread(  101): Publishing provider sms: com.android.providers.telephony.SmsProvider
I/ActivityThread(  101): Publishing provider mms-sms: com.android.providers.telephony.MmsSmsProvider
I/ARMAssembler(   53): generated scanline__00000077:03545404_00000A04_00000000 [ 29 ipp] (51 ins) at [0x335940:0x335a0c] in 6166089 ns
D/dalvikvm(   53): GC freed 3415 objects / 169696 bytes in 193ms
I/ActivityThread(  103): Publishing provider com.android.globalsearch.stats: com.android.globalsearch.StatsProvider
I/ActivityThread(  103): Publishing provider contacts;call_log: com.android.providers.contacts.ContactsProvider
W/ActivityManager(   53): Unable to start service Intent { act=com.android.ussd.IExtendedNetworkService }: not found
W/ActivityManager(   53): Unable to start service Intent { act=android.accounts.IAccountsService cmp=com.google.android.googleapps/.GoogleLoginService }: not found
W/AccountMonitor(  103): Couldn't connect to Intent { act=android.accounts.IAccountsService cmp=com.google.android.googleapps/.GoogleLoginService } (Missing service?)
I/ActivityThread(  103): Publishing provider applications: com.android.providers.applications.ApplicationsProvider
D/PhoneApp(  101): Resetting audio state/mode: IDLE
D/AlarmManagerService(   53): Kernel timezone updated to 0 minutes west of GMT
I/ActivityThread(  103): Publishing provider com.google.android.providers.enhancedgooglesearch: com.google.android.providers.enhancedgooglesearch.SuggestionProvider
E/ActivityThread(  103): Failed to find provider info for com.google.settings
E/ActivityThread(  103): Failed to find provider info for com.google.settings
I/ActivityThread(  103): Publishing provider com.android.launcher.settings: com.android.launcher.LauncherProvider
D/dalvikvm(  103): GC freed 3761 objects / 275896 bytes in 408ms
D/KeyguardViewMediator(   53): pokeWakelock(5000)
D/AndroidRuntime(  136): 
D/AndroidRuntime(  136): >>>>>>>>>>>>>> AndroidRuntime START <<<<<<<<<<<<<<
D/AndroidRuntime(  136): CheckJNI is ON
E/ApplicationContext(   53): Couldn't create directory for SharedPreferences file shared_prefs/wallpaper-hints.xml
D/dalvikvm(  103): GC freed 1020 objects / 66016 bytes in 244ms
D/AndroidRuntime(  136): --- registering native functions ---
I/jdwp    (  136): received file descriptor 19 from ADB
D/dalvikvm(  103): GC freed 444 objects / 20376 bytes in 218ms
D/ddm-heap(  136): Got feature list request
D/dalvikvm(  103): GC freed 293 objects / 14520 bytes in 175ms
D/dalvikvm(  103): GC freed 154 objects / 7064 bytes in 192ms
D/HomeLoaders(  103): load applications
D/HomeLoaders(  103): loading user items
D/HomeLoaders(  103):   --> starting workspace loader
D/HomeLoaders(  103):   ----> running workspace loader (1)
D/dalvikvm(   53): GREF has increased to 201
D/dalvikvm(  103): GC freed 343 objects / 20768 bytes in 157ms
I/ActivityManager(   53): Start proc com.android.inputmethod.latin for service com.android.inputmethod.latin/.LatinIME: pid=144 uid=10001 gids={3003, 1015}
I/jdwp    (  144): received file descriptor 20 from ADB
I/ActivityManager(   53): Displayed activity com.android.launcher/.Launcher: 9266 ms (total 9266 ms)
I/SurfaceFlinger(   53): Boot is finished (13628 ms)
I/WindowManager(   53): Config changed: { scale=1.0 imsi=0/0 loc=en_US touch=3 keys=2/1/2 nav=3 orien=1 layout=34}
D/ddm-heap(  144): Got feature list request
D/dalvikvm(   53): GC freed 3719 objects / 184184 bytes in 296ms
D/HomeLoaders(  103):   --> done loading workspace
D/HomeLoaders(  103):   ----> worskpace items=5
D/HomeLoaders(  103):   ----> worskpace widgets=0
D/HomeLoaders(  103):   ----> items cloned, ready to refresh UI
D/HomeLoaders(  103):   ----> onDesktopItemsLoaded()
D/Launcher(  103): ------> binding 5 items
D/Launcher(  103): ------> binding 0 widgets
D/Launcher(  103): ------> start binding items
D/dalvikvm(  101): GC freed 2711 objects / 190568 bytes in 280ms
D/HomeLoaders(  103):   ----> loading applications from workspace loader
D/HomeLoaders(  103):   --> starting applications loader unlocked
D/HomeLoaders(  103):   --> starting applications loader
D/HomeLoaders(  103):   ----> running applications loader (1)
D/vold    (   27): Accepted connection from framework
D/vold    (   27): dispatch_cmd(send_ums_status):
D/vold    (   27): dispatch_cmd(mount_volume:/sdcard):
I/vold    (   27): Evaluating dev '/devices/platform/goldfish_mmc.0/mmc_host/mmc0/mmc0:e118/block/mmcblk0' for mountable filesystems for '/sdcard'
D/MountListener(   53): handleEvent volume_unmounted:/sdcard
W/logwrapper(  154): Unable to background process (No such file or directory)
I//system/bin/fsck_msdos(   27): ** /dev/block//vold/179:0
I//system/bin/fsck_msdos(   27): ** Phase 1 - Read and Compare FATs
I//system/bin/fsck_msdos(   27): Attempting to allocate 254 KB for FAT
I//system/bin/fsck_msdos(   27): Attempting to allocate 254 KB for FAT
I//system/bin/fsck_msdos(   27): ** Phase 2 - Check Cluster Chains
I//system/bin/fsck_msdos(   27): ** Phase 3 - Checking Directories
I//system/bin/fsck_msdos(   27): ** Phase 4 - Checking for Lost Files
I//system/bin/fsck_msdos(   27): 2 files, 32243 free (64486 clusters)
I/logwrapper(   27): /system/bin/fsck_msdos terminated by exit(0)
D/vold    (   27): Filesystem check completed OK
I/vold    (   27): Sucessfully mounted vfat filesystem 179:0 on /sdcard (safe-mode on)
I/Resources(  101): Loaded time zone names for en_US in 6259ms.
D/SystemClock(  101): Setting time of day to sec=1319429830
W/SystemClock(  101): Unable to set rtc to 1319429830: Invalid argument
D/HomeLoaders(  103):   ----> cleared application list
D/PackageParser(   53): Scanning package: /data/app/vmdl13511.tmp
D/dalvikvm(   53): GC freed 22057 objects / 1050776 bytes in 149ms
I/PackageManager(   53): /data/app/vmdl13511.tmp changed; unpacking
D/PackageManager(   53): Caching shared lib lib/armeabi/librhodes.so
D/installd(   32): DexInv: --- BEGIN '/data/app/vmdl13511.tmp' ---
D/dalvikvm(  155): DexOpt: load 97ms, verify 517ms, opt 12ms
D/installd(   32): DexInv: --- END '/data/app/vmdl13511.tmp' (success) ---
I/installd(   32): move /data/dalvik-cache/data@app@vmdl13511.tmp@classes.dex -> /data/dalvik-cache/data@app@com.rhomobile.uspersona.apk@classes.dex
D/PackageManager(   53): New package installed in /data/app/com.rhomobile.uspersona.apk
D/AndroidRuntime(  136): Shutting down VM
D/dalvikvm(  136): DestroyJavaVM waiting for non-daemon threads to exit
D/dalvikvm(  136): DestroyJavaVM shutting VM down
D/dalvikvm(  136): HeapWorker thread shutting down
D/dalvikvm(  136): HeapWorker thread has shut down
D/jdwp    (  136): JDWP shutting down net...
D/jdwp    (  136): Got wake-up signal, bailing out of select
I/dalvikvm(  136): Debugger has detached; object registry had 1 entries
D/dalvikvm(  136): VM cleaning up
D/dalvikvm(  136): LinearAlloc 0x0 used 665236 of 4194304 (15%)
D/AndroidRuntime(  162): 
D/AndroidRuntime(  162): >>>>>>>>>>>>>> AndroidRuntime START <<<<<<<<<<<<<<
D/AndroidRuntime(  162): CheckJNI is ON
D/AndroidRuntime(  162): --- registering native functions ---
I/jdwp    (  162): received file descriptor 19 from ADB
D/MountListener(   53): handleEvent ums_disabled
D/MountListener(   53): handleEvent ums_disconnected
D/dalvikvm(   53): GC freed 6991 objects / 334880 bytes in 185ms
D/MountListener(   53): handleEvent volume_checking:/sdcard
D/HomeLoaders(  103): application intent received: android.intent.action.PACKAGE_ADDED, replacing=false
D/HomeLoaders(  103):   --> package:com.rhomobile.uspersona
D/HomeLoaders(  103):   --> add package
D/ddm-heap(  162): Got feature list request
I/ActivityManager(   53): Start proc android.process.media for broadcast com.android.providers.downloads/.DownloadReceiver: pid=166 uid=10005 gids={1006, 1015, 2001, 3003}
I/ActivityManager(   53): processNextBroadcast: waiting for ProcessRecord{4396c8a0 166:android.process.media/10005}
I/ActivityManager(   53): processNextBroadcast: waiting for ProcessRecord{4396c8a0 166:android.process.media/10005}
I/ActivityManager(   53): processNextBroadcast: waiting for ProcessRecord{4396c8a0 166:android.process.media/10005}
W/ResourceType(   53): No package identifier when getting value for resource number 0x7f060000
D/MountListener(   53): handleEvent volume_mounted:/sdcard
W/ResourceType(   53): No package identifier when getting value for resource number 0x7f060001
I/ActivityManager(   53): processNextBroadcast: waiting for ProcessRecord{4396c8a0 166:android.process.media/10005}
D/dalvikvm(  144): Trying to load lib /system/lib/libjni_latinime.so 0x43758040
D/dalvikvm(  144): Added shared lib /system/lib/libjni_latinime.so 0x43758040
I/ActivityManager(   53): processNextBroadcast: waiting for ProcessRecord{4396c8a0 166:android.process.media/10005}
I/jdwp    (  166): received file descriptor 20 from ADB
D/ddm-heap(  166): Got feature list request
I/ActivityManager(   53): processNextBroadcast: waiting for ProcessRecord{4396c8a0 166:android.process.media/10005}
E/ActivityThread(  101): Failed to find provider info for android.server.checkin
W/Checkin (  101): Can't update stat PHONE_GSM_REGISTERED: java.lang.IllegalArgumentException: Unknown URL content://android.server.checkin/stats
I/ActivityThread(  166): Publishing provider downloads: com.android.providers.downloads.DownloadProvider
I/ActivityThread(  166): Publishing provider drm: com.android.providers.drm.DrmProvider
D/dalvikvm(   53): GC freed 9464 objects / 530368 bytes in 272ms
I/ActivityManager(   53): Starting activity: Intent { act=android.intent.action.MAIN flg=0x10000000 cmp=com.rhomobile.uspersona/com.rhomobile.rhodes.RhodesActivity }
I/ActivityThread(  166): Publishing provider media: com.android.providers.media.MediaProvider
D/AndroidRuntime(  162): Shutting down VM
D/dalvikvm(  162): DestroyJavaVM waiting for non-daemon threads to exit
D/dalvikvm(  162): DestroyJavaVM shutting VM down
D/dalvikvm(  162): HeapWorker thread shutting down
D/dalvikvm(  162): HeapWorker thread has shut down
D/jdwp    (  162): JDWP shutting down net...
D/jdwp    (  162): Got wake-up signal, bailing out of select
I/dalvikvm(  162): Debugger has detached; object registry had 1 entries
D/dalvikvm(  162): VM cleaning up
D/dalvikvm(  162): LinearAlloc 0x0 used 676828 of 4194304 (16%)
D/GpsLocationProvider(   53): state: DISCONNECTED apnName: null reason: radioTurnedOff
D/HomeLoaders(  103): aborting loaders
D/GpsLocationProvider(   53): state: DISCONNECTED apnName: null reason: gprsDetached
D/GpsLocationProvider(   53): state: DISCONNECTED apnName: null reason: null
D/StatusBar(   53): updateResources
V/MediaProvider(  166): Attached volume: internal
V/MediaProvider(  166): /sdcard volume ID: 502414356
W/ActivityManager(   53): Activity pause timeout for HistoryRecord{438a87f0 com.android.launcher/.Launcher}
I/ActivityManager(   53): Start proc com.rhomobile.uspersona for activity com.rhomobile.uspersona/com.rhomobile.rhodes.RhodesActivity: pid=186 uid=10028 gids={3003}
I/jdwp    (  186): received file descriptor 20 from ADB
D/TelephonyProvider(  101): Setting numeric '310260' to be the current operator
E/ActivityThread(  101): Failed to find provider info for android.server.checkin
W/Checkin (  101): Can't update stat PHONE_GPRS_ATTEMPTED: java.lang.IllegalArgumentException: Unknown URL content://android.server.checkin/stats
D/GpsLocationProvider(   53): state: CONNECTING apnName: epc.tmobile.com reason: simLoaded
E/ActivityThread(  101): Failed to find provider info for android.server.checkin
W/Checkin (  101): Can't update stat PHONE_GPRS_CONNECTED: java.lang.IllegalArgumentException: Unknown URL content://android.server.checkin/stats
D/MobileDataStateTracker(   53): CONNECTED event did not supply interface name.
D/MobileDataStateTracker(   53): DNS server addresses are not known.
D/GpsLocationProvider(   53): state: CONNECTED apnName: epc.tmobile.com reason: simLoaded
D/ddm-heap(  186): Got feature list request
D/GpsLocationProvider(   53): updateNetworkState available
D/GpsLocationProvider(   53): NetworkThread wait for 9223372036854775807ms
V/MediaProvider(  166): Attached volume: external
D/dalvikvm(  103): GC freed 4509 objects / 252896 bytes in 718ms
D/MediaPlayer(   53): Couldn't open file on client side, trying server side
D/ActivityManager(   53): checkComponentPermission() adjusting {pid,uid} to {31,1013}
I/ActivityManager(   53): Start proc com.android.alarmclock for broadcast com.android.alarmclock/.AlarmInitReceiver: pid=197 uid=10017 gids={}
D/ActivityManager(   53): checkComponentPermission() adjusting {pid,uid} to {31,1013}
D/dalvikvm(  186): Trying to load lib /data/data/com.rhomobile.uspersona/lib/librhodes.so 0x437583c0
D/ActivityManager(   53): checkComponentPermission() adjusting {pid,uid} to {31,1013}
D/MediaScannerService(  166): start scanning volume internal
I/jdwp    (  197): received file descriptor 10 from ADB
D/ActivityManager(   53): checkComponentPermission() adjusting {pid,uid} to {31,1013}
D/dalvikvm(  186): Added shared lib /data/data/com.rhomobile.uspersona/lib/librhodes.so 0x437583c0
D/ddm-heap(  197): Got feature list request
D/ActivityManager(   53): checkComponentPermission() adjusting {pid,uid} to {31,1013}
D/ActivityManager(   53): checkComponentPermission() adjusting {pid,uid} to {31,1013}
E/MediaPlayerService(   31): Couldn't open fd for content://settings/system/notification_sound
E/MediaPlayer(   53): Unable to to create media player
W/NotificationService(   53): error loading sound for content://settings/system/notification_sound
W/NotificationService(   53): java.io.IOException: setDataSource failed.: status=0x80000000
W/NotificationService(   53): 	at android.media.MediaPlayer.setDataSource(Native Method)
W/NotificationService(   53): 	at android.media.MediaPlayer.setDataSource(MediaPlayer.java:621)
W/NotificationService(   53): 	at android.media.AsyncPlayer$Thread.run(AsyncPlayer.java:76)
I/ActivityThread(  186): Publishing provider com.rhomobile.uspersona: com.rhomobile.rhodes.LocalFileProvider
W/NotificationService(   53): STOP command without a player
I/ActivityThread(  197): Publishing provider com.android.alarmclock: com.android.alarmclock.AlarmProvider
W/ServiceManager(   31): Permission failure: android.permission.CAMERA from uid=10028 pid=186
E/CameraService(   31): Permission Denial: can't use the camera pid=186, uid=10028
D/dalvikvm(  186): +++ not scanning '/system/lib/libwebcore.so' for 'E' (wrong CL)
D/dalvikvm(  186): +++ not scanning '/system/lib/libexif.so' for 'E' (wrong CL)
D/dalvikvm(  186): +++ not scanning '/system/lib/libwebcore.so' for 'isTitleEnabled' (wrong CL)
D/dalvikvm(  186): +++ not scanning '/system/lib/libexif.so' for 'isTitleEnabled' (wrong CL)
D/HomeLoaders(  103): load applications
D/HomeLoaders(  103): loading user items
D/HomeLoaders(  103):   --> starting workspace loader
D/HomeLoaders(  103):   ----> running workspace loader (2)
D/dalvikvm(   53): GREF has increased to 301
D/Camera-JNI(  186): release camera
D/dalvikvm(  186): GC freed 1672 objects / 137080 bytes in 299ms
I/ActivityManager(   53): Start proc com.android.mms for broadcast com.android.mms/.transaction.MmsSystemEventReceiver: pid=207 uid=10021 gids={3003, 1015}
D/dalvikvm(  103): GC freed 1291 objects / 71568 bytes in 291ms
I/jdwp    (  207): received file descriptor 10 from ADB
D/ddm-heap(  207): Got feature list request
I/RhodesActivity(  186): >>>>>>>>>>>>>>> onCreate()
D/dalvikvm(  186): +++ not scanning '/system/lib/libwebcore.so' for 'T' (wrong CL)
D/dalvikvm(  186): +++ not scanning '/system/lib/libexif.so' for 'T' (wrong CL)
D/dalvikvm(  186): +++ not scanning '/system/lib/libwebcore.so' for 'I' (wrong CL)
D/dalvikvm(  186): +++ not scanning '/system/lib/libexif.so' for 'I' (wrong CL)
D/RhodesActivity(  186): RhodesActivity.onStart()
D/RhodesActivity(  186): RhodesActivity.onResume()
D/dalvikvm(  186): +++ not scanning '/system/lib/libwebcore.so' for 'initClassLoader' (wrong CL)
D/dalvikvm(  186): +++ not scanning '/system/lib/libexif.so' for 'initClassLoader' (wrong CL)
D/RhodesService(  186): Root path: null
D/RhoFileApi(  186): App root path: /data/data/com.rhomobile.uspersona/rhodata/
D/RhoFileApi(  186): Sqlite journals path: /data/data/com.rhomobile.uspersona/sqlite_stmt_journals/
D/dalvikvm(  186): +++ not scanning '/system/lib/libwebcore.so' for 'nativeInitPath' (wrong CL)
D/HomeLoaders(  103):   --> done loading workspace
D/HomeLoaders(  103):   ----> worskpace items=5
D/HomeLoaders(  103):   ----> worskpace widgets=0
D/HomeLoaders(  103):   ----> items cloned, ready to refresh UI
D/HomeLoaders(  103):   ----> onDesktopItemsLoaded()
D/Launcher(  103): ------> binding 5 items
D/Launcher(  103): ------> binding 0 widgets
D/Launcher(  103): ------> start binding items
D/HomeLoaders(  103):   ----> loading applications from workspace loader
D/dalvikvm(  186): +++ not scanning '/system/lib/libexif.so' for 'nativeInitPath' (wrong CL)
D/HomeLoaders(  103):   --> starting applications loader unlocked
D/dalvikvm(  186): +++ not scanning '/system/lib/libwebcore.so' for 'nativeInit' (wrong CL)
D/HomeLoaders(  103):   --> starting applications loader
D/dalvikvm(  186): +++ not scanning '/system/lib/libexif.so' for 'nativeInit' (wrong CL)
I/global  (  186): Default buffer size used in BufferedReader constructor. It would be better to be explicit if an 8k-char buffer is required.
D/HomeLoaders(  103):   ----> running applications loader (2)
D/dalvikvm(  186): +++ not scanning '/system/lib/libwebcore.so' for 'updateStatTable' (wrong CL)
D/dalvikvm(  186): +++ not scanning '/system/lib/libexif.so' for 'updateStatTable' (wrong CL)
D/dalvikvm(   53): GC freed 8186 objects / 673960 bytes in 265ms
I/RhodesService(  186): Application hash was changed
D/MediaScanner(  166): opendir /system/media/ failed, errno: 2
W/ActivityManager(   53): No content provider found for: 
D/RhoFileApi(  186): App root path: /data/data/com.rhomobile.uspersona/rhodata/
D/RhoFileApi(  186): Sqlite journals path: /data/data/com.rhomobile.uspersona/sqlite_stmt_journals/
I/global  (  186): Default buffer size used in BufferedReader constructor. It would be better to be explicit if an 8k-char buffer is required.
I/ActivityManager(   53): Stopping service: com.android.providers.downloads/.DownloadService
D/MediaScanner(  166):  prescan time: 1318ms
D/MediaScanner(  166):     scan time: 115ms
D/MediaScanner(  166): postscan time: 0ms
D/MediaScanner(  166):    total time: 1433ms
D/MediaScannerService(  166): done scanning volume internal
I/ActivityManager(   53): Stopping service: com.android.providers.media/.MediaScannerService
D/RhoFileApi(  186): Copy hash to FS
D/RhoFileApi(  186): File hash copied
D/dalvikvm(  186): +++ not scanning '/system/lib/libwebcore.so' for 'createRhodesApp' (wrong CL)
D/dalvikvm(  186): +++ not scanning '/system/lib/libexif.so' for 'createRhodesApp' (wrong CL)
I/APP     (  186): I 10/24/2011 04:17:23:305 000000d9         AppCallbacks| Starting main routine...
I/APP     (  186): I 10/24/2011 04:17:23:311 000000d9         AppCallbacks| ThreadQueue blocked for 4294967295 seconds...
I/APP     (  186): I 10/24/2011 04:17:23:311 000000ba            RhodesApp| Trying to get free listening port.
I/APP     (  186): I 10/24/2011 04:17:23:318 000000ba            RhodesApp| Trying to bind of 0 port...
I/APP     (  186): I 10/24/2011 04:17:23:319 000000ba            RhodesApp| Got port to bind on: 39017
I/APP     (  186): I 10/24/2011 04:17:23:321 000000ba            RhodesApp| Free listening port: 39017
D/dalvikvm(  186): +++ not scanning '/system/lib/libwebcore.so' for 'nativeStart' (wrong CL)
D/dalvikvm(  186): +++ not scanning '/system/lib/libexif.so' for 'nativeStart' (wrong CL)
I/ActivityManager(   53): Start proc com.svox.pico for broadcast com.svox.pico/.VoiceDataInstallerReceiver: pid=219 uid=10003 gids={}
D/dalvikvm(  186): +++ not scanning '/system/lib/libwebcore.so' for 'isExist' (wrong CL)
D/dalvikvm(  186): +++ not scanning '/system/lib/libexif.so' for 'isExist' (wrong CL)
I/APP     (  186): I 10/24/2011 04:17:23:569 000000ba               Rhodes| Loading...
I/jdwp    (  219): received file descriptor 10 from ADB
D/ddm-heap(  219): Got feature list request
D/MediaScannerService(  166): start scanning volume external
I/ActivityManager(   53): Stopping service: com.android.mms/.transaction.TransactionService
D/dalvikvm(  186): GC freed 5239 objects / 374800 bytes in 199ms
I/ActivityManager(   53): Stopping service: com.android.mms/.transaction.SmsReceiverService
D/dalvikvm(  186): +++ not scanning '/system/lib/libwebcore.so' for 'getInt' (wrong CL)
D/dalvikvm(  186): +++ not scanning '/system/lib/libexif.so' for 'getInt' (wrong CL)
D/dalvikvm(  186): +++ not scanning '/system/lib/libwebcore.so' for 'startRhodesApp' (wrong CL)
D/dalvikvm(  186): +++ not scanning '/system/lib/libexif.so' for 'startRhodesApp' (wrong CL)
I/APP     (  186): I 10/24/2011 04:17:24:918 000000ec            RhodesApp| Starting RhodesApp main routine...
D/dalvikvm(  186): +++ not scanning '/system/lib/libwebcore.so' for 'callActivationCallback' (wrong CL)
D/dalvikvm(  186): +++ not scanning '/system/lib/libexif.so' for 'callActivationCallback' (wrong CL)
I/APP     (  186): I 10/24/2011 04:17:24:932 000000ba            RhodesApp| callAppActiveCallback
I/APP     (  186): I 10/24/2011 04:17:24:933 000000ba         AppCallbacks| addCommand: APP-ACTIVATED
I/APP     (  186): I 10/24/2011 04:17:24:935 000000d9         AppCallbacks| Received command APP-ACTIVATED which is greater than expected (LOCAL-SERVER-STARTED) - postpone it
I/APP     (  186): I 10/24/2011 04:17:24:936 000000d9         AppCallbacks| ThreadQueue blocked for 4294967295 seconds...
I/APP     (  186): I 10/24/2011 04:17:24:937 000000ba         AppActivated| Cannot commit now, application will be activated when started.
I/APP     (  186): I 10/24/2011 04:17:24:938 000000ba            Undefined| Handlers have completed.
I/APP     (  186): I 10/24/2011 04:17:24:940 000000ba    RhodesApplication| New AppState: Undefined
D/dalvikvm(  186): +++ not scanning '/system/lib/libwebcore.so' for 'D' (wrong CL)
D/dalvikvm(  186): +++ not scanning '/system/lib/libexif.so' for 'D' (wrong CL)
I/APP     (  186): I 10/24/2011 04:17:24:981 000000ba        RhodesService| handleCommand: startId=1, source=com.rhomobile.rhodes.BaseActivity
I/APP     (  186): I 10/24/2011 04:17:24:982 000000ba        RhodesService| New activity was created
D/dalvikvm(  186): +++ not scanning '/system/lib/libwebcore.so' for 'callUiCreatedCallback' (wrong CL)
D/dalvikvm(  186): +++ not scanning '/system/lib/libexif.so' for 'callUiCreatedCallback' (wrong CL)
I/APP     (  186): I 10/24/2011 04:17:24:989 000000ba         AppCallbacks| addCommand: UI-CREATED
I/APP     (  186): I 10/24/2011 04:17:24:990 000000d9         AppCallbacks| Received command UI-CREATED which is greater than expected (LOCAL-SERVER-STARTED) - postpone it
I/APP     (  186): I 10/24/2011 04:17:24:990 000000d9         AppCallbacks| ThreadQueue blocked for 4294967295 seconds...
I/APP     (  186): I 10/24/2011 04:17:25:064 000000ba       RhodesActivity| onServiceConnected: {com.rhomobile.uspersona/com.rhomobile.rhodes.RhodesService}
D/dalvikvm(  186): +++ not scanning '/system/lib/libwebcore.so' for 'canStartApp' (wrong CL)
D/dalvikvm(  186): +++ not scanning '/system/lib/libexif.so' for 'canStartApp' (wrong CL)
I/APP     (  186): I 10/24/2011 04:17:25:083 000000ba            RhodesApp| New start params: 
D/dalvikvm(  186): +++ not scanning '/system/lib/libwebcore.so' for 'getBool' (wrong CL)
D/dalvikvm(  186): +++ not scanning '/system/lib/libexif.so' for 'getBool' (wrong CL)
I/ActivityManager(   53): Displayed activity com.rhomobile.uspersona/com.rhomobile.rhodes.RhodesActivity: 5549 ms (total 5549 ms)
V/MediaScanner(  166): pruneDeadThumbnailFiles... android.database.sqlite.SQLiteCursor@437aa758
I/ActivityManager(   53): Stopping service: com.android.providers.downloads/.DownloadService
I/APP     (  186): I 10/24/2011 04:17:25:507 000000ec              RhoRuby| Init_RhoBlobs: /data/data/com.rhomobile.uspersona/rhodata/db/db-files
